     Number of soundings =    1
                    ALL AREAS IN UNITS OF J/kg

 Origin    Rev.    P.A.    Rev.    P.A.    Rev.    P.A.    Rev.    P.A.
 p (mb)     PA      PA      NA      NA    CAPE    CAPE    DCAPE STDCAPE    STDCAPE
 ------    ----    ----    ----    ----    ----    ----   -----   -------  -------
 1009.0   608.2  1667.5   206.1   187.9   402.0  1479.7     0.0     0.0     0.0
  995.0   458.6  1423.4   208.6   195.7   249.9  1227.7     3.2     0.0     0.0
  990.0   370.8  1298.3   214.9   202.3   155.9  1096.1     1.1     0.0     0.0
  985.0   287.1  1175.6   221.4   208.7    65.7   967.0     1.0     0.0     0.0
  980.0   213.1  1054.8   231.5   215.3   -18.4   839.6     1.0     0.0     0.0
  975.0   148.6   939.5   236.6   221.7   -88.0   717.8     0.9     0.0     0.0
  970.0   107.1   837.8   259.9   227.9  -152.8   609.9     0.8     0.0     0.0
  965.0   513.6  1442.5   196.9   189.2   316.7  1253.3     1.0     0.0     0.0
  960.0  1071.2  2111.6   159.2   154.0   912.0  1957.6     1.2     0.0     0.0
  955.0  1696.7  2829.5   125.1   121.8  1571.5  2707.7     1.4     0.0     0.0
  950.0  2373.5  3586.9    94.1    92.5  2279.4  3494.4     1.7     0.0     0.0
  945.0  3081.5  4347.0    65.9    65.4  3015.6  4281.6     1.9     0.0     0.0
  940.0  3838.2  5165.5    39.9    39.8  3798.3  5125.7     2.2     0.0     0.0
  935.0  4628.2  6032.0    17.8    17.8  4610.4  6014.1     2.5     0.0     0.0
  930.0  5435.4  6903.9     4.5     4.5  5430.9  6899.4     2.7     0.0     0.0
  925.0  6247.2  7781.5     0.0     0.0  6247.2  7781.5     3.0     0.0     0.0
  920.0  5630.3  7081.7     0.0     0.0  5630.3  7081.7     3.0     0.0     0.0
  915.0  5023.8  6376.9     0.0     0.0  5023.8  6376.9     3.0     0.0     0.0
  910.0  4413.3  5697.3     0.0     0.0  4413.3  5697.3     2.9     0.0     0.0
  905.0  3896.3  5121.5     0.0     0.0  3896.3  5121.5     2.8     0.0     0.0
