   0.000    0.000    0.000    0.000    0.000    0.000    0.000    0.000    0.000    0.000    0.000    0.000    0.000    0.000    0.000    0.000    0.000    0.000    0.000    0.000
  -0.821    0.000    0.000    0.000    0.000    0.000    0.000    0.000    0.000    0.000    0.000    0.000    0.000    0.000    0.000    0.000    0.000    0.000    0.000    0.000
  -0.779    0.040    0.000    0.000    0.000    0.000    0.000    0.000    0.000    0.000    0.000    0.000    0.000    0.000    0.000    0.000    0.000    0.000    0.000    0.000
  -0.616    0.079    0.039    0.000    0.000    0.000    0.000    0.000    0.000    0.000    0.000    0.000    0.000    0.000    0.000    0.000    0.000    0.000    0.000    0.000
  -0.376    0.116    0.076    0.037    0.000    0.000    0.000    0.000    0.000    0.000    0.000    0.000    0.000    0.000    0.000    0.000    0.000    0.000    0.000    0.000
  -0.135    0.154    0.114    0.075    0.038    0.000    0.000    0.000    0.000    0.000    0.000    0.000    0.000    0.000    0.000    0.000    0.000    0.000    0.000    0.000
   0.133    0.217    0.177    0.139    0.102    0.064    0.000    0.000    0.000    0.000    0.000    0.000    0.000    0.000    0.000    0.000    0.000    0.000    0.000    0.000
  -1.074   -1.193   -1.233   -1.272   -1.309   -1.347   -1.410    0.000    0.000    0.000    0.000    0.000    0.000    0.000    0.000    0.000    0.000    0.000    0.000    0.000
  -2.282   -2.478   -2.642   -2.685   -2.721   -2.759   -2.823   -1.415    0.000    0.000    0.000    0.000    0.000    0.000    0.000    0.000    0.000    0.000    0.000    0.000
  -3.491   -3.688   -3.853   -4.019   -4.136   -4.174   -4.238   -2.831   -1.419    0.000    0.000    0.000    0.000    0.000    0.000    0.000    0.000    0.000    0.000    0.000
  -4.703   -4.900   -5.066   -5.232   -5.399   -5.566   -5.654   -4.250   -2.840   -1.423    0.000    0.000    0.000    0.000    0.000    0.000    0.000    0.000    0.000    0.000
  -5.916   -6.114   -6.280   -6.446   -6.614   -6.781   -6.937   -5.671   -4.263   -2.848   -1.427    0.000    0.000    0.000    0.000    0.000    0.000    0.000    0.000    0.000
  -7.157   -7.356   -7.522   -7.689   -7.857   -8.025   -8.181   -7.121   -5.715   -4.302   -2.883   -1.458    0.000    0.000    0.000    0.000    0.000    0.000    0.000    0.000
  -8.426   -8.626   -8.792   -8.960   -9.128   -9.296   -9.452   -8.439   -7.195   -5.785   -4.368   -2.945   -1.489    0.000    0.000    0.000    0.000    0.000    0.000    0.000
  -9.697   -9.898  -10.064  -10.232  -10.401  -10.569  -10.726   -9.711   -8.677   -7.269   -5.855   -4.434   -2.980   -1.493    0.000    0.000    0.000    0.000    0.000    0.000
 -10.970  -11.171  -11.338  -11.506  -11.675  -11.844  -12.001  -10.985   -9.990   -8.756   -7.344   -5.925   -4.474   -2.989   -1.498    0.000    0.000    0.000    0.000    0.000
 -10.219  -10.421  -10.589  -10.757  -10.926  -11.095  -11.252  -10.235   -9.238   -8.220   -6.809   -5.393   -3.944   -2.462   -0.973    0.523    0.000    0.000    0.000    0.000
  -9.470   -9.673   -9.841  -10.009  -10.179  -10.348  -10.506   -9.487   -8.489   -7.510   -6.277   -4.863   -3.416   -1.936   -0.450    1.044    0.521    0.000    0.000    0.000
  -8.721   -8.925   -9.093   -9.262   -9.432   -9.602   -9.760   -8.739   -7.740   -6.760   -5.746   -4.334   -2.890   -1.412    0.072    1.563    1.042    0.521    0.000    0.000
  -7.963   -8.167   -8.336   -8.505   -8.675   -8.845   -9.004   -7.982   -6.981   -5.999   -5.036   -3.796   -2.353   -0.878    0.603    2.092    1.572    1.052    0.532    0.000
  -7.206   -7.411   -7.580   -7.750   -7.920   -8.091   -8.250   -7.226   -6.224   -5.241   -4.277   -3.260   -1.820   -0.347    1.132    2.619    2.099    1.580    1.061    0.530
  -6.451   -6.657   -6.827   -6.997   -7.168   -7.339   -7.497   -6.472   -5.468   -4.484   -3.519   -2.571   -1.289    0.182    1.659    3.143    2.624    2.106    1.587    1.057
  -5.698   -5.906   -6.075   -6.245   -6.417   -6.588   -6.747   -5.721   -4.715   -3.730   -2.763   -1.814   -0.760    0.708    2.183    3.665    3.147    2.629    2.111    1.582
  -4.948   -5.156   -5.325   -5.496   -5.668   -5.840   -5.999   -4.971   -3.964   -2.977   -2.009   -1.059   -0.075    1.232    2.705    4.184    3.667    3.150    2.633    2.105
  -4.199   -4.408   -4.578   -4.749   -4.921   -5.093   -5.253   -4.223   -3.215   -2.226   -1.257   -0.306    0.680    1.754    3.224    4.701    4.184    3.668    3.152    2.625
  -3.452   -3.662   -3.833   -4.004   -4.177   -4.349   -4.509   -3.478   -2.467   -1.478   -0.507    0.446    1.432    2.450    3.740    5.215    4.699    4.184    3.669    3.142
  -2.707   -2.918   -3.089   -3.261   -3.434   -3.607   -3.768   -2.734   -1.722   -0.731    0.241    1.195    2.183    3.202    4.254    5.726    5.211    4.697    4.183    3.657
  -1.965   -2.176   -2.348   -2.520   -2.694   -2.867   -3.028   -1.993   -0.979    0.014    0.987    1.942    2.931    3.951    4.952    6.235    5.721    5.208    4.694    4.170
  -1.224   -1.437   -1.609   -1.781   -1.955   -2.129   -2.290   -1.253   -0.238    0.756    1.731    2.687    3.678    4.699    5.701    6.683    6.228    5.716    5.203    4.679
  -0.486   -0.699   -0.872   -1.045   -1.219   -1.393   -1.555   -0.516    0.501    1.497    2.473    3.431    4.422    5.445    6.448    7.431    6.727    6.221    5.709    5.186
   0.250    0.036   -0.137   -0.310   -0.485   -0.659   -0.822    0.219    1.238    2.235    3.213    4.172    5.165    6.189    7.193    8.177    7.472    6.752    6.213    5.691
   0.361    0.146   -0.027   -0.201   -0.376   -0.551   -0.714    0.329    1.349    2.348    3.327    4.288    5.282    6.307    7.312    8.298    7.592    6.871    6.146    5.569
   0.470    0.254    0.080   -0.094   -0.269   -0.445   -0.608    0.437    1.459    2.459    3.440    4.402    5.397    6.424    7.431    8.418    7.710    6.988    6.262    5.643
   0.578    0.361    0.187    0.012   -0.164   -0.340   -0.503    0.543    1.567    2.569    3.552    4.515    5.512    6.540    7.547    8.535    7.827    7.104    6.377    5.756
   0.684    0.466    0.291    0.116   -0.060   -0.237   -0.400    0.648    1.673    2.678    3.661    4.626    5.624    6.654    7.663    8.652    7.943    7.218    6.490    5.868
   0.789    0.569    0.394    0.218    0.042   -0.135   -0.299    0.751    1.778    2.784    3.770    4.736    5.736    6.767    7.777    8.767    8.057    7.331    6.602    5.979
   0.891    0.671    0.495    0.319    0.142   -0.035   -0.200    0.852    1.882    2.889    3.876    4.844    5.845    6.878    7.889    8.881    8.169    7.442    6.712    6.088
   0.992    0.771    0.595    0.418    0.240    0.063   -0.102    0.952    1.984    2.993    3.981    4.951    5.953    6.987    8.000    8.993    8.280    7.552    6.820    6.195
   1.092    0.869    0.693    0.516    0.337    0.159   -0.006    1.050    2.083    3.095    4.085    5.056    6.060    7.095    8.109    9.103    8.390    7.660    6.927    6.301
   1.189    0.965    0.789    0.611    0.432    0.254    0.088    1.147    2.182    3.195    4.187    5.159    6.165    7.202    8.217    9.212    8.498    7.767    7.033    6.406
   1.272    1.047    0.870    0.692    0.512    0.333    0.167    1.228    2.265    3.280    4.274    5.247    6.255    7.293    8.310    9.307    8.591    7.859    7.123    6.495
   1.333    1.107    0.929    0.750    0.571    0.391    0.224    1.287    2.327    3.344    4.339    5.314    6.323    7.363    8.382    9.380    8.662    7.929    7.192    6.563
   1.389    1.162    0.984    0.804    0.624    0.444    0.277    1.342    2.384    3.402    4.400    5.377    6.387    7.429    8.449    9.448    8.729    7.995    7.257    6.626
   1.430    1.201    1.023    0.843    0.663    0.482    0.314    1.382    2.425    3.446    4.445    5.424    6.436    7.479    8.501    9.501    8.782    8.046    7.306    6.674
   1.469    1.239    1.060    0.880    0.699    0.518    0.349    1.419    2.465    3.488    4.489    5.469    6.483    7.528    8.551    9.553    8.832    8.095    7.354    6.721
   1.506    1.275    1.096    0.915    0.733    0.551    0.383    1.455    2.503    3.528    4.531    5.513    6.528    7.575    8.599    9.603    8.881    8.142    7.399    6.765
   1.541    1.309    1.129    0.948    0.765    0.583    0.414    1.489    2.539    3.566    4.570    5.554    6.572    7.620    8.646    9.651    8.927    8.187    7.443    6.808
   1.574    1.341    1.160    0.978    0.795    0.612    0.443    1.520    2.572    3.601    4.608    5.594    6.613    7.663    8.691    9.697    8.972    8.231    7.485    6.848
   1.613    1.379    1.198    1.015    0.832    0.648    0.478    1.558    2.613    3.644    4.653    5.640    6.661    7.713    8.742    9.750    9.024    8.281    7.534    6.896
   1.658    1.422    1.240    1.057    0.873    0.689    0.518    1.601    2.658    3.691    4.702    5.692    6.715    7.768    8.799    9.808    9.081    8.336    7.588    6.948
   1.700    1.463    1.280    1.097    0.912    0.728    0.556    1.641    2.701    3.737    4.749    5.741    6.766    7.821    8.853    9.864    9.135    8.390    7.640    6.999
   1.740    1.501    1.318    1.134    0.949    0.764    0.592    1.680    2.742    3.780    4.795    5.788    6.815    7.872    8.906    9.918    9.188    8.441    7.689    7.047
   1.777    1.538    1.354    1.169    0.984    0.798    0.625    1.716    2.780    3.821    4.838    5.833    6.862    7.921    8.957    9.971    9.239    8.490    7.737    7.093
   1.813    1.572    1.388    1.202    1.016    0.829    0.656    1.750    2.817    3.859    4.879    5.876    6.907    7.968    9.005   10.021    9.288    8.537    7.783    7.137
   1.846    1.603    1.419    1.233    1.046    0.859    0.685    1.781    2.851    3.896    4.917    5.917    6.950    8.013    9.052   10.069    9.335    8.583    7.826    7.179
   1.877    1.633    1.447    1.261    1.073    0.886    0.711    1.810    2.883    3.930    4.954    5.955    6.990    8.055    9.097   10.116    9.380    8.626    7.867    7.219
   1.905    1.660    1.474    1.287    1.098    0.910    0.735    1.837    2.912    3.962    4.988    5.992    7.029    8.096    9.139   10.160    9.422    8.667    7.907    7.257
   1.931    1.684    1.498    1.310    1.121    0.932    0.756    1.861    2.939    3.992    5.020    6.026    7.065    8.134    9.179   10.202    9.463    8.706    7.944    7.293
   1.955    1.706    1.519    1.331    1.141    0.951    0.775    1.883    2.964    4.019    5.050    6.058    7.099    8.171    9.218   10.242    9.501    8.742    7.979    7.326
   1.976    1.726    1.538    1.349    1.158    0.968    0.791    1.902    2.986    4.043    5.077    6.087    7.131    8.204    9.254   10.280    9.537    8.777    8.011    7.357
   1.994    1.743    1.554    1.364    1.173    0.982    0.805    1.919    3.005    4.066    5.102    6.114    7.160    8.236    9.287   10.315    9.571    8.809    8.041    7.385
   2.034    1.781    1.592    1.401    1.209    1.018    0.840    1.957    3.046    4.110    5.148    6.163    7.211    8.289    9.343   10.373    9.627    8.862    8.093    7.435
   2.071    1.817    1.627    1.435    1.243    1.050    0.872    1.992    3.085    4.151    5.192    6.209    7.260    8.340    9.396   10.428    9.680    8.914    8.143    7.483
   2.106    1.850    1.659    1.467    1.274    1.080    0.901    2.025    3.121    4.189    5.233    6.253    7.306    8.389    9.447   10.480    9.731    8.963    8.190    7.529
   2.138    1.880    1.688    1.496    1.302    1.108    0.928    2.055    3.154    4.225    5.272    6.294    7.350    8.435    9.495   10.531    9.780    9.010    8.234    7.571
   2.167    1.907    1.715    1.522    1.327    1.132    0.951    2.082    3.184    4.259    5.308    6.333    7.391    8.479    9.541   10.579    9.826    9.054    8.277    7.612
   2.193    1.932    1.739    1.545    1.349    1.153    0.972    2.106    3.212    4.289    5.341    6.369    7.430    8.520    9.584   10.625    9.870    9.096    8.316    7.649
   2.216    1.954    1.760    1.565    1.368    1.172    0.990    2.128    3.236    4.317    5.372    6.403    7.466    8.559    9.625   10.668    9.911    9.135    8.353    7.685
   2.237    1.972    1.778    1.582    1.385    1.187    1.005    2.146    3.258    4.342    5.400    6.433    7.499    8.595    9.664   10.708    9.949    9.171    8.387    7.717
   2.254    1.988    1.793    1.596    1.398    1.200    1.016    2.162    3.277    4.364    5.425    6.461    7.530    8.628    9.700   10.746    9.986    9.205    8.419    7.747
   2.269    2.001    1.804    1.607    1.408    1.209    1.025    2.174    3.293    4.384    5.448    6.486    7.558    8.659    9.733   10.782   10.019    9.237    8.448    7.774
   2.280    2.010    1.813    1.615    1.415    1.215    1.030    2.183    3.306    4.400    5.467    6.509    7.583    8.687    9.763   10.815   10.050    9.265    8.474    7.798
   2.288    2.016    1.819    1.619    1.419    1.218    1.032    2.189    3.316    4.413    5.483    6.528    7.605    8.712    9.791   10.845   10.078    9.291    8.498    7.819
   2.293    2.019    1.821    1.621    1.419    1.218    1.031    2.192    3.322    4.423    5.497    6.544    7.625    8.734    9.816   10.872   10.103    9.314    8.518    7.838
   2.295    2.019    1.820    1.619    1.416    1.214    1.026    2.191    3.325    4.430    5.507    6.558    7.641    8.754    9.838   10.897   10.126    9.334    8.536    7.853
   2.293    2.016    1.815    1.613    1.410    1.206    1.018    2.188    3.326    4.434    5.514    6.568    7.654    8.770    9.858   10.919   10.145    9.351    8.550    7.865
   2.288    2.009    1.807    1.604    1.400    1.196    1.006    2.180    3.322    4.434    5.518    6.575    7.665    8.783    9.874   10.938   10.162    9.365    8.562    7.875
   2.636    2.354    2.152    1.948    1.743    1.537    1.347    2.526    3.672    4.787    5.875    6.935    8.028    9.150   10.243   11.310   10.532    9.733    8.927    8.237
   3.053    2.769    2.566    2.361    2.155    1.948    1.757    2.940    4.090    5.210    6.301    7.365    8.461    9.586   10.683   11.752   10.971   10.170    9.361    8.669
   3.362    3.076    2.871    2.666    2.458    2.251    2.059    3.246    4.401    5.525    6.619    7.687    8.786    9.915   11.014   12.087   11.303   10.499    9.688    8.993
   3.296    3.008    2.803    2.596    2.387    2.179    1.986    3.178    4.337    5.465    6.564    7.635    8.738    9.870   10.972   12.047   11.261   10.454    9.640    8.943
   3.227    2.936    2.730    2.522    2.313    2.103    1.910    3.106    4.270    5.402    6.504    7.579    8.686    9.821   10.927   12.005   11.216   10.407    9.589    8.890
   3.154    2.861    2.654    2.445    2.234    2.024    1.829    3.031    4.199    5.335    6.442    7.520    8.630    9.769   10.878   11.959   11.168   10.356    9.535    8.833
   3.077    2.782    2.573    2.363    2.152    1.940    1.744    2.951    4.124    5.265    6.375    7.457    8.571    9.714   10.826   11.910   11.117   10.301    9.478    8.773
   2.996    2.698    2.489    2.278    2.065    1.852    1.655    2.867    4.045    5.190    6.305    7.391    8.508    9.655   10.771   11.858   11.062   10.243    9.417    8.710
   2.911    2.611    2.400    2.188    1.974    1.760    1.562    2.780    3.962    5.112    6.231    7.320    8.442    9.593   10.712   11.803   11.003   10.182    9.352    8.642
   2.775    2.472    2.260    2.047    1.832    1.617    1.418    2.640    3.828    4.982    6.106    7.199    8.325    9.479   10.602   11.696   10.894   10.069    9.237    8.524
   2.445    2.140    1.927    1.713    1.496    1.280    1.080    2.308    3.501    4.660    5.788    6.886    8.015    9.174   10.300   11.398   10.593    9.765    8.929    8.213
   2.112    1.804    1.590    1.374    1.156    0.939    0.738    1.972    3.169    4.333    5.466    6.568    7.702    8.864    9.995   11.096   10.287    9.456    8.617    7.898
   1.774    1.463    1.248    1.031    0.812    0.593    0.391    1.631    2.834    4.003    5.140    6.246    7.385    8.551    9.686   10.790    9.979    9.144    8.302    7.580
   1.429    1.116    0.899    0.681    0.461    0.241    0.037    1.283    2.491    3.665    4.807    5.918    7.061    8.232    9.370   10.478    9.664    8.826    7.980    7.255
   1.194    0.878    0.660    0.440    0.219   -0.002   -0.207    1.044    2.259    3.438    4.585    5.700    6.848    8.023    9.165   10.277    9.459    8.618    7.768    7.040
   1.451    1.132    0.913    0.692    0.469    0.247    0.041    1.298    2.518    3.703    4.855    5.975    7.127    8.307    9.453   10.569    9.748    8.903    8.049    7.318
   1.257    0.935    0.715    0.493    0.269    0.045   -0.163    1.101    2.327    3.517    4.674    5.799    6.956    8.140    9.291   10.411    9.586    8.738    7.880    7.145
   1.176    0.851    0.629    0.405    0.180   -0.045   -0.254    1.016    2.248    3.444    4.606    5.736    6.898    8.087    9.242   10.366    9.538    8.686    7.824    7.086
   1.265    0.937    0.714    0.489    0.262    0.035   -0.175    1.102    2.340    3.542    4.709    5.844    7.011    8.205    9.365   10.493    9.661    8.805    7.939    7.198
   1.348    1.017    0.793    0.566    0.338    0.110   -0.101    1.182    2.427    3.634    4.807    5.947    7.119    8.318    9.482   10.614    9.779    8.919    8.049    7.304
   1.481    1.147    0.921    0.693    0.464    0.234    0.021    1.312    2.563    3.776    4.955    6.100    7.277    8.481    9.651   10.787    9.948    9.084    8.210    7.461
   1.623    1.285    1.058    0.828    0.597    0.366    0.152    1.449    2.707    3.927    5.111    6.262    7.444    8.654    9.828   10.969   10.126    9.258    8.379    7.626
   1.759    1.418    1.189    0.958    0.725    0.492    0.277    1.581    2.846    4.072    5.262    6.419    7.606    8.821   10.000   11.146   10.299    9.427    8.544    7.787
   1.854    1.509    1.279    1.046    0.812    0.577    0.361    1.673    2.944    4.176    5.373    6.535    7.728    8.949   10.133   11.283   10.432    9.556    8.668    7.908
   1.617    1.269    1.037    0.803    0.567    0.331    0.113    1.432    2.710    3.950    5.152    6.320    7.520    8.746    9.935   11.090   10.235    9.354    8.462    7.697
   1.555    1.204    0.970    0.734    0.497    0.259    0.039    1.366    2.652    3.898    5.107    6.281    7.486    8.718    9.913   11.073   10.214    9.328    8.431    7.662
   1.474    1.119    0.884    0.646    0.407    0.167   -0.054    1.281    2.574    3.827    5.043    6.223    7.434    8.673    9.873   11.038   10.174    9.284    8.382    7.609
   1.381    1.022    0.785    0.546    0.305    0.064   -0.159    1.184    2.484    3.745    4.967    6.154    7.371    8.615    9.822   10.992   10.124    9.228    8.321    7.544
   1.314    0.951    0.712    0.471    0.229   -0.015   -0.239    1.112    2.421    3.688    4.918    6.111    7.335    8.585    9.797   10.973   10.100    9.200    8.288    7.506
   1.370    1.004    0.763    0.521    0.276    0.031   -0.195    1.165    2.481    3.756    4.993    6.192    7.423    8.680    9.898   11.080   10.202    9.296    8.379    7.592
   1.420    1.050    0.807    0.563    0.316    0.069   -0.158    1.210    2.534    3.817    5.061    6.267    7.505    8.769    9.993   11.180   10.298    9.387    8.464    7.672
   1.463    1.088    0.844    0.597    0.349    0.100   -0.129    1.248    2.581    3.872    5.123    6.336    7.581    8.852   10.082   11.275   10.387    9.471    8.543    7.746
   1.498    1.119    0.873    0.625    0.374    0.123   -0.108    1.278    2.620    3.919    5.178    6.398    7.650    8.928   10.165   11.364   10.471    9.549    8.615    7.814
   1.525    1.143    0.894    0.644    0.392    0.139   -0.094    1.301    2.652    3.959    5.226    6.454    7.713    8.998   10.242   11.447   10.549    9.621    8.681    7.874
   1.545    1.158    0.908    0.656    0.401    0.146   -0.089    1.316    2.675    3.991    5.266    6.502    7.768    9.061   10.312   11.524   10.620    9.687    8.740    7.928
   1.557    1.166    0.913    0.659    0.402    0.145   -0.091    1.323    2.691    4.016    5.299    6.543    7.817    9.117   10.375   11.594   10.684    9.745    8.792    7.975
   1.561    1.165    0.910    0.654    0.395    0.136   -0.103    1.321    2.699    4.033    5.325    6.576    7.858    9.167   10.432   11.657   10.742    9.796    8.837    8.014
   1.556    1.155    0.899    0.640    0.379    0.118   -0.123    1.311    2.699    4.042    5.342    6.602    7.892    9.209   10.482   11.714   10.793    9.841    8.875    8.046
   1.542    1.137    0.878    0.617    0.354    0.091   -0.152    1.292    2.690    4.042    5.351    6.619    7.919    9.243   10.524   11.764   10.836    9.878    8.905    8.070
   1.520    1.109    0.848    0.585    0.320    0.054   -0.191    1.264    2.672    4.034    5.352    6.629    7.937    9.270   10.559   11.806   10.872    9.907    8.927    8.086
   1.488    1.073    0.809    0.544    0.276    0.008   -0.239    1.227    2.645    4.016    5.344    6.630    7.947    9.289   10.586   11.841   10.901    9.928    8.941    8.093
   1.447    1.026    0.760    0.493    0.222   -0.048   -0.297    1.180    2.608    3.990    5.327    6.622    7.948    9.300   10.606   11.868   10.921    9.941    8.947    8.093
   1.395    0.970    0.702    0.431    0.159   -0.114   -0.365    1.123    2.562    3.954    5.301    6.606    7.941    9.302   10.617   11.888   10.933    9.946    8.944    8.083
   1.473    1.042    0.772    0.499    0.224   -0.051   -0.304    1.195    2.645    4.048    5.405    6.719    8.065    9.435   10.759   12.038   11.077   10.082    9.071    8.204
   1.549    1.112    0.839    0.564    0.287    0.009   -0.247    1.264    2.725    4.139    5.507    6.831    8.186    9.567   10.900   12.188   11.219   10.216    9.198    8.323
   1.613    1.171    0.896    0.618    0.338    0.058   -0.200    1.322    2.795    4.220    5.598    6.933    8.298    9.689   11.032   12.329   11.352   10.342    9.314    8.432
   1.666    1.219    0.941    0.660    0.378    0.095   -0.165    1.369    2.854    4.290    5.679    7.024    8.400    9.802   11.155   12.461   11.476   10.457    9.421    8.532
   1.708    1.255    0.974    0.691    0.406    0.121   -0.142    1.404    2.901    4.349    5.750    7.105    8.492    9.905   11.268   12.583   11.591   10.563    9.518    8.621
   1.739    1.279    0.996    0.710    0.422    0.134   -0.130    1.428    2.937    4.396    5.809    7.175    8.574    9.998   11.371   12.696   11.695   10.659    9.605    8.699
   1.757    1.291    1.005    0.717    0.426    0.136   -0.132    1.439    2.960    4.432    5.856    7.234    8.644   10.079   11.464   12.799   11.790   10.744    9.680    8.767
   1.833    1.361    1.073    0.782    0.488    0.195   -0.075    1.509    3.042    4.526    5.962    7.352    8.774   10.221   11.617   12.963   11.944   10.889    9.816    8.894
   1.904    1.426    1.135    0.841    0.545    0.248   -0.024    1.573    3.119    4.616    6.064    7.465    8.900   10.359   11.766   13.124   12.096   11.031    9.947    9.016
   1.962    1.478    1.183    0.887    0.588    0.289    0.014    1.623    3.182    4.692    6.153    7.567    9.013   10.486   11.905   13.273   12.236   11.161   10.066    9.127
   2.006    1.515    1.218    0.919    0.617    0.315    0.038    1.660    3.232    4.755    6.229    7.655    9.114   10.600   12.031   13.411   12.364   11.278   10.173    9.225
   2.036    1.539    1.239    0.936    0.631    0.327    0.047    1.682    3.268    4.804    6.291    7.730    9.202   10.701   12.145   13.537   12.480   11.384   10.268    9.309
   2.051    1.547    1.244    0.939    0.631    0.323    0.041    1.690    3.289    4.838    6.339    7.791    9.277   10.790   12.247   13.651   12.583   11.476   10.348    9.380
   2.051    1.541    1.234    0.926    0.616    0.305    0.020    1.682    3.295    4.858    6.372    7.837    9.337   10.864   12.335   13.752   12.673   11.554   10.415    9.437
   2.035    1.518    1.209    0.898    0.584    0.271   -0.017    1.659    3.285    4.862    6.390    7.869    9.383   10.925   12.409   13.840   12.750   11.619   10.468    9.479
   2.004    1.480    1.168    0.853    0.537    0.221   -0.070    1.619    3.259    4.850    6.392    7.885    9.414   10.970   12.469   13.913   12.812   11.669   10.505    9.506
   1.775    1.245    0.930    0.612    0.293   -0.026   -0.319    1.383    3.037    4.642    6.198    7.705    9.249   10.821   12.335   13.793   12.679   11.524   10.347    9.338
   1.260    0.723    0.405    0.085   -0.238   -0.560   -0.855    0.860    2.527    4.147    5.718    7.239    8.798   10.386   11.915   13.388   12.262   11.093    9.904    8.883
   1.249    0.704    0.383    0.060   -0.265   -0.590   -0.888    0.840    2.522    4.156    5.741    7.277    8.852   10.456   12.000   13.488   12.349   11.167    9.964    8.932
   1.350    0.798    0.474    0.148   -0.180   -0.508   -0.808    0.933    2.628    4.276    5.876    7.428    9.018   10.638   12.199   13.702   12.550   11.355   10.138    9.094
   1.432    0.873    0.546    0.217   -0.114   -0.444   -0.747    1.007    2.715    4.378    5.993    7.559    9.166   10.803   12.381   13.900   12.734   11.524   10.293    9.238
   1.585    1.020    0.690    0.358    0.024   -0.309   -0.614    1.152    2.874    4.551    6.181    7.762    9.385   11.040   12.634   14.170   12.990   11.766   10.520    9.453
   1.719    1.146    0.814    0.479    0.142   -0.194   -0.501    1.277    3.013    4.704    6.348    7.946    9.585   11.258   12.869   14.421   13.227   11.988   10.728    9.648
   1.457    0.878    0.542    0.205   -0.135   -0.473   -0.783    1.007    2.756    4.461    6.120    7.733    9.390   11.080   12.709   14.279   13.070   11.816   10.540    9.447
   1.377    0.791    0.452    0.112   -0.230   -0.571   -0.883    0.918    2.680    4.399    6.073    7.702    9.375   11.084   12.731   14.319   13.095   11.825   10.534    9.428
   1.349    0.756    0.415    0.072   -0.272   -0.616   -0.930    0.882    2.656    4.389    6.078    7.722    9.413   11.140   12.806   14.412   13.172   11.886   10.579    9.460
   1.284    0.685    0.341   -0.004   -0.351   -0.697   -1.014    0.809    2.595    4.341    6.045    7.704    9.412   11.158   12.843   14.468   13.212   11.910   10.587    9.455
   1.174    0.568    0.222   -0.125   -0.475   -0.823   -1.141    0.691    2.489    4.248    5.966    7.641    9.366   11.131   12.835   14.479   13.206   11.888   10.548    9.403
   1.041    0.429    0.080   -0.270   -0.621   -0.972   -1.292    0.550    2.358    4.130    5.862    7.552    9.295   11.078   12.802   14.465   13.176   11.841   10.485    9.327
   0.884    0.265   -0.085   -0.437   -0.791   -1.144   -1.466    0.385    2.204    3.988    5.733    7.438    9.198   11.001   12.744   14.427   13.121   11.768   10.396    9.224
   0.702    0.078   -0.275   -0.629   -0.985   -1.340   -1.663    0.195    2.024    3.819    5.578    7.298    9.074   10.896   12.659   14.363   13.039   11.669   10.280    9.095
   0.618   -0.011   -0.366   -0.722   -1.080   -1.436   -1.761    0.104    1.942    3.748    5.520    7.253    9.047   10.888   12.671   14.395   13.053   11.666   10.260    9.062
   0.509   -0.126   -0.483   -0.841   -1.200   -1.558   -1.884   -0.012    1.834    3.650    5.434    7.181    8.990   10.850   12.653   14.398   13.039   11.633   10.211    9.000
   0.373   -0.267   -0.625   -0.985   -1.346   -1.705   -2.032   -0.155    1.698    3.524    5.319    7.079    8.905   10.783   12.606   14.371   12.994   11.571   10.132    8.908
   0.210   -0.435   -0.795   -1.156   -1.518   -1.878   -2.207   -0.325    1.535    3.369    5.175    6.948    8.788   10.685   12.527   14.314   12.918   11.478   10.022    8.785
   0.019   -0.630   -0.991   -1.353   -1.717   -2.078   -2.408   -0.522    1.343    3.185    5.000    6.785    8.640   10.554   12.416   14.224   12.810   11.352    9.880    8.631
  -0.200   -0.853   -1.216   -1.579   -1.943   -2.306   -2.636   -0.748    1.122    2.971    4.795    6.591    8.460   10.391   12.272   14.099   12.667   11.193    9.705    8.444
  -0.449   -1.106   -1.469   -1.833   -2.198   -2.561   -2.892   -1.002    0.871    2.726    4.558    6.363    8.245   10.192   12.092   13.940   12.490   10.998    9.496    8.224
  -0.727   -1.388   -1.752   -2.116   -2.482   -2.846   -3.177   -1.287    0.590    2.449    4.287    6.102    7.996    9.959   11.876   13.744   12.276   10.768    9.251    7.968
  -1.037   -1.700   -2.064   -2.430   -2.796   -3.160   -3.491   -1.601    0.276    2.139    3.983    5.806    7.711    9.688   11.622   13.509   12.024   10.501    8.970    7.677
  -1.377   -2.043   -2.408   -2.774   -3.140   -3.504   -3.835   -1.947   -0.069    1.796    3.645    5.474    7.388    9.379   11.329   13.234   11.733   10.194    8.650    7.348
  -1.668   -2.336   -2.701   -3.067   -3.433   -3.797   -4.128   -2.242   -0.365    1.501    3.353    5.188    7.111    9.113   11.078   13.001   11.484    9.931    8.375    7.064
  -1.992   -2.662   -3.027   -3.393   -3.759   -4.123   -4.453   -2.571   -0.695    1.171    3.025    4.863    6.794    8.806   10.785   12.725   11.192    9.626    8.059    6.741
  -2.351   -3.022   -3.387   -3.752   -4.118   -4.482   -4.812   -2.934   -1.061    0.804    2.659    4.500    6.436    8.458   10.449   12.404   10.857    9.279    7.702    6.377
  -2.745   -3.418   -3.782   -4.147   -4.512   -4.875   -5.204   -3.331   -1.463    0.400    2.254    4.097    6.037    8.067   10.068   12.037   10.477    8.888    7.302    5.972
  -3.176   -3.849   -4.213   -4.577   -4.941   -5.303   -5.632   -3.765   -1.902   -0.043    1.810    3.653    5.596    7.631    9.641   11.622   10.051    8.452    6.859    5.524
  -3.644   -4.318   -4.681   -5.044   -5.408   -5.769   -6.096   -4.237   -2.380   -0.525    1.324    3.166    5.110    7.149    9.166   11.158    9.576    7.969    6.370    5.032
  -4.153   -4.827   -5.188   -5.550   -5.913   -6.272   -6.599   -4.748   -2.898   -1.049    0.796    2.635    4.578    6.620    8.642   10.642    9.052    7.438    5.835    4.495
  -4.702   -5.375   -5.736   -6.097   -6.458   -6.816   -7.142   -5.300   -3.458   -1.616    0.223    2.058    4.000    6.041    8.068   10.074    8.476    6.857    5.251    3.910
  -5.294   -5.967   -6.326   -6.685   -7.045   -7.402   -7.726   -5.894   -4.061   -2.228   -0.395    1.435    3.372    5.413    7.440    9.451    7.848    6.225    4.617    3.277
  -6.163   -6.835   -7.193   -7.551   -7.909   -8.264   -8.586   -6.766   -4.943   -3.118   -1.294    0.529    2.462    4.499    6.526    8.539    6.932    5.308    3.700    2.361
  -8.511   -9.181   -9.537   -9.893  -10.249  -10.603  -10.924   -9.114   -7.302   -5.488   -3.673   -1.858    0.068    2.100    4.124    6.138    4.528    2.904    1.297   -0.039
 -10.907  -11.576  -11.930  -12.284  -12.639  -12.990  -13.309  -11.512   -9.712   -7.909   -6.104   -4.298   -2.381   -0.356    1.664    3.676    2.066    0.443   -1.161   -2.493
 -13.355  -14.023  -14.375  -14.727  -15.079  -15.429  -15.745  -13.962  -12.175  -10.384   -8.590   -6.794   -4.887   -2.871   -0.857    1.150   -0.458   -2.078   -3.677   -5.005
 -15.859  -16.524  -16.874  -17.224  -17.574  -17.921  -18.236  -16.466  -14.693  -12.915  -11.134   -9.350   -7.454   -5.447   -3.442   -1.441   -3.047   -4.662   -6.255   -7.576
 -16.587  -17.250  -17.598  -17.945  -18.293  -18.638  -18.951  -17.196  -15.436  -13.672  -11.905  -10.133   -8.250   -6.255   -4.261   -2.268   -3.869   -5.478   -7.063   -8.378
 -17.378  -18.038  -18.383  -18.729  -19.074  -19.416  -19.726  -17.987  -16.243  -14.494  -12.740  -10.983   -9.113   -7.132   -5.150   -3.167   -4.762   -6.363   -7.940   -9.247
 -18.235  -18.893  -19.235  -19.578  -19.920  -20.260  -20.568  -18.845  -17.116  -15.383  -13.645  -11.902  -10.048   -8.082   -6.113   -4.143   -5.729   -7.322   -8.889  -10.187
 -19.164  -19.818  -20.158  -20.497  -20.837  -21.174  -21.479  -19.773  -18.062  -16.345  -14.623  -12.897  -11.058   -9.109   -7.155   -5.199   -6.776   -8.358   -9.915  -11.203
 -20.169  -20.820  -21.157  -21.493  -21.830  -22.165  -22.467  -20.779  -19.085  -17.385  -15.681  -13.971  -12.150  -10.218   -8.282   -6.342   -7.908   -9.478  -11.022  -12.300
 -21.257  -21.904  -22.238  -22.572  -22.906  -23.237  -23.536  -21.867  -20.191  -18.510  -16.824  -15.132  -13.330  -11.417   -9.499   -7.577   -9.131  -10.688  -12.219  -13.485
 -24.347  -24.991  -25.321  -25.652  -25.983  -26.311  -26.607  -24.957  -23.301  -21.639  -19.972  -18.299  -16.517  -14.624  -12.726  -10.823  -12.363  -13.907  -15.423  -16.677
 -27.536  -28.175  -28.503  -28.830  -29.157  -29.482  -29.775  -28.145  -26.509  -24.868  -23.221  -21.568  -19.806  -17.936  -16.059  -14.177  -15.702  -17.230  -18.731  -19.972
 -29.724  -30.359  -30.682  -31.006  -31.330  -31.651  -31.941  -30.332  -28.717  -27.097  -25.471  -23.840  -22.100  -20.253  -18.399  -16.539  -18.048  -19.560  -21.044  -22.271
 -31.227  -31.858  -32.177  -32.497  -32.817  -33.135  -33.421  -31.835  -30.242  -28.644  -27.041  -25.431  -23.715  -21.892  -20.063  -18.227  -19.719  -21.213  -22.680  -23.892
