     Number of soundings =    1
                    ALL AREAS IN UNITS OF J/kg

 Origin    Rev.    P.A.    Rev.    P.A.    Rev.    P.A.    Rev.    P.A.
 p (mb)     PA      PA      NA      NA    CAPE    CAPE    DCAPE STDCAPE    STDCAPE
 ------    ----    ----    ----    ----    ----    ----   -----   -------  -------
 1009.0  1266.5  2536.6     3.5     0.0  1263.0  2536.6     0.0     0.0     0.0
  995.0   939.4  2102.5    11.3     2.5   928.0  2100.0     1.6     0.0     0.0
  990.0   883.5  2021.2    13.4     3.4   870.1  2017.8     0.5     0.0     0.0
  985.0   826.6  1942.6    15.6     4.5   811.0  1938.1     0.4     0.0     0.0
  980.0   772.4  1864.0    18.1     5.6   754.3  1858.3     0.3     0.0     0.0
  975.0   717.1  1785.8    20.8     6.9   696.3  1778.9     0.3     0.0     0.0
  970.0   656.4  1699.1    24.4     8.7   632.0  1690.3     0.2     0.0     0.0
  965.0   596.4  1614.6    28.4    10.8   568.0  1603.8     0.1     0.0     0.0
  960.0   537.8  1531.5    32.9    13.1   504.9  1518.3     0.1     0.0     0.0
  955.0   472.9  1435.0    39.0    16.8   433.8  1418.2     0.1     0.0     0.0
  950.0   408.3  1335.1    45.8    21.8   362.5  1313.4     0.2     0.0     0.0
  945.0   345.9  1237.6    52.6    27.3   293.4  1210.3     0.3     0.0     0.0
  940.0   287.9  1146.7    59.2    32.7   228.7  1114.1     0.4     0.0     0.0
  935.0   235.3  1061.0    65.6    37.7   169.8  1023.2     0.4     0.0     0.0
  930.0   186.7   977.0    74.3    42.9   112.4   934.1     0.5     0.0     0.0
  925.0   143.4   894.9    86.7    48.1    56.6   846.8     0.6     0.0     0.0
  920.0   151.8   897.9    81.1    46.4    70.7   851.4     0.7     0.0     0.0
  915.0   161.2   901.2    75.5    44.6    85.7   856.6     0.7     0.0     0.0
  910.0   172.6   903.7    68.2    42.1   104.4   861.6     0.9     0.0     0.0
  905.0   254.3   997.2    43.6    30.4   210.7   966.8     1.2     0.0     0.0
