     Number of soundings =    1
                    ALL AREAS IN UNITS OF J/kg

 Origin    Rev.    P.A.    Rev.    P.A.    Rev.    P.A.    Rev.    P.A.
 p (mb)     PA      PA      NA      NA    CAPE    CAPE    DCAPE STDCAPE    STDCAPE
 ------    ----    ----    ----    ----    ----    ----   -----   -------  -------
 1014.0    17.7    23.3     0.8     0.8    16.9    22.5     0.0     0.0     0.0
  995.0    12.2    15.6     0.0     0.0    12.2    15.6    11.1     0.0     0.0
  990.0    10.0    13.0     0.0     0.0    10.0    13.0    14.2     0.0     0.0
  985.0     7.9    10.7     0.0     0.0     7.9    10.7    17.3     0.0     0.0
  980.0     5.6     8.4     0.0     0.0     5.6     8.4    20.5     0.0     0.0
  975.0     4.0     6.4     0.1     0.1     3.9     6.3    23.6     0.0     0.0
  970.0     2.7     4.2     0.2     0.2     2.5     4.1    26.8     0.0     0.0
  965.0     1.7     2.9     0.6     0.5     1.1     2.4    30.1     0.0     0.0
  960.0     1.0     1.9     1.1     0.9    -0.2     1.0    33.3     0.0     0.0
  955.0     0.3     1.1     1.7     1.4    -1.4    -0.3    36.7     0.0     0.0
  950.0     0.0     0.5     2.4     2.0    -2.3    -1.6    40.0     0.0     0.0
  945.0     0.0     0.1     2.6     2.2    -2.6    -2.1    42.6     0.0     0.0
  940.0     0.0     0.0     0.0     1.9     0.0    -1.9    45.0     0.0     0.0
  935.0     0.0     0.0     0.0     0.0     0.0     0.0    47.6     0.0     0.0
  930.0     0.0     0.0     0.0     0.0     0.0     0.0    50.2     0.0     0.0
  925.0     0.0     0.0     0.0     0.0     0.0     0.0    52.8     0.0     0.0
  920.0     0.0     0.0     0.0     0.0     0.0     0.0    54.5     0.0     0.0
  915.0     0.0     0.0     0.0     0.0     0.0     0.0    56.1     0.0     0.0
  910.0     0.0     0.0     0.0     0.0     0.0     0.0    57.8     0.0     0.0
  905.0     0.0     0.0     0.0     0.0     0.0     0.0    60.0     0.0     0.0
