   0.000    0.000    0.000    0.000    0.000    0.000    0.000    0.000    0.000    0.000    0.000    0.000    0.000    0.000    0.000    0.000    0.000    0.000    0.000    0.000
   0.095    0.000    0.000    0.000    0.000    0.000    0.000    0.000    0.000    0.000    0.000    0.000    0.000    0.000    0.000    0.000    0.000    0.000    0.000    0.000
   0.059   -0.036    0.000    0.000    0.000    0.000    0.000    0.000    0.000    0.000    0.000    0.000    0.000    0.000    0.000    0.000    0.000    0.000    0.000    0.000
   0.175   -0.074   -0.038    0.000    0.000    0.000    0.000    0.000    0.000    0.000    0.000    0.000    0.000    0.000    0.000    0.000    0.000    0.000    0.000    0.000
   0.374   -0.114   -0.078   -0.040    0.000    0.000    0.000    0.000    0.000    0.000    0.000    0.000    0.000    0.000    0.000    0.000    0.000    0.000    0.000    0.000
   0.572    0.060   -0.040   -0.081   -0.041    0.000    0.000    0.000    0.000    0.000    0.000    0.000    0.000    0.000    0.000    0.000    0.000    0.000    0.000    0.000
   0.775    0.262    0.162    0.063   -0.037   -0.036    0.000    0.000    0.000    0.000    0.000    0.000    0.000    0.000    0.000    0.000    0.000    0.000    0.000    0.000
   0.977    0.463    0.363    0.264    0.164    0.063   -0.038    0.000    0.000    0.000    0.000    0.000    0.000    0.000    0.000    0.000    0.000    0.000    0.000    0.000
   1.178    0.663    0.563    0.463    0.363    0.262    0.146    0.031    0.000    0.000    0.000    0.000    0.000    0.000    0.000    0.000    0.000    0.000    0.000    0.000
   1.262    0.746    0.645    0.545    0.445    0.343    0.228    0.112   -0.004    0.000    0.000    0.000    0.000    0.000    0.000    0.000    0.000    0.000    0.000    0.000
   1.315    0.798    0.698    0.597    0.496    0.395    0.279    0.163    0.047   -0.095    0.000    0.000    0.000    0.000    0.000    0.000    0.000    0.000    0.000    0.000
   1.367    0.849    0.748    0.648    0.547    0.445    0.329    0.213    0.097   -0.046   -0.191    0.000    0.000    0.000    0.000    0.000    0.000    0.000    0.000    0.000
   1.417    0.898    0.797    0.696    0.595    0.493    0.377    0.260    0.144    0.001   -0.148   -0.194    0.000    0.000    0.000    0.000    0.000    0.000    0.000    0.000
   1.464    0.944    0.843    0.742    0.640    0.538    0.422    0.305    0.188    0.045   -0.104   -0.254   -0.197    0.000    0.000    0.000    0.000    0.000    0.000    0.000
   1.510    0.988    0.887    0.786    0.684    0.582    0.465    0.348    0.231    0.088   -0.062   -0.212   -0.358   -0.199    0.000    0.000    0.000    0.000    0.000    0.000
   1.554    1.032    0.930    0.829    0.727    0.625    0.508    0.390    0.273    0.130   -0.021   -0.171   -0.317   -0.400   -0.201    0.000    0.000    0.000    0.000    0.000
   1.509    0.985    0.883    0.782    0.680    0.577    0.460    0.342    0.224    0.081   -0.070   -0.221   -0.367   -0.506   -0.493   -0.292    0.000    0.000    0.000    0.000
   1.462    0.937    0.835    0.733    0.631    0.528    0.410    0.293    0.175    0.030   -0.120   -0.272   -0.418   -0.557   -0.697   -0.587   -0.295    0.000    0.000    0.000
   1.293    0.767    0.665    0.563    0.460    0.357    0.239    0.121    0.003   -0.141   -0.292   -0.444   -0.591   -0.730   -0.870   -1.010   -0.711   -0.417    0.000    0.000
   0.726    0.199    0.097   -0.006   -0.108   -0.212   -0.330   -0.448   -0.567   -0.711   -0.863   -1.015   -1.162   -1.302   -1.442   -1.582   -1.527   -1.233   -0.817    0.000
   0.158   -0.370   -0.473   -0.576   -0.678   -0.782   -0.900   -1.019   -1.138   -1.283   -1.435   -1.587   -1.734   -1.875   -2.015   -2.156   -2.150   -2.051   -1.635   -0.820
   0.020   -0.509   -0.612   -0.715   -0.818   -0.922   -1.040   -1.159   -1.278   -1.424   -1.576   -1.729   -1.876   -2.017   -2.158   -2.299   -2.293   -2.287   -2.024   -1.209
   0.169   -0.362   -0.464   -0.568   -0.671   -0.775   -0.894   -1.013   -1.132   -1.278   -1.431   -1.584   -1.732   -1.873   -2.014   -2.155   -2.150   -2.144   -2.140   -1.313
   0.317   -0.215   -0.318   -0.422   -0.525   -0.630   -0.749   -0.868   -0.988   -1.134   -1.287   -1.440   -1.589   -1.730   -1.872   -2.013   -2.008   -2.002   -1.998   -1.419
   0.463   -0.071   -0.174   -0.278   -0.381   -0.486   -0.606   -0.725   -0.845   -0.992   -1.145   -1.299   -1.448   -1.589   -1.731   -1.873   -1.868   -1.862   -1.857   -1.527
   0.607    0.073   -0.031   -0.135   -0.239   -0.344   -0.464   -0.584   -0.704   -0.851   -1.004   -1.159   -1.308   -1.450   -1.592   -1.734   -1.729   -1.723   -1.719   -1.557
   0.750    0.214    0.110    0.006   -0.098   -0.203   -0.323   -0.444   -0.564   -0.711   -0.865   -1.020   -1.170   -1.312   -1.454   -1.597   -1.592   -1.586   -1.581   -1.419
   0.891    0.354    0.250    0.146    0.041   -0.064   -0.185   -0.305   -0.426   -0.573   -0.728   -0.883   -1.033   -1.176   -1.319   -1.462   -1.456   -1.450   -1.446   -1.283
   1.031    0.493    0.388    0.284    0.179    0.073   -0.047   -0.168   -0.289   -0.437   -0.592   -0.747   -0.898   -1.041   -1.184   -1.328   -1.322   -1.316   -1.312   -1.149
   1.169    0.630    0.525    0.420    0.315    0.209    0.088   -0.033   -0.154   -0.303   -0.458   -0.614   -0.765   -0.908   -1.052   -1.195   -1.190   -1.184   -1.180   -1.016
   1.306    0.765    0.660    0.555    0.450    0.343    0.222    0.101   -0.021   -0.170   -0.325   -0.482   -0.633   -0.777   -0.921   -1.065   -1.059   -1.053   -1.049   -0.885
   1.345    0.803    0.697    0.592    0.486    0.380    0.258    0.137    0.014   -0.135   -0.291   -0.447   -0.599   -0.743   -0.888   -1.032   -1.027   -1.021   -1.016   -0.852
   1.408    0.865    0.759    0.653    0.548    0.441    0.319    0.197    0.074   -0.075   -0.232   -0.389   -0.541   -0.685   -0.830   -0.975   -0.970   -0.964   -0.959   -0.794
   1.510    0.965    0.859    0.753    0.647    0.539    0.417    0.295    0.172    0.022   -0.135   -0.292   -0.445   -0.590   -0.735   -0.880   -0.875   -0.869   -0.864   -0.699
   1.610    1.063    0.957    0.851    0.744    0.637    0.514    0.392    0.269    0.118   -0.039   -0.197   -0.350   -0.495   -0.641   -0.787   -0.781   -0.775   -0.771   -0.605
   1.708    1.160    1.054    0.947    0.841    0.733    0.610    0.487    0.364    0.213    0.055   -0.103   -0.257   -0.403   -0.549   -0.695   -0.689   -0.683   -0.679   -0.512
   1.805    1.256    1.149    1.042    0.936    0.827    0.704    0.581    0.457    0.306    0.148   -0.011   -0.165   -0.311   -0.458   -0.604   -0.599   -0.593   -0.588   -0.421
   1.901    1.350    1.243    1.136    1.029    0.920    0.797    0.673    0.549    0.398    0.239    0.080   -0.075   -0.221   -0.368   -0.515   -0.510   -0.503   -0.499   -0.332
   1.996    1.443    1.336    1.228    1.121    1.012    0.888    0.764    0.640    0.488    0.328    0.169    0.014   -0.133   -0.280   -0.428   -0.422   -0.416   -0.411   -0.244
   2.088    1.534    1.427    1.319    1.211    1.102    0.978    0.853    0.729    0.576    0.416    0.256    0.101   -0.046   -0.194   -0.342   -0.337   -0.330   -0.326   -0.157
   2.179    1.624    1.516    1.408    1.300    1.190    1.066    0.941    0.816    0.663    0.503    0.342    0.186    0.038   -0.110   -0.258   -0.253   -0.246   -0.242   -0.073
   2.268    1.711    1.603    1.495    1.386    1.276    1.152    1.026    0.901    0.747    0.587    0.426    0.270    0.121   -0.027   -0.176   -0.171   -0.164   -0.160    0.009
   2.357    1.798    1.690    1.581    1.472    1.362    1.237    1.111    0.985    0.831    0.670    0.509    0.352    0.203    0.054   -0.095   -0.090   -0.083   -0.079    0.091
   2.447    1.886    1.778    1.669    1.559    1.449    1.323    1.197    1.071    0.917    0.755    0.593    0.436    0.287    0.137   -0.013   -0.007   -0.001    0.004    0.174
   2.535    1.973    1.864    1.754    1.645    1.534    1.408    1.282    1.155    1.000    0.838    0.676    0.518    0.368    0.218    0.068    0.074    0.080    0.085    0.255
   2.621    2.057    1.948    1.838    1.728    1.617    1.491    1.364    1.237    1.082    0.919    0.756    0.598    0.448    0.297    0.146    0.152    0.158    0.163    0.334
   2.705    2.139    2.030    1.920    1.810    1.698    1.571    1.444    1.317    1.161    0.998    0.834    0.676    0.525    0.374    0.223    0.228    0.235    0.239    0.411
   2.787    2.220    2.110    1.999    1.889    1.777    1.650    1.522    1.395    1.238    1.075    0.910    0.751    0.600    0.449    0.297    0.302    0.309    0.314    0.486
   2.884    2.315    2.204    2.094    1.983    1.871    1.743    1.615    1.487    1.330    1.166    1.001    0.842    0.690    0.538    0.385    0.391    0.398    0.402    0.575
   2.986    2.415    2.305    2.194    2.082    1.970    1.842    1.713    1.585    1.428    1.263    1.098    0.937    0.785    0.633    0.480    0.485    0.492    0.497    0.670
   3.086    2.514    2.403    2.291    2.180    2.067    1.938    1.810    1.681    1.523    1.357    1.192    1.031    0.878    0.725    0.572    0.577    0.584    0.589    0.763
   3.185    2.610    2.499    2.387    2.275    2.162    2.033    1.904    1.774    1.616    1.450    1.283    1.122    0.969    0.815    0.661    0.667    0.674    0.678    0.853
   3.281    2.704    2.592    2.480    2.368    2.254    2.125    1.995    1.865    1.706    1.540    1.373    1.211    1.057    0.903    0.749    0.755    0.761    0.766    0.941
   3.374    2.796    2.684    2.571    2.459    2.345    2.215    2.085    1.954    1.795    1.628    1.460    1.298    1.143    0.989    0.834    0.840    0.846    0.851    1.027
   3.466    2.885    2.773    2.660    2.547    2.433    2.302    2.172    2.041    1.881    1.713    1.545    1.382    1.227    1.072    0.916    0.922    0.929    0.934    1.110
   3.555    2.973    2.860    2.746    2.633    2.518    2.387    2.256    2.125    1.965    1.796    1.628    1.464    1.308    1.153    0.997    1.002    1.009    1.014    1.191
   3.642    3.057    2.944    2.830    2.717    2.601    2.470    2.339    2.207    2.046    1.877    1.708    1.543    1.387    1.231    1.074    1.080    1.087    1.092    1.270
   3.726    3.140    3.026    2.912    2.798    2.682    2.550    2.419    2.286    2.124    1.955    1.785    1.620    1.464    1.307    1.149    1.155    1.162    1.167    1.346
   3.808    3.220    3.106    2.991    2.876    2.760    2.628    2.496    2.363    2.201    2.031    1.860    1.695    1.537    1.380    1.222    1.228    1.234    1.239    1.419
   3.888    3.297    3.183    3.068    2.953    2.836    2.704    2.571    2.437    2.274    2.104    1.932    1.766    1.608    1.450    1.292    1.298    1.304    1.309    1.489
   3.965    3.372    3.257    3.142    3.026    2.909    2.776    2.643    2.509    2.345    2.174    2.002    1.835    1.677    1.518    1.359    1.365    1.372    1.377    1.557
   4.063    3.468    3.353    3.237    3.121    3.004    2.870    2.736    2.602    2.438    2.266    2.093    1.926    1.766    1.607    1.447    1.453    1.460    1.465    1.647
   4.159    3.562    3.446    3.330    3.213    3.096    2.961    2.827    2.692    2.527    2.354    2.181    2.013    1.853    1.693    1.533    1.539    1.546    1.551    1.733
   4.252    3.653    3.536    3.420    3.303    3.185    3.050    2.915    2.780    2.614    2.441    2.267    2.098    1.937    1.777    1.616    1.622    1.629    1.634    1.817
   4.343    3.741    3.624    3.507    3.390    3.271    3.136    3.000    2.864    2.698    2.524    2.349    2.180    2.019    1.857    1.696    1.702    1.709    1.713    1.897
   4.430    3.826    3.709    3.591    3.474    3.354    3.219    3.083    2.946    2.779    2.604    2.429    2.259    2.097    1.935    1.773    1.779    1.786    1.791    1.975
   4.515    3.909    3.791    3.673    3.555    3.435    3.299    3.162    3.025    2.857    2.682    2.506    2.335    2.172    2.010    1.847    1.853    1.860    1.865    2.050
   4.597    3.988    3.870    3.752    3.633    3.513    3.376    3.239    3.101    2.933    2.756    2.579    2.408    2.245    2.081    1.917    1.924    1.931    1.936    2.122
   4.677    4.065    3.946    3.827    3.708    3.587    3.450    3.312    3.174    3.005    2.828    2.650    2.478    2.314    2.150    1.985    1.991    1.998    2.003    2.191
   4.753    4.139    4.020    3.900    3.780    3.659    3.521    3.383    3.244    3.074    2.896    2.718    2.545    2.380    2.215    2.050    2.056    2.063    2.068    2.256
   4.826    4.209    4.090    3.970    3.849    3.728    3.589    3.450    3.310    3.140    2.961    2.782    2.608    2.443    2.277    2.111    2.117    2.125    2.130    2.318
   4.896    4.277    4.157    4.036    3.915    3.793    3.654    3.514    3.374    3.203    3.023    2.843    2.669    2.503    2.336    2.169    2.176    2.183    2.188    2.377
   4.963    4.341    4.220    4.099    3.978    3.855    3.715    3.575    3.434    3.262    3.082    2.901    2.726    2.559    2.392    2.224    2.230    2.237    2.243    2.433
   5.027    4.402    4.281    4.159    4.037    3.914    3.773    3.633    3.491    3.318    3.137    2.956    2.779    2.612    2.444    2.275    2.282    2.289    2.294    2.485
   5.087    4.460    4.338    4.216    4.093    3.969    3.828    3.687    3.545    3.371    3.189    3.007    2.830    2.661    2.492    2.323    2.329    2.337    2.342    2.534
   5.145    4.514    4.392    4.269    4.146    4.021    3.880    3.737    3.595    3.420    3.238    3.054    2.876    2.707    2.537    2.367    2.374    2.381    2.386    2.579
   5.198    4.565    4.442    4.319    4.195    4.070    3.928    3.785    3.641    3.466    3.282    3.098    2.919    2.749    2.579    2.408    2.414    2.422    2.427    2.621
   5.249    4.612    4.489    4.365    4.241    4.115    3.972    3.828    3.684    3.508    3.323    3.138    2.959    2.788    2.616    2.445    2.451    2.458    2.464    2.659
   5.292    4.653    4.529    4.404    4.279    4.153    4.009    3.865    3.720    3.543    3.357    3.171    2.991    2.819    2.647    2.474    2.481    2.488    2.493    2.690
   5.400    4.758    4.633    4.508    4.382    4.256    4.111    3.966    3.821    3.643    3.456    3.269    3.088    2.915    2.742    2.568    2.575    2.582    2.588    2.785
   5.505    4.859    4.734    4.608    4.482    4.354    4.209    4.063    3.917    3.738    3.551    3.363    3.180    3.007    2.833    2.659    2.665    2.672    2.678    2.876
   5.606    4.957    4.831    4.704    4.578    4.449    4.303    4.157    4.010    3.830    3.642    3.453    3.269    3.095    2.920    2.745    2.751    2.759    2.764    2.963
   5.703    5.051    4.924    4.797    4.669    4.540    4.394    4.246    4.099    3.918    3.729    3.538    3.354    3.179    3.003    2.827    2.833    2.841    2.846    3.047
   5.796    5.140    5.013    4.885    4.757    4.627    4.480    4.332    4.183    4.002    3.811    3.620    3.435    3.258    3.082    2.904    2.911    2.918    2.924    3.125
   5.885    5.226    5.098    4.969    4.840    4.710    4.562    4.413    4.264    4.081    3.890    3.697    3.511    3.334    3.156    2.978    2.984    2.992    2.997    3.200
   5.969    5.307    5.178    5.049    4.920    4.789    4.640    4.490    4.340    4.156    3.964    3.770    3.583    3.405    3.226    3.047    3.053    3.061    3.066    3.270
   6.050    5.384    5.255    5.125    4.995    4.863    4.713    4.562    4.411    4.227    4.033    3.839    3.650    3.471    3.291    3.111    3.118    3.125    3.131    3.336
   6.127    5.457    5.327    5.196    5.065    4.933    4.782    4.631    4.479    4.293    4.098    3.903    3.713    3.533    3.352    3.171    3.178    3.185    3.191    3.397
   6.198    5.525    5.394    5.263    5.131    4.998    4.846    4.694    4.541    4.355    4.159    3.962    3.771    3.590    3.408    3.226    3.233    3.240    3.246    3.453
   6.266    5.589    5.457    5.325    5.192    5.059    4.906    4.753    4.599    4.411    4.214    4.017    3.825    3.642    3.459    3.276    3.283    3.290    3.296    3.505
   6.329    5.647    5.515    5.382    5.249    5.114    4.961    4.807    4.652    4.463    4.265    4.066    3.873    3.690    3.505    3.321    3.328    3.336    3.341    3.551
   6.387    5.702    5.568    5.435    5.301    5.165    5.011    4.856    4.700    4.510    4.311    4.111    3.917    3.732    3.547    3.361    3.368    3.376    3.381    3.593
   6.440    5.751    5.617    5.482    5.347    5.211    5.056    4.900    4.743    4.552    4.351    4.150    3.955    3.769    3.582    3.396    3.402    3.410    3.416    3.629
   6.488    5.795    5.660    5.525    5.389    5.252    5.095    4.939    4.781    4.589    4.387    4.184    3.988    3.800    3.613    3.425    3.432    3.440    3.446    3.659
   6.531    5.834    5.698    5.562    5.425    5.287    5.130    4.972    4.814    4.620    4.417    4.213    4.015    3.827    3.638    3.449    3.456    3.464    3.470    3.685
   6.569    5.867    5.730    5.593    5.456    5.317    5.159    5.000    4.841    4.646    4.441    4.236    4.037    3.847    3.657    3.467    3.474    3.482    3.488    3.704
   6.602    5.895    5.758    5.620    5.482    5.342    5.182    5.022    4.862    4.666    4.460    4.253    4.053    3.862    3.671    3.479    3.486    3.494    3.500    3.718
   6.606    5.895    5.756    5.617    5.478    5.338    5.177    5.016    4.855    4.657    4.450    4.242    4.040    3.848    3.655    3.462    3.470    3.478    3.484    3.703
   6.570    5.854    5.715    5.575    5.435    5.293    5.132    4.970    4.807    4.608    4.400    4.190    3.987    3.794    3.600    3.405    3.412    3.421    3.427    3.648
   6.528    5.807    5.667    5.526    5.385    5.243    5.080    4.917    4.753    4.553    4.343    4.132    3.928    3.733    3.537    3.342    3.349    3.357    3.363    3.586
   6.480    5.754    5.613    5.472    5.330    5.186    5.022    4.858    4.693    4.492    4.280    4.068    3.862    3.665    3.469    3.272    3.279    3.287    3.293    3.518
   6.461    5.731    5.588    5.446    5.303    5.158    4.993    4.828    4.662    4.459    4.246    4.032    3.824    3.627    3.429    3.230    3.238    3.246    3.252    3.478
   6.436    5.700    5.557    5.414    5.270    5.124    4.958    4.791    4.624    4.419    4.205    3.989    3.780    3.581    3.382    3.182    3.189    3.198    3.204    3.432
   6.372    5.631    5.487    5.342    5.197    5.051    4.883    4.716    4.547    4.341    4.125    3.908    3.697    3.497    3.296    3.094    3.102    3.110    3.117    3.346
   6.300    5.554    5.409    5.263    5.117    4.969    4.801    4.632    4.462    4.254    4.036    3.818    3.606    3.404    3.201    2.998    3.006    3.014    3.021    3.252
   6.161    5.409    5.263    5.116    4.969    4.820    4.650    4.480    4.309    4.100    3.880    3.660    3.446    3.243    3.039    2.834    2.842    2.850    2.857    3.089
   5.772    5.014    4.867    4.719    4.571    4.420    4.249    4.078    3.906    3.695    3.474    3.252    3.036    2.831    2.626    2.419    2.427    2.436    2.442    2.677
   5.847    5.084    4.935    4.786    4.637    4.486    4.313    4.140    3.967    3.754    3.532    3.308    3.091    2.884    2.677    2.469    2.477    2.486    2.492    2.728
   6.034    5.264    5.115    4.964    4.814    4.661    4.488    4.313    4.138    3.924    3.700    3.474    3.255    3.047    2.838    2.629    2.637    2.645    2.652    2.890
   6.212    5.437    5.286    5.134    4.983    4.829    4.654    4.478    4.302    4.086    3.860    3.632    3.412    3.202    2.991    2.780    2.788    2.797    2.803    3.044
   6.383    5.601    5.449    5.296    5.143    4.988    4.812    4.635    4.457    4.239    4.011    3.782    3.560    3.348    3.136    2.923    2.931    2.940    2.946    3.188
   6.545    5.757    5.604    5.450    5.296    5.139    4.961    4.783    4.604    4.384    4.154    3.923    3.699    3.485    3.271    3.057    3.065    3.074    3.081    3.325
   6.699    5.905    5.750    5.595    5.439    5.282    5.102    4.922    4.741    4.520    4.288    4.055    3.829    3.614    3.398    3.182    3.190    3.199    3.206    3.452
   6.844    6.043    5.887    5.731    5.574    5.415    5.234    5.052    4.870    4.647    4.413    4.178    3.950    3.733    3.515    3.297    3.305    3.315    3.321    3.570
   6.981    6.173    6.015    5.858    5.699    5.539    5.357    5.173    4.990    4.765    4.529    4.292    4.062    3.843    3.623    3.403    3.411    3.421    3.427    3.678
   7.108    6.293    6.134    5.975    5.815    5.654    5.470    5.285    5.099    4.872    4.634    4.395    4.163    3.942    3.721    3.499    3.507    3.517    3.524    3.776
   7.225    6.403    6.243    6.082    5.921    5.758    5.573    5.386    5.199    4.970    4.730    4.489    4.255    4.032    3.809    3.585    3.593    3.603    3.609    3.864
   7.333    6.503    6.342    6.180    6.017    5.853    5.666    5.477    5.289    5.058    4.815    4.572    4.336    4.111    3.886    3.660    3.668    3.678    3.685    3.942
   7.431    6.593    6.430    6.267    6.103    5.937    5.748    5.558    5.368    5.134    4.890    4.645    4.406    4.179    3.952    3.724    3.733    3.742    3.749    4.009
   7.517    6.673    6.508    6.343    6.178    6.010    5.819    5.628    5.436    5.200    4.954    4.706    4.466    4.237    4.007    3.777    3.786    3.796    3.803    4.064
   7.594    6.741    6.575    6.408    6.241    6.072    5.880    5.686    5.492    5.255    5.006    4.756    4.513    4.282    4.051    3.819    3.827    3.837    3.844    4.108
   7.748    6.887    6.719    6.551    6.382    6.212    6.017    5.822    5.626    5.387    5.136    4.883    4.638    4.405    4.172    3.937    3.946    3.956    3.963    4.230
   7.890    7.021    6.852    6.682    6.512    6.340    6.143    5.946    5.749    5.507    5.253    4.998    4.751    4.516    4.280    4.044    4.053    4.063    4.070    4.339
   7.405    6.527    6.356    6.185    6.013    5.839    5.641    5.442    5.243    4.999    4.742    4.485    4.236    3.998    3.760    3.522    3.531    3.541    3.548    3.820
   6.295    5.409    5.237    5.064    4.890    4.715    4.515    4.314    4.112    3.866    3.607    3.348    3.096    2.856    2.616    2.375    2.384    2.394    2.402    2.676
   6.420    5.525    5.351    5.177    5.001    4.824    4.622    4.419    4.216    3.967    3.706    3.444    3.190    2.948    2.705    2.462    2.471    2.481    2.489    2.765
   6.525    5.621    5.445    5.268    5.092    4.913    4.708    4.504    4.298    4.047    3.783    3.519    3.262    3.018    2.773    2.528    2.537    2.547    2.555    2.834
   6.590    5.677    5.499    5.321    5.142    4.961    4.755    4.549    4.341    4.087    3.821    3.554    3.295    3.048    2.801    2.553    2.563    2.573    2.581    2.863
   6.639    5.717    5.538    5.358    5.177    4.995    4.786    4.578    4.368    4.112    3.843    3.573    3.312    3.063    2.813    2.563    2.573    2.583    2.591    2.875
   6.688    5.756    5.575    5.393    5.211    5.027    4.816    4.606    4.394    4.135    3.864    3.591    3.327    3.076    2.824    2.572    2.581    2.592    2.600    2.887
   6.818    5.876    5.693    5.510    5.325    5.139    4.927    4.714    4.500    4.239    3.965    3.690    3.423    3.169    2.915    2.660    2.670    2.681    2.689    2.978
   7.035    6.084    5.899    5.713    5.528    5.339    5.125    4.910    4.694    4.430    4.153    3.876    3.607    3.350    3.094    2.836    2.846    2.857    2.865    3.157
   7.215    6.254    6.067    5.880    5.692    5.502    5.285    5.068    4.850    4.584    4.304    4.024    3.752    3.493    3.234    2.975    2.984    2.995    3.003    3.299
   7.292    6.321    6.133    5.943    5.754    5.562    5.343    5.123    4.903    4.634    4.352    4.069    3.795    3.534    3.272    3.010    3.020    3.031    3.039    3.337
   7.352    6.371    6.180    5.989    5.797    5.604    5.383    5.161    4.939    4.667    4.382    4.097    3.820    3.556    3.292    3.028    3.038    3.049    3.057    3.358
   7.394    6.403    6.210    6.017    5.823    5.627    5.404    5.180    4.956    4.682    4.394    4.106    3.826    3.560    3.294    3.027    3.037    3.048    3.057    3.360
   7.417    6.415    6.221    6.025    5.830    5.632    5.407    5.181    4.954    4.677    4.387    4.096    3.814    3.545    3.277    3.008    3.018    3.029    3.037    3.343
   7.420    6.408    6.212    6.015    5.817    5.617    5.390    5.162    4.933    4.653    4.360    4.067    3.782    3.511    3.240    2.969    2.979    2.990    2.999    3.307
   7.531    6.509    6.310    6.111    5.911    5.710    5.480    5.250    5.019    4.737    4.441    4.145    3.857    3.584    3.311    3.037    3.047    3.059    3.068    3.379
   7.706    6.673    6.472    6.271    6.070    5.866    5.635    5.402    5.169    4.884    4.586    4.287    3.997    3.722    3.446    3.170    3.181    3.192    3.201    3.515
   7.859    6.816    6.614    6.411    6.207    6.002    5.768    5.533    5.298    5.011    4.710    4.408    4.116    3.838    3.561    3.282    3.293    3.305    3.313    3.630
   8.037    6.983    6.779    6.574    6.369    6.162    5.925    5.689    5.452    5.162    4.858    4.554    4.260    3.980    3.700    3.419    3.430    3.442    3.450    3.769
   8.085    7.022    6.815    6.609    6.402    6.192    5.954    5.715    5.476    5.184    4.878    4.571    4.275    3.992    3.710    3.428    3.438    3.450    3.459    3.780
   7.950    6.876    6.668    6.460    6.251    6.040    5.800    5.559    5.318    5.023    4.715    4.406    4.107    3.823    3.538    3.254    3.264    3.277    3.285    3.609
   7.790    6.707    6.497    6.287    6.076    5.864    5.621    5.379    5.135    4.839    4.528    4.217    3.915    3.629    3.343    3.057    3.067    3.080    3.088    3.414
   7.606    6.513    6.302    6.089    5.877    5.663    5.418    5.174    4.929    4.630    4.317    4.004    3.700    3.412    3.124    2.836    2.847    2.859    2.868    3.196
   7.396    6.294    6.080    5.867    5.653    5.437    5.191    4.944    4.698    4.396    4.081    3.766    3.461    3.171    2.881    2.591    2.602    2.614    2.623    2.953
   7.159    6.048    5.833    5.618    5.402    5.185    4.937    4.689    4.440    4.137    3.820    3.503    3.196    2.904    2.613    2.321    2.332    2.345    2.354    2.685
   6.905    5.786    5.569    5.352    5.135    4.916    4.667    4.417    4.167    3.862    3.543    3.224    2.915    2.622    2.329    2.036    2.047    2.060    2.069    2.402
   6.623    5.496    5.278    5.059    4.841    4.620    4.369    4.118    3.867    3.560    3.239    2.919    2.608    2.314    2.020    1.725    1.736    1.749    1.758    2.093
   6.312    5.177    4.958    4.738    4.519    4.297    4.044    3.792    3.539    3.231    2.909    2.586    2.275    1.979    1.684    1.388    1.399    1.412    1.421    1.757
   6.105    4.964    4.743    4.522    4.301    4.078    3.825    3.571    3.317    3.007    2.684    2.360    2.047    1.750    1.454    1.158    1.169    1.181    1.190    1.527
   5.869    4.721    4.499    4.277    4.055    3.831    3.576    3.321    3.066    2.756    2.431    2.106    1.792    1.494    1.197    0.900    0.911    0.923    0.933    1.271
   5.601    4.448    4.225    4.002    3.779    3.554    3.298    3.043    2.787    2.475    2.149    1.823    1.508    1.210    0.912    0.614    0.625    0.638    0.647    0.986
   5.303    4.144    3.920    3.696    3.473    3.247    2.990    2.734    2.477    2.164    1.838    1.511    1.196    0.897    0.598    0.300    0.311    0.324    0.333    0.672
   4.972    3.809    3.584    3.360    3.136    2.909    2.652    2.395    2.138    1.824    1.497    1.170    0.854    0.554    0.255   -0.043   -0.032   -0.019   -0.010    0.330
   4.608    3.442    3.217    2.992    2.767    2.540    2.282    2.025    1.767    1.453    1.125    0.798    0.482    0.182   -0.117   -0.416   -0.404   -0.392   -0.383   -0.043
   4.211    3.042    2.817    2.591    2.366    2.139    1.881    1.623    1.365    1.051    0.723    0.395    0.079   -0.221   -0.520   -0.818   -0.807   -0.794   -0.785   -0.446
   3.780    2.609    2.383    2.158    1.932    1.705    1.447    1.189    0.931    0.617    0.289   -0.039   -0.355   -0.654   -0.953   -1.251   -1.240   -1.228   -1.219   -0.879
   3.314    2.142    1.916    1.690    1.465    1.238    0.980    0.722    0.464    0.150   -0.178   -0.505   -0.821   -1.120   -1.419   -1.716   -1.705   -1.693   -1.683   -1.345
   2.812    1.640    1.414    1.189    0.963    0.736    0.478    0.221   -0.037   -0.351   -0.678   -1.004   -1.320   -1.618   -1.916   -2.213   -2.202   -2.190   -2.180   -1.842
   2.585    1.414    1.188    0.963    0.738    0.511    0.253   -0.004   -0.261   -0.574   -0.901   -1.227   -1.541   -1.839   -2.136   -2.432   -2.421   -2.409   -2.400   -2.062
   2.321    1.151    0.926    0.701    0.476    0.250   -0.007   -0.264   -0.521   -0.833   -1.158   -1.483   -1.797   -2.094   -2.390   -2.685   -2.674   -2.662   -2.653   -2.317
   2.018    0.850    0.626    0.401    0.177   -0.048   -0.305   -0.560   -0.816   -1.127   -1.452   -1.776   -2.088   -2.384   -2.679   -2.973   -2.962   -2.950   -2.941   -2.606
   1.676    0.512    0.288    0.064   -0.159   -0.384   -0.639   -0.894   -1.149   -1.459   -1.782   -2.105   -2.416   -2.710   -3.004   -3.297   -3.286   -3.273   -3.264   -2.931
   1.293    0.133   -0.090   -0.312   -0.535   -0.759   -1.013   -1.267   -1.520   -1.829   -2.151   -2.472   -2.781   -3.074   -3.366   -3.658   -3.647   -3.634   -3.625   -3.294
   0.870   -0.286   -0.507   -0.729   -0.950   -1.173   -1.426   -1.679   -1.931   -2.238   -2.558   -2.877   -3.185   -3.477   -3.767   -4.057   -4.046   -4.034   -4.025   -3.695
   0.403   -0.747   -0.967   -1.188   -1.408   -1.629   -1.881   -2.132   -2.383   -2.688   -3.007   -3.324   -3.630   -3.919   -4.208   -4.496   -4.485   -4.473   -4.464   -4.137
  -0.108   -1.251   -1.471   -1.690   -1.908   -2.129   -2.379   -2.628   -2.878   -3.181   -3.497   -3.812   -4.116   -4.404   -4.691   -4.976   -4.966   -4.954   -4.945   -4.620
  -0.666   -1.801   -2.019   -2.237   -2.454   -2.673   -2.921   -3.169   -3.417   -3.718   -4.032   -4.345   -4.646   -4.932   -5.217   -5.500   -5.490   -5.478   -5.469   -5.146
  -2.182   -3.309   -3.526   -3.742   -3.958   -4.175   -4.421   -4.667   -4.913   -5.212   -5.523   -5.834   -6.133   -6.417   -6.699   -6.981   -6.970   -6.958   -6.950   -6.629
  -3.482   -4.600   -4.815   -5.030   -5.244   -5.459   -5.704   -5.948   -6.191   -6.488   -6.797   -7.105   -7.402   -7.683   -7.963   -8.242   -8.231   -8.219   -8.211   -7.893
  -4.834   -5.943   -6.156   -6.369   -6.581   -6.795   -7.037   -7.279   -7.521   -7.814   -8.121   -8.426   -8.720   -8.999   -9.276   -9.553   -9.542   -9.531   -9.522   -9.207
  -6.241   -7.341   -7.552   -7.762   -7.972   -8.184   -8.424   -8.664   -8.903   -9.195   -9.498   -9.800  -10.092  -10.368  -10.643  -10.916  -10.906  -10.895  -10.886  -10.574
  -7.707   -8.796   -9.004   -9.213   -9.421   -9.631   -9.869  -10.106  -10.343  -10.631  -10.932  -11.231  -11.520  -11.793  -12.065  -12.336  -12.326  -12.314  -12.306  -11.997
  -9.234  -10.311  -10.518  -10.725  -10.931  -11.138  -11.373  -11.608  -11.843  -12.128  -12.425  -12.722  -13.007  -13.277  -13.547  -13.815  -13.805  -13.793  -13.785  -13.480
 -10.826  -11.892  -12.097  -12.301  -12.505  -12.710  -12.943  -13.175  -13.407  -13.689  -13.983  -14.276  -14.558  -14.825  -15.092  -15.357  -15.347  -15.336  -15.328  -15.026
 -12.405  -13.459  -13.661  -13.863  -14.064  -14.267  -14.497  -14.727  -14.956  -15.235  -15.525  -15.815  -16.094  -16.358  -16.621  -16.883  -16.873  -16.862  -16.854  -16.556
 -14.058  -15.099  -15.299  -15.498  -15.697  -15.898  -16.125  -16.352  -16.578  -16.853  -17.140  -17.426  -17.702  -17.963  -18.223  -18.482  -18.472  -18.461  -18.453  -18.158
 -15.792  -16.820  -17.017  -17.214  -17.410  -17.608  -17.832  -18.056  -18.280  -18.551  -18.835  -19.117  -19.389  -19.646  -19.903  -20.158  -20.149  -20.138  -20.130  -19.839
 -17.613  -18.627  -18.821  -19.015  -19.209  -19.404  -19.625  -19.846  -20.066  -20.334  -20.614  -20.892  -21.161  -21.414  -21.667  -21.920  -21.910  -21.899  -21.892  -21.605
 -20.065  -21.064  -21.256  -21.447  -21.638  -21.831  -22.049  -22.266  -22.484  -22.748  -23.023  -23.297  -23.562  -23.812  -24.062  -24.310  -24.301  -24.290  -24.283  -24.000
 -22.620  -23.604  -23.793  -23.982  -24.170  -24.359  -24.574  -24.788  -25.002  -25.262  -25.533  -25.803  -26.064  -26.310  -26.556  -26.801  -26.791  -26.781  -26.774  -26.495
 -25.288  -26.256  -26.442  -26.627  -26.812  -26.999  -27.210  -27.421  -27.631  -27.887  -28.154  -28.420  -28.676  -28.919  -29.160  -29.401  -29.392  -29.382  -29.374  -29.100
 -28.080  -29.031  -29.214  -29.396  -29.578  -29.761  -29.969  -30.176  -30.383  -30.634  -30.896  -31.158  -31.410  -31.648  -31.885  -32.122  -32.113  -32.103  -32.096  -31.827
