   0.000    0.000    0.000    0.000    0.000    0.000    0.000    0.000    0.000    0.000    0.000    0.000    0.000    0.000    0.000    0.000    0.000    0.000    0.000    0.000
   0.095    0.000    0.000    0.000    0.000    0.000    0.000    0.000    0.000    0.000    0.000    0.000    0.000    0.000    0.000    0.000    0.000    0.000    0.000    0.000
   0.059   -0.036    0.000    0.000    0.000    0.000    0.000    0.000    0.000    0.000    0.000    0.000    0.000    0.000    0.000    0.000    0.000    0.000    0.000    0.000
   0.148   -0.074   -0.038    0.000    0.000    0.000    0.000    0.000    0.000    0.000    0.000    0.000    0.000    0.000    0.000    0.000    0.000    0.000    0.000    0.000
   0.314   -0.114   -0.078   -0.040    0.000    0.000    0.000    0.000    0.000    0.000    0.000    0.000    0.000    0.000    0.000    0.000    0.000    0.000    0.000    0.000
   0.480    0.026   -0.054   -0.081   -0.041    0.000    0.000    0.000    0.000    0.000    0.000    0.000    0.000    0.000    0.000    0.000    0.000    0.000    0.000    0.000
   0.651    0.196    0.116    0.036   -0.045   -0.036    0.000    0.000    0.000    0.000    0.000    0.000    0.000    0.000    0.000    0.000    0.000    0.000    0.000    0.000
   0.820    0.365    0.285    0.204    0.124    0.042   -0.038    0.000    0.000    0.000    0.000    0.000    0.000    0.000    0.000    0.000    0.000    0.000    0.000    0.000
   0.989    0.533    0.452    0.372    0.291    0.209    0.115    0.021    0.000    0.000    0.000    0.000    0.000    0.000    0.000    0.000    0.000    0.000    0.000    0.000
   1.040    0.583    0.502    0.421    0.340    0.259    0.164    0.070   -0.025    0.000    0.000    0.000    0.000    0.000    0.000    0.000    0.000    0.000    0.000    0.000
   1.060    0.603    0.522    0.441    0.360    0.278    0.183    0.089   -0.006   -0.108    0.000    0.000    0.000    0.000    0.000    0.000    0.000    0.000    0.000    0.000
   1.080    0.622    0.541    0.459    0.378    0.296    0.201    0.106    0.011   -0.091   -0.191    0.000    0.000    0.000    0.000    0.000    0.000    0.000    0.000    0.000
   1.097    0.638    0.557    0.475    0.394    0.311    0.217    0.121    0.026   -0.076   -0.181   -0.194    0.000    0.000    0.000    0.000    0.000    0.000    0.000    0.000
   1.111    0.652    0.570    0.488    0.407    0.324    0.229    0.134    0.038   -0.064   -0.169   -0.274   -0.197    0.000    0.000    0.000    0.000    0.000    0.000    0.000
   1.124    0.664    0.582    0.500    0.419    0.336    0.240    0.145    0.049   -0.054   -0.159   -0.264   -0.365   -0.199    0.000    0.000    0.000    0.000    0.000    0.000
   1.136    0.675    0.593    0.511    0.429    0.346    0.250    0.155    0.059   -0.045   -0.150   -0.256   -0.357   -0.400   -0.201    0.000    0.000    0.000    0.000    0.000
   1.058    0.595    0.513    0.431    0.349    0.266    0.170    0.074   -0.022   -0.126   -0.231   -0.337   -0.439   -0.533   -0.493   -0.292    0.000    0.000    0.000    0.000
   0.978    0.514    0.432    0.350    0.268    0.184    0.088   -0.008   -0.104   -0.208   -0.314   -0.420   -0.522   -0.617   -0.712   -0.587   -0.295    0.000    0.000    0.000
   0.776    0.312    0.230    0.147    0.065   -0.019   -0.115   -0.211   -0.308   -0.412   -0.519   -0.625   -0.727   -0.822   -0.918   -1.013   -0.711   -0.417    0.000    0.000
   0.176   -0.289   -0.371   -0.454   -0.537   -0.620   -0.717   -0.813   -0.910   -1.015   -1.121   -1.228   -1.331   -1.426   -1.522   -1.617   -1.527   -1.233   -0.817    0.000
  -0.425   -0.891   -0.973   -1.056   -1.139   -1.223   -1.320   -1.417   -1.514   -1.618   -1.725   -1.833   -1.935   -2.031   -2.127   -2.223   -2.180   -2.051   -1.635   -0.820
  -0.595   -1.062   -1.145   -1.228   -1.311   -1.395   -1.492   -1.589   -1.686   -1.792   -1.899   -2.006   -2.110   -2.206   -2.302   -2.398   -2.355   -2.312   -2.024   -1.209
  -0.480   -0.947   -1.030   -1.114   -1.197   -1.281   -1.378   -1.476   -1.573   -1.679   -1.786   -1.894   -1.997   -2.094   -2.190   -2.287   -2.244   -2.201   -2.143   -1.313
  -0.365   -0.834   -0.917   -1.001   -1.084   -1.169   -1.266   -1.363   -1.461   -1.567   -1.675   -1.783   -1.887   -1.984   -2.081   -2.177   -2.135   -2.091   -2.034   -1.419
  -0.252   -0.722   -0.805   -0.889   -0.973   -1.058   -1.155   -1.253   -1.351   -1.457   -1.565   -1.674   -1.778   -1.875   -1.972   -2.069   -2.027   -1.983   -1.926   -1.527
  -0.141   -0.612   -0.695   -0.779   -0.863   -0.948   -1.046   -1.144   -1.242   -1.348   -1.457   -1.566   -1.670   -1.768   -1.865   -1.963   -1.920   -1.877   -1.819   -1.574
  -0.031   -0.503   -0.587   -0.671   -0.755   -0.840   -0.938   -1.036   -1.135   -1.242   -1.351   -1.460   -1.564   -1.662   -1.760   -1.858   -1.815   -1.772   -1.715   -1.469
   0.077   -0.395   -0.480   -0.564   -0.648   -0.734   -0.832   -0.930   -1.029   -1.136   -1.246   -1.355   -1.460   -1.558   -1.657   -1.755   -1.712   -1.669   -1.612   -1.366
   0.184   -0.290   -0.374   -0.459   -0.543   -0.629   -0.727   -0.826   -0.925   -1.033   -1.142   -1.252   -1.358   -1.456   -1.555   -1.653   -1.611   -1.567   -1.510   -1.265
   0.289   -0.186   -0.270   -0.355   -0.440   -0.526   -0.625   -0.724   -0.823   -0.931   -1.041   -1.151   -1.257   -1.356   -1.454   -1.553   -1.511   -1.468   -1.411   -1.165
   0.392   -0.083   -0.168   -0.253   -0.338   -0.424   -0.523   -0.623   -0.722   -0.830   -0.941   -1.051   -1.157   -1.257   -1.356   -1.455   -1.413   -1.370   -1.313   -1.067
   0.398   -0.079   -0.164   -0.249   -0.334   -0.421   -0.520   -0.620   -0.719   -0.828   -0.939   -1.050   -1.156   -1.256   -1.355   -1.455   -1.413   -1.369   -1.313   -1.066
   0.428   -0.050   -0.135   -0.221   -0.306   -0.393   -0.492   -0.592   -0.692   -0.801   -0.912   -1.023   -1.130   -1.230   -1.330   -1.430   -1.388   -1.345   -1.288   -1.042
   0.496    0.017   -0.069   -0.154   -0.240   -0.327   -0.426   -0.527   -0.627   -0.736   -0.848   -0.959   -1.067   -1.167   -1.267   -1.368   -1.326   -1.282   -1.226   -0.979
   0.563    0.082   -0.003   -0.089   -0.175   -0.262   -0.362   -0.463   -0.563   -0.673   -0.785   -0.897   -1.004   -1.105   -1.206   -1.307   -1.265   -1.222   -1.165   -0.918
   0.628    0.147    0.061   -0.026   -0.112   -0.199   -0.299   -0.400   -0.501   -0.611   -0.723   -0.836   -0.944   -1.045   -1.146   -1.247   -1.205   -1.162   -1.106   -0.859
   0.692    0.209    0.123    0.037   -0.050   -0.137   -0.238   -0.339   -0.440   -0.550   -0.663   -0.776   -0.884   -0.986   -1.087   -1.189   -1.147   -1.104   -1.048   -0.801
   0.754    0.270    0.184    0.097    0.011   -0.077   -0.178   -0.279   -0.381   -0.491   -0.604   -0.718   -0.827   -0.929   -1.030   -1.132   -1.090   -1.048   -0.991   -0.744
   0.815    0.330    0.244    0.157    0.070   -0.018   -0.120   -0.221   -0.323   -0.434   -0.547   -0.661   -0.770   -0.873   -0.975   -1.077   -1.035   -0.993   -0.936   -0.689
   0.874    0.388    0.301    0.214    0.127    0.039   -0.063   -0.164   -0.266   -0.378   -0.492   -0.606   -0.716   -0.819   -0.921   -1.024   -0.982   -0.940   -0.883   -0.636
   0.932    0.445    0.357    0.270    0.183    0.094   -0.008   -0.110   -0.212   -0.324   -0.438   -0.553   -0.663   -0.766   -0.869   -0.973   -0.931   -0.888   -0.832   -0.584
   0.987    0.499    0.412    0.324    0.236    0.147    0.045   -0.057   -0.160   -0.272   -0.387   -0.502   -0.613   -0.716   -0.820   -0.923   -0.882   -0.839   -0.783   -0.535
   1.043    0.553    0.465    0.377    0.289    0.200    0.098   -0.005   -0.108   -0.221   -0.336   -0.452   -0.563   -0.666   -0.770   -0.874   -0.833   -0.790   -0.734   -0.486
   1.099    0.608    0.520    0.432    0.344    0.254    0.152    0.049   -0.055   -0.168   -0.284   -0.400   -0.511   -0.615   -0.720   -0.824   -0.783   -0.740   -0.684   -0.436
   1.154    0.661    0.573    0.485    0.396    0.307    0.203    0.100   -0.003   -0.117   -0.233   -0.350   -0.462   -0.566   -0.671   -0.776   -0.735   -0.692   -0.637   -0.388
   1.206    0.713    0.624    0.535    0.447    0.357    0.253    0.150    0.046   -0.068   -0.185   -0.302   -0.414   -0.520   -0.625   -0.730   -0.689   -0.646   -0.591   -0.342
   1.257    0.762    0.673    0.584    0.495    0.405    0.301    0.197    0.093   -0.022   -0.139   -0.256   -0.369   -0.475   -0.580   -0.686   -0.645   -0.602   -0.547   -0.298
   1.306    0.809    0.720    0.631    0.541    0.451    0.347    0.243    0.138    0.023   -0.095   -0.213   -0.326   -0.432   -0.538   -0.644   -0.603   -0.561   -0.505   -0.256
   1.369    0.871    0.782    0.692    0.602    0.512    0.407    0.303    0.198    0.082   -0.036   -0.154   -0.268   -0.375   -0.481   -0.588   -0.547   -0.505   -0.449   -0.199
   1.438    0.939    0.849    0.759    0.669    0.578    0.473    0.368    0.263    0.147    0.028   -0.090   -0.205   -0.312   -0.419   -0.526   -0.485   -0.443   -0.388   -0.137
   1.505    1.004    0.914    0.824    0.734    0.642    0.537    0.432    0.326    0.210    0.091   -0.029   -0.144   -0.251   -0.359   -0.466   -0.425   -0.383   -0.328   -0.078
   1.570    1.067    0.977    0.887    0.796    0.704    0.599    0.493    0.387    0.270    0.151    0.031   -0.085   -0.193   -0.301   -0.409   -0.368   -0.326   -0.271   -0.020
   1.632    1.128    1.038    0.947    0.856    0.764    0.658    0.552    0.446    0.328    0.208    0.088   -0.028   -0.137   -0.245   -0.354   -0.313   -0.271   -0.216    0.035
   1.692    1.187    1.096    1.005    0.914    0.822    0.715    0.609    0.502    0.384    0.264    0.143    0.026   -0.083   -0.192   -0.301   -0.260   -0.218   -0.163    0.088
   1.751    1.244    1.153    1.061    0.969    0.877    0.770    0.663    0.556    0.438    0.317    0.195    0.078   -0.031   -0.141   -0.251   -0.210   -0.168   -0.113    0.139
   1.806    1.298    1.206    1.115    1.023    0.930    0.823    0.715    0.608    0.489    0.367    0.245    0.128    0.018   -0.092   -0.203   -0.162   -0.120   -0.065    0.187
   1.860    1.350    1.258    1.166    1.074    0.980    0.873    0.765    0.657    0.538    0.416    0.293    0.175    0.065   -0.046   -0.157   -0.116   -0.075   -0.020    0.232
   1.911    1.400    1.307    1.215    1.122    1.028    0.921    0.813    0.704    0.584    0.462    0.338    0.220    0.109   -0.003   -0.114   -0.073   -0.032    0.023    0.275
   1.960    1.447    1.354    1.261    1.168    1.074    0.966    0.857    0.749    0.628    0.505    0.381    0.262    0.150    0.039   -0.073   -0.033    0.009    0.063    0.316
   2.006    1.491    1.398    1.305    1.212    1.117    1.009    0.900    0.791    0.670    0.546    0.421    0.302    0.189    0.077   -0.035    0.005    0.047    0.101    0.354
   2.050    1.533    1.440    1.347    1.253    1.158    1.049    0.940    0.830    0.709    0.584    0.459    0.339    0.226    0.113   -0.000    0.040    0.082    0.136    0.390
   2.116    1.597    1.503    1.409    1.315    1.220    1.111    1.001    0.891    0.769    0.644    0.518    0.397    0.284    0.170    0.057    0.097    0.138    0.192    0.446
   2.178    1.658    1.564    1.470    1.375    1.280    1.170    1.059    0.949    0.826    0.700    0.574    0.453    0.339    0.225    0.110    0.151    0.192    0.246    0.500
   2.238    1.716    1.622    1.527    1.432    1.336    1.226    1.115    1.004    0.881    0.755    0.628    0.506    0.391    0.276    0.162    0.202    0.243    0.297    0.552
   2.296    1.772    1.677    1.582    1.487    1.390    1.280    1.168    1.057    0.933    0.806    0.679    0.556    0.441    0.325    0.210    0.250    0.291    0.345    0.600
   2.351    1.825    1.729    1.634    1.538    1.442    1.330    1.219    1.107    0.983    0.855    0.727    0.603    0.487    0.371    0.255    0.295    0.337    0.390    0.646
   2.403    1.875    1.779    1.683    1.587    1.490    1.378    1.266    1.154    1.029    0.901    0.772    0.648    0.531    0.415    0.298    0.338    0.379    0.432    0.688
   2.452    1.922    1.826    1.730    1.633    1.536    1.424    1.311    1.198    1.073    0.943    0.814    0.689    0.572    0.455    0.337    0.377    0.418    0.472    0.728
   2.499    1.967    1.870    1.773    1.677    1.579    1.466    1.353    1.240    1.113    0.983    0.853    0.728    0.610    0.492    0.374    0.414    0.455    0.508    0.765
   2.542    2.008    1.911    1.814    1.717    1.618    1.505    1.392    1.278    1.151    1.020    0.889    0.763    0.645    0.526    0.408    0.447    0.488    0.541    0.798
   2.583    2.047    1.949    1.852    1.754    1.655    1.541    1.427    1.313    1.185    1.054    0.923    0.796    0.677    0.557    0.438    0.478    0.518    0.571    0.829
   2.621    2.082    1.985    1.887    1.788    1.689    1.575    1.460    1.345    1.217    1.085    0.953    0.825    0.705    0.585    0.465    0.505    0.546    0.598    0.856
   2.655    2.115    2.017    1.918    1.819    1.720    1.605    1.490    1.374    1.245    1.113    0.979    0.851    0.731    0.610    0.489    0.529    0.569    0.622    0.881
   2.687    2.144    2.045    1.946    1.847    1.747    1.632    1.516    1.400    1.270    1.137    1.003    0.874    0.753    0.631    0.510    0.549    0.590    0.642    0.901
   2.715    2.170    2.071    1.972    1.872    1.771    1.655    1.539    1.423    1.292    1.158    1.023    0.894    0.772    0.649    0.527    0.566    0.607    0.659    0.919
   2.740    2.193    2.093    1.993    1.893    1.792    1.676    1.559    1.442    1.311    1.176    1.040    0.910    0.787    0.664    0.541    0.580    0.621    0.673    0.933
   2.762    2.213    2.112    2.012    1.911    1.810    1.693    1.575    1.458    1.326    1.190    1.054    0.922    0.799    0.675    0.551    0.590    0.631    0.683    0.943
   2.781    2.229    2.128    2.027    1.926    1.824    1.706    1.588    1.470    1.337    1.201    1.063    0.931    0.807    0.683    0.558    0.597    0.637    0.689    0.950
   2.792    2.238    2.137    2.035    1.934    1.831    1.713    1.594    1.475    1.342    1.204    1.066    0.934    0.809    0.683    0.558    0.597    0.637    0.689    0.950
   2.869    2.312    2.210    2.109    2.006    1.903    1.784    1.665    1.546    1.411    1.273    1.134    1.000    0.875    0.748    0.622    0.661    0.701    0.753    1.015
   2.942    2.383    2.281    2.178    2.075    1.972    1.852    1.732    1.612    1.477    1.338    1.198    1.064    0.937    0.810    0.683    0.722    0.762    0.813    1.076
   3.012    2.450    2.347    2.244    2.141    2.036    1.916    1.796    1.675    1.539    1.399    1.258    1.123    0.995    0.868    0.740    0.778    0.818    0.870    1.133
   3.078    2.513    2.410    2.306    2.202    2.097    1.977    1.856    1.734    1.597    1.456    1.315    1.178    1.050    0.921    0.792    0.831    0.871    0.922    1.186
   3.140    2.572    2.469    2.364    2.260    2.154    2.033    1.911    1.789    1.652    1.510    1.367    1.230    1.101    0.971    0.841    0.880    0.920    0.971    1.235
   3.198    2.628    2.523    2.419    2.314    2.208    2.086    1.963    1.840    1.702    1.559    1.416    1.277    1.147    1.017    0.886    0.925    0.964    1.015    1.280
   3.253    2.679    2.574    2.469    2.364    2.257    2.134    2.011    1.888    1.748    1.604    1.460    1.321    1.190    1.058    0.926    0.965    1.004    1.055    1.321
   3.303    2.727    2.621    2.515    2.409    2.302    2.178    2.055    1.930    1.790    1.645    1.500    1.360    1.228    1.095    0.963    1.001    1.040    1.091    1.357
   3.350    2.770    2.664    2.558    2.451    2.343    2.219    2.094    1.969    1.828    1.682    1.536    1.394    1.261    1.128    0.994    1.033    1.072    1.123    1.390
   3.392    2.810    2.703    2.595    2.488    2.379    2.254    2.129    2.004    1.861    1.714    1.567    1.425    1.291    1.156    1.022    1.060    1.099    1.150    1.417
   3.430    2.844    2.737    2.629    2.521    2.412    2.286    2.160    2.033    1.890    1.742    1.594    1.450    1.316    1.180    1.045    1.083    1.122    1.172    1.440
   3.463    2.875    2.766    2.658    2.549    2.439    2.313    2.186    2.059    1.914    1.765    1.616    1.472    1.336    1.199    1.063    1.101    1.140    1.190    1.459
   3.492    2.900    2.792    2.682    2.573    2.462    2.335    2.208    2.079    1.934    1.784    1.633    1.488    1.351    1.214    1.076    1.114    1.153    1.203    1.472
   3.517    2.922    2.812    2.702    2.592    2.481    2.353    2.224    2.095    1.949    1.798    1.646    1.500    1.361    1.223    1.084    1.122    1.161    1.211    1.481
   3.537    2.938    2.828    2.717    2.606    2.494    2.365    2.236    2.107    1.959    1.807    1.654    1.506    1.367    1.227    1.087    1.125    1.164    1.213    1.485
   3.552    2.950    2.839    2.727    2.616    2.503    2.373    2.243    2.113    1.964    1.811    1.656    1.508    1.367    1.227    1.086    1.123    1.162    1.211    1.483
   3.562    2.956    2.844    2.732    2.620    2.507    2.376    2.245    2.114    1.964    1.809    1.654    1.504    1.362    1.221    1.078    1.116    1.154    1.204    1.476
   3.567    2.958    2.845    2.732    2.619    2.505    2.374    2.242    2.109    1.959    1.803    1.646    1.495    1.352    1.209    1.066    1.103    1.142    1.191    1.464
   3.544    2.931    2.818    2.704    2.590    2.475    2.343    2.210    2.077    1.925    1.768    1.610    1.457    1.314    1.169    1.025    1.062    1.100    1.149    1.424
   3.482    2.865    2.751    2.636    2.522    2.406    2.272    2.139    2.004    1.851    1.693    1.534    1.380    1.235    1.089    0.944    0.981    1.019    1.068    1.343
   3.414    2.793    2.678    2.563    2.447    2.330    2.196    2.061    1.926    1.772    1.612    1.452    1.297    1.150    1.004    0.857    0.894    0.932    0.980    1.256
   3.340    2.715    2.599    2.483    2.367    2.249    2.114    1.978    1.842    1.687    1.525    1.364    1.207    1.060    0.912    0.763    0.800    0.838    0.887    1.164
   3.296    2.667    2.550    2.433    2.316    2.198    2.062    1.925    1.788    1.631    1.468    1.305    1.147    0.998    0.849    0.699    0.736    0.774    0.822    1.100
   3.246    2.613    2.495    2.377    2.259    2.140    2.003    1.865    1.727    1.569    1.405    1.240    1.081    0.931    0.780    0.629    0.666    0.704    0.752    1.031
   3.158    2.520    2.402    2.283    2.164    2.044    1.906    1.767    1.628    1.468    1.303    1.137    0.976    0.825    0.673    0.520    0.557    0.594    0.642    0.922
   3.062    2.420    2.301    2.181    2.062    1.940    1.801    1.661    1.521    1.360    1.193    1.025    0.863    0.711    0.557    0.403    0.440    0.477    0.525    0.806
   2.900    2.253    2.133    2.012    1.891    1.769    1.629    1.488    1.347    1.184    1.016    0.847    0.683    0.529    0.374    0.219    0.255    0.292    0.340    0.622
   2.488    1.836    1.715    1.594    1.472    1.349    1.207    1.065    0.923    0.759    0.589    0.418    0.254    0.098   -0.059   -0.215   -0.179   -0.142   -0.095    0.188
   2.542    1.885    1.763    1.641    1.518    1.394    1.251    1.108    0.964    0.799    0.627    0.455    0.289    0.131   -0.026   -0.185   -0.149   -0.111   -0.065    0.219
   2.707    2.045    1.922    1.799    1.675    1.550    1.406    1.262    1.117    0.950    0.777    0.603    0.435    0.276    0.117   -0.043   -0.007    0.030    0.076    0.361
   2.865    2.198    2.074    1.950    1.825    1.698    1.553    1.408    1.262    1.093    0.919    0.743    0.573    0.413    0.252    0.091    0.126    0.163    0.210    0.496
   3.015    2.344    2.218    2.093    1.967    1.840    1.693    1.547    1.399    1.229    1.053    0.876    0.704    0.542    0.380    0.217    0.252    0.289    0.335    0.623
   3.158    2.481    2.355    2.229    2.102    1.973    1.826    1.678    1.529    1.357    1.179    1.000    0.827    0.664    0.499    0.335    0.370    0.407    0.453    0.741
   3.294    2.612    2.484    2.357    2.229    2.099    1.950    1.801    1.651    1.478    1.298    1.117    0.942    0.777    0.611    0.445    0.480    0.516    0.562    0.852
   3.422    2.734    2.605    2.477    2.347    2.217    2.067    1.916    1.765    1.590    1.408    1.225    1.049    0.882    0.714    0.546    0.581    0.617    0.663    0.954
   3.541    2.848    2.718    2.588    2.458    2.326    2.174    2.022    1.870    1.693    1.509    1.325    1.147    0.978    0.808    0.639    0.674    0.710    0.755    1.047
   3.653    2.953    2.822    2.691    2.560    2.427    2.274    2.120    1.966    1.788    1.602    1.416    1.236    1.065    0.894    0.722    0.757    0.793    0.838    1.131
   3.755    3.050    2.918    2.786    2.653    2.518    2.364    2.209    2.054    1.873    1.686    1.498    1.315    1.143    0.970    0.797    0.831    0.867    0.912    1.206
   3.849    3.138    3.004    2.871    2.737    2.601    2.445    2.289    2.132    1.950    1.760    1.570    1.386    1.212    1.037    0.861    0.896    0.932    0.976    1.272
   3.934    3.216    3.082    2.947    2.811    2.674    2.517    2.359    2.201    2.017    1.825    1.633    1.447    1.271    1.094    0.917    0.951    0.986    1.030    1.328
   4.009    3.285    3.149    3.013    2.876    2.738    2.579    2.420    2.260    2.074    1.880    1.686    1.498    1.320    1.141    0.962    0.996    1.031    1.075    1.374
   4.075    3.344    3.207    3.069    2.931    2.791    2.631    2.470    2.309    2.121    1.925    1.729    1.538    1.358    1.178    0.996    1.030    1.065    1.109    1.409
   4.220    3.482    3.344    3.205    3.065    2.924    2.762    2.600    2.437    2.247    2.049    1.850    1.658    1.475    1.293    1.109    1.143    1.178    1.221    1.523
   4.354    3.610    3.470    3.329    3.189    3.046    2.883    2.719    2.554    2.361    2.161    1.960    1.766    1.582    1.397    1.212    1.245    1.280    1.323    1.626
   3.862    3.111    2.969    2.827    2.685    2.541    2.376    2.210    2.044    1.850    1.647    1.444    1.247    1.061    0.874    0.687    0.720    0.754    0.797    1.101
   2.748    1.989    1.846    1.703    1.559    1.414    1.247    1.079    0.911    0.715    0.510    0.305    0.106   -0.083   -0.272   -0.462   -0.429   -0.394   -0.352   -0.046
   2.869    2.103    1.958    1.814    1.668    1.521    1.353    1.184    1.014    0.815    0.608    0.400    0.199    0.008   -0.183   -0.375   -0.342   -0.308   -0.266    0.041
   2.971    2.197    2.051    1.905    1.758    1.610    1.440    1.269    1.097    0.896    0.687    0.476    0.273    0.080   -0.114   -0.308   -0.275   -0.241   -0.200    0.109
   3.036    2.254    2.107    1.959    1.810    1.660    1.488    1.316    1.142    0.939    0.727    0.514    0.308    0.113   -0.083   -0.279   -0.247   -0.213   -0.172    0.138
   3.087    2.297    2.148    1.999    1.849    1.697    1.523    1.348    1.173    0.967    0.753    0.538    0.330    0.132   -0.066   -0.265   -0.232   -0.199   -0.158    0.154
   3.138    2.341    2.190    2.039    1.887    1.734    1.558    1.382    1.205    0.997    0.780    0.562    0.351    0.151   -0.049   -0.250   -0.218   -0.185   -0.145    0.169
   3.273    2.467    2.314    2.162    2.009    1.853    1.676    1.498    1.319    1.108    0.889    0.668    0.455    0.253    0.050   -0.153   -0.122   -0.089   -0.049    0.266
   3.497    2.683    2.529    2.374    2.219    2.063    1.883    1.703    1.522    1.309    1.087    0.864    0.648    0.444    0.238    0.033    0.064    0.097    0.136    0.453
   3.685    2.863    2.707    2.551    2.394    2.236    2.054    1.872    1.689    1.474    1.249    1.024    0.805    0.598    0.391    0.183    0.214    0.246    0.285    0.603
   3.774    2.942    2.785    2.627    2.469    2.308    2.125    1.941    1.756    1.538    1.311    1.083    0.862    0.652    0.442    0.231    0.262    0.295    0.333    0.653
   3.847    3.006    2.847    2.688    2.527    2.365    2.180    1.994    1.807    1.586    1.356    1.126    0.902    0.690    0.478    0.265    0.295    0.327    0.365    0.686
   3.904    3.054    2.893    2.732    2.570    2.406    2.219    2.031    1.842    1.619    1.386    1.152    0.926    0.712    0.497    0.281    0.312    0.343    0.381    0.704
   3.944    3.086    2.923    2.760    2.596    2.431    2.241    2.051    1.860    1.634    1.399    1.163    0.934    0.717    0.499    0.281    0.311    0.343    0.380    0.704
   3.967    3.100    2.936    2.771    2.605    2.438    2.246    2.054    1.861    1.633    1.394    1.155    0.924    0.705    0.485    0.264    0.294    0.325    0.362    0.687
   4.101    3.224    3.058    2.891    2.724    2.554    2.361    2.166    1.971    1.740    1.500    1.258    1.024    0.802    0.579    0.356    0.386    0.416    0.453    0.780
   4.301    3.415    3.247    3.078    2.909    2.738    2.542    2.346    2.149    1.915    1.671    1.427    1.190    0.966    0.741    0.515    0.544    0.575    0.610    0.939
   4.482    3.587    3.417    3.246    3.075    2.902    2.704    2.506    2.307    2.071    1.824    1.577    1.338    1.111    0.883    0.655    0.684    0.714    0.749    1.079
   4.690    3.786    3.614    3.441    3.269    3.094    2.894    2.693    2.492    2.253    2.004    1.754    1.512    1.283    1.053    0.823    0.851    0.881    0.915    1.246
   4.772    3.858    3.684    3.510    3.335    3.159    2.957    2.754    2.551    2.310    2.058    1.805    1.561    1.329    1.097    0.864    0.892    0.921    0.955    1.287
   4.673    3.750    3.574    3.398    3.222    3.043    2.839    2.635    2.430    2.186    1.931    1.676    1.429    1.194    0.960    0.725    0.752    0.781    0.815    1.148
   4.553    3.621    3.443    3.265    3.087    2.907    2.701    2.494    2.287    2.040    1.783    1.525    1.276    1.039    0.802    0.565    0.592    0.620    0.653    0.987
   4.411    3.469    3.290    3.110    2.930    2.748    2.540    2.332    2.123    1.874    1.614    1.353    1.101    0.862    0.623    0.383    0.410    0.438    0.470    0.805
   4.246    3.295    3.114    2.933    2.751    2.567    2.357    2.147    1.936    1.684    1.422    1.159    0.904    0.663    0.422    0.180    0.206    0.234    0.265    0.601
   4.057    3.098    2.915    2.732    2.549    2.363    2.151    1.939    1.726    1.472    1.207    0.942    0.685    0.442    0.198   -0.046   -0.020    0.007    0.038    0.374
   3.855    2.887    2.702    2.517    2.332    2.145    1.931    1.717    1.503    1.246    0.979    0.711    0.452    0.206   -0.039   -0.286   -0.260   -0.233   -0.203    0.134
   3.627    2.651    2.465    2.278    2.091    1.903    1.687    1.471    1.255    0.996    0.727    0.456    0.195   -0.052   -0.300   -0.548   -0.523   -0.497   -0.467   -0.130
   3.374    2.390    2.202    2.014    1.825    1.635    1.418    1.200    0.982    0.722    0.450    0.177   -0.086   -0.336   -0.585   -0.835   -0.811   -0.785   -0.756   -0.418
   3.228    2.236    2.046    1.857    1.667    1.475    1.256    1.037    0.818    0.555    0.281    0.006   -0.259   -0.510   -0.762   -1.014   -0.990   -0.964   -0.936   -0.598
   3.055    2.055    1.865    1.673    1.482    1.289    1.069    0.848    0.627    0.362    0.086   -0.190   -0.458   -0.711   -0.964   -1.218   -1.194   -1.169   -1.141   -0.803
   2.854    1.848    1.655    1.463    1.270    1.076    0.854    0.632    0.410    0.143   -0.135   -0.413   -0.682   -0.937   -1.192   -1.447   -1.424   -1.399   -1.373   -1.035
   2.625    1.612    1.418    1.224    1.031    0.835    0.612    0.388    0.165   -0.104   -0.383   -0.663   -0.934   -1.191   -1.447   -1.703   -1.681   -1.656   -1.630   -1.293
   2.366    1.347    1.152    0.957    0.762    0.566    0.341    0.117   -0.108   -0.378   -0.660   -0.941   -1.213   -1.471   -1.729   -1.986   -1.964   -1.941   -1.915   -1.578
   2.078    1.053    0.857    0.661    0.465    0.267    0.042   -0.184   -0.410   -0.681   -0.964   -1.247   -1.521   -1.780   -2.039   -2.297   -2.276   -2.253   -2.228   -1.892
   1.758    0.729    0.532    0.335    0.138   -0.061   -0.287   -0.514   -0.741   -1.014   -1.298   -1.582   -1.857   -2.117   -2.377   -2.637   -2.616   -2.593   -2.569   -2.234
   1.407    0.373    0.175   -0.022   -0.220   -0.420   -0.647   -0.875   -1.102   -1.376   -1.661   -1.947   -2.223   -2.484   -2.745   -3.005   -2.985   -2.963   -2.940   -2.605
   1.024   -0.014   -0.213   -0.411   -0.610   -0.810   -1.038   -1.266   -1.495   -1.769   -2.056   -2.342   -2.619   -2.881   -3.142   -3.404   -3.384   -3.363   -3.340   -3.007
   0.607   -0.434   -0.633   -0.832   -1.031   -1.232   -1.461   -1.690   -1.919   -2.194   -2.482   -2.769   -3.046   -3.309   -3.571   -3.833   -3.814   -3.793   -3.772   -3.440
   0.467   -0.577   -0.776   -0.976   -1.176   -1.377   -1.606   -1.835   -2.065   -2.341   -2.629   -2.917   -3.195   -3.458   -3.721   -3.983   -3.964   -3.944   -3.924   -3.593
   0.292   -0.754   -0.954   -1.154   -1.354   -1.556   -1.785   -2.015   -2.244   -2.521   -2.809   -3.098   -3.376   -3.640   -3.903   -4.166   -4.147   -4.128   -4.108   -3.779
   0.080   -0.967   -1.167   -1.367   -1.567   -1.769   -1.999   -2.229   -2.458   -2.735   -3.024   -3.313   -3.591   -3.855   -4.119   -4.382   -4.364   -4.345   -4.326   -3.999
  -0.169   -1.216   -1.417   -1.617   -1.817   -2.019   -2.249   -2.479   -2.708   -2.986   -3.275   -3.563   -3.842   -4.106   -4.369   -4.632   -4.615   -4.597   -4.579   -4.254
  -0.456   -1.503   -1.704   -1.904   -2.105   -2.306   -2.536   -2.766   -2.995   -3.272   -3.561   -3.850   -4.129   -4.393   -4.656   -4.919   -4.903   -4.885   -4.868   -4.545
  -0.784   -1.830   -2.030   -2.231   -2.431   -2.632   -2.862   -3.091   -3.320   -3.597   -3.886   -4.175   -4.453   -4.717   -4.980   -5.243   -5.227   -5.210   -5.194   -4.874
  -1.152   -2.197   -2.397   -2.597   -2.797   -2.998   -3.227   -3.456   -3.685   -3.962   -4.251   -4.539   -4.817   -5.080   -5.343   -5.606   -5.590   -5.574   -5.559   -5.241
  -1.563   -2.606   -2.806   -3.005   -3.205   -3.406   -3.635   -3.863   -4.091   -4.368   -4.656   -4.944   -5.221   -5.484   -5.747   -6.009   -5.994   -5.978   -5.964   -5.649
  -2.019   -3.059   -3.258   -3.458   -3.657   -3.857   -4.085   -4.313   -4.541   -4.816   -5.104   -5.391   -5.668   -5.930   -6.192   -6.454   -6.440   -6.425   -6.411   -6.099
  -3.433   -4.469   -4.668   -4.866   -5.065   -5.265   -5.492   -5.719   -5.946   -6.221   -6.508   -6.794   -7.071   -7.332   -7.593   -7.854   -7.841   -7.826   -7.814   -7.505
  -4.628   -5.660   -5.858   -6.056   -6.254   -6.453   -6.679   -6.906   -7.132   -7.406   -7.692   -7.977   -8.253   -8.514   -8.774   -9.034   -9.021   -9.008   -8.996   -8.690
  -5.874   -6.902   -7.099   -7.296   -7.493   -7.691   -7.917   -8.142   -8.367   -8.640   -8.925   -9.210   -9.484   -9.744  -10.004  -10.263  -10.251  -10.238  -10.227   -9.925
  -7.173   -8.196   -8.392   -8.589   -8.785   -8.982   -9.207   -9.431   -9.655   -9.927  -10.211  -10.494  -10.768  -11.026  -11.285  -11.543  -11.532  -11.519  -11.510  -11.211
  -8.529   -9.546   -9.742   -9.937  -10.132  -10.329  -10.552  -10.775  -10.998  -11.268  -11.551  -11.833  -12.105  -12.363  -12.621  -12.877  -12.867  -12.855  -12.847  -12.551
  -9.945  -10.956  -11.150  -11.345  -11.539  -11.734  -11.956  -12.178  -12.399  -12.669  -12.950  -13.231  -13.502  -13.758  -14.014  -14.270  -14.260  -14.249  -14.241  -13.950
 -11.424  -12.429  -12.622  -12.815  -13.008  -13.202  -13.423  -13.643  -13.863  -14.131  -14.411  -14.690  -14.960  -15.215  -15.470  -15.724  -15.715  -15.705  -15.698  -15.411
 -12.888  -13.885  -14.077  -14.269  -14.461  -14.654  -14.873  -15.092  -15.310  -15.577  -15.855  -16.133  -16.401  -16.655  -16.908  -17.161  -17.153  -17.143  -17.137  -16.854
 -14.425  -15.414  -15.605  -15.795  -15.986  -16.177  -16.395  -16.612  -16.829  -17.094  -17.370  -17.646  -17.913  -18.165  -18.417  -18.668  -18.661  -18.652  -18.648  -18.368
 -16.039  -17.021  -17.210  -17.399  -17.588  -17.778  -17.994  -18.209  -18.425  -18.688  -18.963  -19.237  -19.501  -19.752  -20.002  -20.252  -20.246  -20.238  -20.234  -19.959
 -17.738  -18.711  -18.899  -19.086  -19.274  -19.462  -19.676  -19.890  -20.104  -20.365  -20.638  -20.910  -21.173  -21.422  -21.670  -21.918  -21.913  -21.906  -21.903  -21.633
 -20.067  -21.030  -21.217  -21.402  -21.588  -21.775  -21.987  -22.199  -22.411  -22.670  -22.941  -23.211  -23.472  -23.719  -23.966  -24.212  -24.207  -24.201  -24.200  -23.934
 -22.495  -23.449  -23.633  -23.818  -24.001  -24.187  -24.397  -24.607  -24.817  -25.074  -25.343  -25.611  -25.869  -26.115  -26.360  -26.604  -26.600  -26.594  -26.594  -26.333
 -25.032  -25.976  -26.159  -26.341  -26.524  -26.707  -26.915  -27.123  -27.331  -27.586  -27.852  -28.118  -28.374  -28.618  -28.860  -29.103  -29.099  -29.095  -29.096  -28.840
 -27.691  -28.624  -28.805  -28.985  -29.165  -29.347  -29.553  -29.759  -29.964  -30.217  -30.481  -30.744  -30.998  -31.239  -31.480  -31.720  -31.718  -31.714  -31.716  -31.466
