   0.000    0.000    0.000    0.000    0.000    0.000    0.000    0.000    0.000    0.000    0.000    0.000    0.000    0.000    0.000    0.000    0.000    0.000    0.000    0.000
  -0.821    0.000    0.000    0.000    0.000    0.000    0.000    0.000    0.000    0.000    0.000    0.000    0.000    0.000    0.000    0.000    0.000    0.000    0.000    0.000
  -0.779    0.040    0.000    0.000    0.000    0.000    0.000    0.000    0.000    0.000    0.000    0.000    0.000    0.000    0.000    0.000    0.000    0.000    0.000    0.000
  -0.590    0.079    0.039    0.000    0.000    0.000    0.000    0.000    0.000    0.000    0.000    0.000    0.000    0.000    0.000    0.000    0.000    0.000    0.000    0.000
  -0.319    0.116    0.076    0.037    0.000    0.000    0.000    0.000    0.000    0.000    0.000    0.000    0.000    0.000    0.000    0.000    0.000    0.000    0.000    0.000
  -0.046    0.154    0.114    0.075    0.038    0.000    0.000    0.000    0.000    0.000    0.000    0.000    0.000    0.000    0.000    0.000    0.000    0.000    0.000    0.000
   0.253    0.217    0.177    0.139    0.102    0.064    0.000    0.000    0.000    0.000    0.000    0.000    0.000    0.000    0.000    0.000    0.000    0.000    0.000    0.000
  -0.921   -1.193   -1.233   -1.272   -1.309   -1.347   -1.410    0.000    0.000    0.000    0.000    0.000    0.000    0.000    0.000    0.000    0.000    0.000    0.000    0.000
  -2.098   -2.448   -2.633   -2.685   -2.721   -2.759   -2.823   -1.415    0.000    0.000    0.000    0.000    0.000    0.000    0.000    0.000    0.000    0.000    0.000    0.000
  -3.276   -3.627   -3.812   -3.999   -4.136   -4.174   -4.238   -2.831   -1.419    0.000    0.000    0.000    0.000    0.000    0.000    0.000    0.000    0.000    0.000    0.000
  -4.456   -4.808   -4.993   -5.180   -5.368   -5.555   -5.654   -4.250   -2.840   -1.423    0.000    0.000    0.000    0.000    0.000    0.000    0.000    0.000    0.000    0.000
  -5.637   -5.990   -6.176   -6.363   -6.551   -6.739   -6.910   -5.671   -4.263   -2.848   -1.427    0.000    0.000    0.000    0.000    0.000    0.000    0.000    0.000    0.000
  -6.846   -7.200   -7.386   -7.574   -7.763   -7.951   -8.122   -7.121   -5.715   -4.302   -2.883   -1.458    0.000    0.000    0.000    0.000    0.000    0.000    0.000    0.000
  -8.084   -8.438   -8.625   -8.813   -9.002   -9.191   -9.362   -8.409   -7.195   -5.785   -4.368   -2.945   -1.489    0.000    0.000    0.000    0.000    0.000    0.000    0.000
  -9.323   -9.678   -9.866  -10.054  -10.244  -10.433  -10.605   -9.649   -8.677   -7.269   -5.855   -4.434   -2.980   -1.493    0.000    0.000    0.000    0.000    0.000    0.000
 -10.564  -10.920  -11.108  -11.297  -11.487  -11.676  -11.849  -10.890   -9.956   -8.756   -7.344   -5.925   -4.474   -2.989   -1.498    0.000    0.000    0.000    0.000    0.000
  -9.781  -10.138  -10.326  -10.515  -10.706  -10.896  -11.069  -10.108   -9.172   -8.220   -6.809   -5.393   -3.944   -2.462   -0.973    0.523    0.000    0.000    0.000    0.000
  -9.000   -9.358   -9.546   -9.736   -9.927  -10.117  -10.291   -9.328   -8.389   -7.474   -6.277   -4.863   -3.416   -1.936   -0.450    1.044    0.521    0.000    0.000    0.000
  -8.220   -8.578   -8.767   -8.957   -9.149   -9.339   -9.513   -8.548   -7.608   -6.690   -5.746   -4.334   -2.890   -1.412    0.072    1.563    1.042    0.521    0.000    0.000
  -7.429   -7.788   -7.978   -8.169   -8.360   -8.551   -8.726   -7.758   -6.816   -5.896   -4.998   -3.796   -2.353   -0.878    0.603    2.092    1.572    1.052    0.532    0.000
  -6.641   -7.000   -7.190   -7.382   -7.574   -7.765   -7.940   -6.971   -6.026   -5.104   -4.204   -3.260   -1.820   -0.347    1.132    2.619    2.099    1.580    1.061    0.530
  -5.854   -6.215   -6.405   -6.597   -6.789   -6.981   -7.156   -6.185   -5.237   -4.314   -3.412   -2.531   -1.289    0.182    1.659    3.143    2.624    2.106    1.587    1.057
  -5.069   -5.431   -5.622   -5.814   -6.007   -6.199   -6.375   -5.401   -4.451   -3.525   -2.621   -1.739   -0.760    0.708    2.183    3.665    3.147    2.629    2.111    1.582
  -4.286   -4.649   -4.840   -5.033   -5.226   -5.419   -5.595   -4.619   -3.667   -2.739   -1.833   -0.949   -0.031    1.232    2.705    4.184    3.667    3.150    2.633    2.105
  -3.505   -3.869   -4.061   -4.254   -4.448   -4.641   -4.818   -3.839   -2.885   -1.954   -1.047   -0.160    0.759    1.754    3.224    4.701    4.184    3.668    3.152    2.625
  -2.727   -3.091   -3.283   -3.477   -3.671   -3.866   -4.042   -3.061   -2.104   -1.172   -0.262    0.626    1.548    2.499    3.740    5.215    4.699    4.184    3.669    3.142
  -1.950   -2.315   -2.508   -2.702   -2.897   -3.092   -3.269   -2.285   -1.326   -0.391    0.521    1.411    2.334    3.287    4.254    5.726    5.211    4.697    4.183    3.657
  -1.175   -1.541   -1.735   -1.929   -2.125   -2.320   -2.498   -1.511   -0.550    0.387    1.301    2.194    3.119    4.074    5.005    6.235    5.721    5.208    4.694    4.170
  -0.403   -0.770   -0.964   -1.159   -1.355   -1.550   -1.728   -0.739    0.225    1.164    2.080    2.974    3.901    4.858    5.792    6.703    6.228    5.716    5.203    4.679
   0.368   -0.000   -0.194   -0.390   -0.587   -0.783   -0.962    0.031    0.997    1.938    2.857    3.753    4.682    5.641    6.576    7.490    6.753    6.221    5.709    5.186
   1.136    0.767    0.572    0.376    0.179   -0.018   -0.197    0.798    1.767    2.711    3.631    4.530    5.461    6.422    7.359    8.274    7.536    6.781    6.213    5.691
   1.279    0.909    0.714    0.517    0.319    0.122   -0.057    0.940    1.911    2.858    3.780    4.681    5.614    6.578    7.517    8.434    7.694    6.938    6.179    5.569
   1.421    1.050    0.854    0.656    0.458    0.260    0.080    1.080    2.054    3.003    3.928    4.831    5.766    6.732    7.673    8.592    7.850    7.093    6.332    5.691
   1.560    1.188    0.992    0.794    0.595    0.397    0.216    1.219    2.196    3.147    4.074    4.979    5.917    6.884    7.828    8.748    8.006    7.246    6.484    5.841
   1.699    1.326    1.128    0.930    0.731    0.532    0.351    1.357    2.336    3.289    4.219    5.126    6.066    7.036    7.981    8.903    8.159    7.398    6.635    5.990
   1.835    1.461    1.263    1.065    0.865    0.665    0.483    1.492    2.474    3.430    4.362    5.272    6.214    7.186    8.133    9.057    8.312    7.549    6.784    6.138
   1.970    1.595    1.397    1.197    0.997    0.797    0.614    1.626    2.611    3.570    4.504    5.416    6.360    7.334    8.284    9.210    8.463    7.698    6.931    6.284
   2.103    1.727    1.528    1.328    1.127    0.926    0.744    1.758    2.746    3.707    4.644    5.558    6.505    7.481    8.433    9.361    8.612    7.846    7.077    6.428
   2.235    1.857    1.658    1.458    1.256    1.055    0.871    1.889    2.879    3.843    4.783    5.699    6.648    7.627    8.580    9.511    8.760    7.992    7.222    6.571
   2.365    1.986    1.786    1.585    1.383    1.181    0.997    2.018    3.011    3.977    4.920    5.838    6.790    7.771    8.726    9.659    8.907    8.137    7.365    6.713
   2.479    2.100    1.899    1.697    1.494    1.292    1.108    2.131    3.127    4.097    5.042    5.963    6.916    7.900    8.858    9.792    9.039    8.267    7.493    6.839
   2.572    2.192    1.991    1.788    1.585    1.381    1.196    2.223    3.222    4.195    5.142    6.066    7.022    8.007    8.968    9.904    9.149    8.376    7.600    6.945
   2.661    2.279    2.077    1.874    1.670    1.466    1.280    2.311    3.313    4.288    5.238    6.164    7.122    8.111    9.073   10.012    9.255    8.480    7.702    7.045
   2.734    2.351    2.148    1.945    1.740    1.535    1.349    2.383    3.388    4.366    5.318    6.247    7.208    8.199    9.164   10.105    9.346    8.569    7.789    7.131
   2.805    2.421    2.218    2.013    1.808    1.603    1.416    2.453    3.461    4.442    5.397    6.328    7.292    8.285    9.253   10.196    9.435    8.657    7.875    7.214
   2.874    2.489    2.285    2.080    1.874    1.668    1.481    2.521    3.532    4.516    5.474    6.408    7.374    8.370    9.340   10.285    9.523    8.742    7.958    7.296
   2.941    2.555    2.350    2.145    1.938    1.731    1.543    2.587    3.601    4.588    5.549    6.486    7.455    8.453    9.425   10.373    9.608    8.826    8.040    7.376
   3.006    2.618    2.413    2.207    1.999    1.792    1.604    2.651    3.668    4.658    5.622    6.561    7.533    8.534    9.509   10.459    9.692    8.908    8.120    7.455
   3.078    2.689    2.483    2.276    2.068    1.860    1.671    2.721    3.742    4.735    5.702    6.644    7.618    8.622    9.599   10.551    9.783    8.997    8.207    7.540
   3.154    2.764    2.557    2.350    2.141    1.932    1.742    2.796    3.821    4.817    5.787    6.731    7.708    8.715    9.694   10.649    9.879    9.091    8.299    7.630
   3.228    2.837    2.629    2.421    2.211    2.002    1.811    2.869    3.897    4.896    5.869    6.817    7.797    8.806    9.788   10.745    9.973    9.183    8.388    7.718
   3.300    2.907    2.699    2.490    2.280    2.070    1.878    2.940    3.971    4.974    5.950    6.900    7.883    8.895    9.880   10.839   10.065    9.273    8.476    7.803
   3.370    2.975    2.767    2.557    2.346    2.135    1.943    3.008    4.043    5.049    6.028    6.981    7.967    8.982    9.969   10.932   10.156    9.361    8.562    7.887
   3.437    3.041    2.832    2.621    2.409    2.198    2.005    3.074    4.113    5.122    6.104    7.060    8.049    9.067   10.057   11.022   10.244    9.447    8.646    7.969
   3.502    3.105    2.895    2.683    2.471    2.258    2.065    3.138    4.180    5.193    6.178    7.137    8.129    9.150   10.143   11.110   10.330    9.531    8.728    8.049
   3.565    3.166    2.955    2.743    2.530    2.317    2.122    3.199    4.245    5.261    6.250    7.212    8.207    9.231   10.227   11.197   10.414    9.613    8.808    8.127
   3.625    3.225    3.013    2.800    2.586    2.372    2.177    3.258    4.308    5.328    6.320    7.285    8.283    9.310   10.308   11.281   10.497    9.693    8.885    8.202
   3.683    3.281    3.069    2.855    2.640    2.425    2.229    3.315    4.368    5.391    6.387    7.355    8.356    9.386   10.388   11.363   10.577    9.771    8.961    8.276
   3.738    3.335    3.122    2.907    2.691    2.475    2.279    3.368    4.426    5.453    6.452    7.423    8.428    9.461   10.465   11.443   10.655    9.847    9.034    8.347
   3.791    3.386    3.172    2.956    2.740    2.523    2.326    3.420    4.481    5.512    6.514    7.489    8.497    9.533   10.541   11.521   10.731    9.920    9.105    8.415
   3.841    3.434    3.220    3.003    2.786    2.568    2.370    3.468    4.534    5.568    6.574    7.553    8.563    9.603   10.614   11.597   10.804    9.991    9.173    8.482
   3.912    3.504    3.289    3.071    2.853    2.635    2.436    3.538    4.608    5.646    6.656    7.638    8.652    9.695   10.709   11.695   10.900   10.084    9.264    8.570
   3.981    3.571    3.355    3.137    2.917    2.698    2.499    3.605    4.679    5.722    6.735    7.720    8.738    9.784   10.801   11.791   10.993   10.175    9.352    8.656
   4.047    3.636    3.418    3.199    2.979    2.759    2.558    3.670    4.748    5.794    6.811    7.800    8.821    9.871   10.891   11.884   11.084   10.263    9.437    8.739
   4.110    3.697    3.479    3.259    3.038    2.817    2.615    3.731    4.814    5.864    6.885    7.878    8.902    9.956   10.979   11.975   11.172   10.349    9.520    8.820
   4.170    3.756    3.536    3.316    3.093    2.872    2.669    3.790    4.877    5.932    6.956    7.952    8.981   10.038   11.065   12.063   11.258   10.432    9.601    8.898
   4.228    3.811    3.591    3.369    3.146    2.923    2.720    3.846    4.937    5.996    7.025    8.025    9.057   10.118   11.148   12.150   11.342   10.513    9.679    8.974
   4.282    3.864    3.643    3.420    3.196    2.972    2.768    3.899    4.995    6.058    7.091    8.094    9.130   10.195   11.228   12.233   11.423   10.592    9.755    9.047
   4.333    3.913    3.691    3.468    3.243    3.018    2.813    3.948    5.049    6.117    7.153    8.161    9.201   10.269   11.306   12.315   11.502   10.667    9.828    9.117
   4.382    3.960    3.737    3.512    3.286    3.060    2.855    3.995    5.100    6.173    7.214    8.225    9.269   10.341   11.382   12.393   11.578   10.741    9.898    9.185
   4.427    4.003    3.779    3.553    3.326    3.100    2.893    4.038    5.149    6.225    7.271    8.286    9.334   10.410   11.454   12.470   11.651   10.811    9.965    9.249
   4.469    4.043    3.818    3.591    3.363    3.135    2.928    4.079    5.194    6.275    7.325    8.345    9.396   10.476   11.525   12.543   11.722   10.879   10.030    9.311
   4.507    4.080    3.854    3.626    3.397    3.168    2.959    4.116    5.236    6.322    7.376    8.400    9.456   10.540   11.592   12.614   11.790   10.944   10.092    9.371
   4.543    4.113    3.886    3.657    3.427    3.197    2.987    4.149    5.274    6.365    7.424    8.452    9.512   10.601   11.657   12.682   11.855   11.006   10.151    9.427
   4.575    4.143    3.915    3.685    3.454    3.222    3.012    4.179    5.310    6.406    7.469    8.501    9.566   10.658   11.718   12.748   11.918   11.066   10.207    9.480
   4.603    4.170    3.940    3.709    3.477    3.244    3.033    4.206    5.342    6.443    7.511    8.547    9.616   10.713   11.777   12.811   11.978   11.122   10.260    9.530
   4.628    4.192    3.962    3.730    3.496    3.263    3.050    4.229    5.370    6.476    7.549    8.590    9.664   10.765   11.833   12.870   12.034   11.176   10.310    9.577
   5.005    4.568    4.336    4.103    3.868    3.633    3.419    4.604    5.751    6.862    7.940    8.986   10.064   11.170   12.242   13.283   12.444   11.582   10.713    9.977
   5.452    5.012    4.779    4.545    4.308    4.073    3.858    5.049    6.201    7.318    8.401    9.451   10.534   11.645   12.721   13.766   12.924   12.058   11.186   10.447
   5.790    5.348    5.114    4.878    4.641    4.404    4.188    5.385    6.543    7.665    8.753    9.809   10.896   12.011   13.092   14.142   13.296   12.427   11.551   10.808
   5.754    5.309    5.074    4.837    4.599    4.360    4.143    5.346    6.511    7.639    8.732    9.792   10.884   12.004   13.090   14.143   13.294   12.421   11.542   10.796
   5.714    5.267    5.030    4.792    4.552    4.313    4.094    5.304    6.474    7.608    8.706    9.772   10.869   11.994   13.084   14.141   13.289   12.413   11.529   10.780
   5.669    5.220    4.982    4.743    4.502    4.261    4.041    5.258    6.434    7.573    8.677    9.748   10.850   11.980   13.075   14.137   13.280   12.401   11.513   10.761
   5.621    5.169    4.930    4.689    4.447    4.205    3.984    5.207    6.390    7.535    8.644    9.720   10.827   11.962   13.062   14.128   13.269   12.385   11.494   10.738
   5.568    5.114    4.874    4.632    4.388    4.144    3.922    5.152    6.341    7.492    8.608    9.688   10.801   11.942   13.046   14.117   13.254   12.366   11.471   10.712
   5.511    5.055    4.813    4.569    4.324    4.079    3.856    5.093    6.289    7.446    8.567    9.653   10.771   11.917   13.026   14.102   13.235   12.344   11.444   10.681
   5.403    4.944    4.701    4.456    4.209    3.963    3.738    4.982    6.184    7.348    8.475    9.567   10.691   11.842   12.956   14.036   13.166   12.270   11.366   10.600
   5.101    4.639    4.395    4.148    3.900    3.652    3.426    4.678    5.887    7.057    8.190    9.288   10.417   11.574   12.693   13.778   12.904   12.004   11.096   10.326
   4.795    4.330    4.084    3.836    3.587    3.338    3.110    4.369    5.585    6.762    7.901    9.004   10.139   11.302   12.427   13.517   12.638   11.734   10.822   10.048
   4.484    4.016    3.769    3.520    3.269    3.018    2.789    4.055    5.279    6.462    7.608    8.717    9.858   11.026   12.157   13.252   12.369   11.461   10.544    9.766
   4.165    3.695    3.446    3.196    2.943    2.691    2.461    3.734    4.965    6.156    7.307    8.423    9.570   10.744   11.880   12.980   12.094   11.181   10.259    9.478
   3.957    3.484    3.233    2.981    2.727    2.473    2.241    3.523    4.761    5.959    7.117    8.239    9.392   10.572   11.714   12.820   11.928   11.011   10.085    9.299
   4.240    3.764    3.512    3.258    3.002    2.747    2.514    3.804    5.050    6.254    7.419    8.547    9.707   10.893   12.041   13.152   12.256   11.335   10.404    9.613
   4.072    3.593    3.339    3.084    2.826    2.569    2.335    3.633    4.886    6.098    7.270    8.405    9.571   10.764   11.917   13.034   12.134   11.207   10.272    9.477
   4.016    3.534    3.278    3.021    2.762    2.503    2.267    3.574    4.836    6.055    7.234    8.375    9.548   10.747   11.907   13.029   12.125   11.193   10.252    9.453
   4.130    3.644    3.388    3.129    2.868    2.607    2.370    3.685    4.955    6.182    7.368    8.516    9.696   10.902   12.067   13.195   12.286   11.350   10.404    9.601
   4.238    3.749    3.491    3.230    2.967    2.705    2.466    3.790    5.068    6.303    7.497    8.652    9.838   11.051   12.223   13.357   12.443   11.502   10.551    9.743
   4.395    3.903    3.643    3.380    3.116    2.852    2.611    3.944    5.231    6.474    7.675    8.837   10.031   11.251   12.429   13.569   12.651   11.704   10.747    9.935
   4.560    4.065    3.803    3.538    3.272    3.006    2.764    4.106    5.401    6.652    7.862    9.031   10.232   11.459   12.644   13.791   12.867   11.915   10.953   10.135
   4.719    4.220    3.956    3.690    3.422    3.154    2.910    4.262    5.566    6.825    8.043    9.219   10.428   11.662   12.855   14.007   13.078   12.121   11.153   10.331
   4.836    4.334    4.068    3.801    3.531    3.261    3.015    4.376    5.690    6.958    8.183    9.367   10.583   11.826   13.025   14.184   13.250   12.287   11.313   10.486
   4.622    4.116    3.848    3.579    3.307    3.035    2.787    4.158    5.481    6.758    7.991    9.184   10.408   11.658   12.864   14.030   13.090   12.122   11.142   10.309
   4.582    4.072    3.803    3.531    3.257    2.983    2.734    4.115    5.447    6.733    7.975    9.176   10.407   11.665   12.879   14.052   13.107   12.132   11.146   10.308
   4.521    4.008    3.737    3.463    3.187    2.912    2.660    4.051    5.393    6.688    7.939    9.148   10.388   11.654   12.876   14.055   13.105   12.124   11.132   10.288
   4.449    3.932    3.658    3.382    3.104    2.827    2.573    3.975    5.327    6.632    7.891    9.109   10.357   11.631   12.861   14.048   13.091   12.104   11.106   10.257
   4.401    3.880    3.605    3.327    3.047    2.767    2.512    3.924    5.286    6.600    7.869    9.095   10.352   11.635   12.872   14.067   13.104   12.111   11.106   10.251
   4.477    3.952    3.674    3.394    3.112    2.830    2.573    3.996    5.369    6.693    7.971    9.206   10.472   11.764   13.009   14.211   13.243   12.243   11.231   10.370
   4.545    4.016    3.736    3.454    3.169    2.885    2.626    4.060    5.444    6.778    8.066    9.310   10.585   11.886   13.140   14.350   13.375   12.368   11.349   10.482
   4.605    4.072    3.790    3.505    3.219    2.932    2.671    4.117    5.511    6.856    8.154    9.407   10.691   12.001   13.264   14.482   13.500   12.487   11.461   10.588
   4.657    4.120    3.836    3.549    3.260    2.971    2.707    4.165    5.570    6.926    8.234    9.497   10.791   12.110   13.382   14.608   13.620   12.600   11.566   10.687
   4.701    4.159    3.873    3.583    3.292    3.001    2.735    4.205    5.621    6.988    8.306    9.579   10.883   12.212   13.493   14.728   13.733   12.705   11.664   10.778
   4.736    4.190    3.901    3.609    3.315    3.022    2.754    4.236    5.664    7.042    8.371    9.653   10.967   12.307   13.597   14.841   13.838   12.804   11.755   10.862
   4.763    4.212    3.920    3.626    3.330    3.034    2.764    4.258    5.698    7.087    8.427    9.720   11.045   12.394   13.694   14.947   13.937   12.895   11.838   10.938
   4.780    4.224    3.930    3.634    3.335    3.036    2.764    4.271    5.723    7.124    8.475    9.779   11.114   12.474   13.784   15.046   14.029   12.978   11.913   11.007
   4.787    4.227    3.931    3.631    3.330    3.029    2.754    4.274    5.739    7.152    8.514    9.829   11.175   12.546   13.866   15.137   14.113   13.054   11.981   11.067
   4.785    4.220    3.921    3.619    3.315    3.012    2.735    4.267    5.745    7.170    8.545    9.870   11.228   12.610   13.940   15.222   14.189   13.122   12.040   11.119
   4.773    4.203    3.901    3.597    3.290    2.984    2.705    4.251    5.742    7.179    8.566    9.903   11.272   12.666   14.007   15.298   14.258   13.182   12.091   11.162
   4.751    4.176    3.871    3.564    3.255    2.946    2.664    4.224    5.728    7.178    8.577    9.926   11.307   12.713   14.065   15.367   14.318   13.234   12.133   11.196
   4.718    4.138    3.830    3.520    3.208    2.897    2.612    4.186    5.704    7.167    8.579    9.940   11.333   12.751   14.114   15.427   14.370   13.276   12.166   11.221
   4.674    4.088    3.778    3.465    3.151    2.836    2.549    4.137    5.669    7.146    8.570    9.944   11.349   12.780   14.155   15.479   14.412   13.309   12.190   11.236
   4.758    4.167    3.854    3.538    3.220    2.903    2.613    4.216    5.762    7.253    8.690   10.077   11.495   12.938   14.326   15.661   14.585   13.473   12.344   11.381
   4.837    4.241    3.925    3.607    3.286    2.966    2.674    4.291    5.851    7.356    8.807   10.207   11.638   13.095   14.495   15.841   14.757   13.634   12.495   11.523
   4.905    4.303    3.984    3.663    3.339    3.016    2.721    4.353    5.928    7.448    8.913   10.326   11.771   13.241   14.654   16.013   14.918   13.785   12.635   11.655
   4.960    4.353    4.031    3.707    3.380    3.054    2.756    4.403    5.993    7.527    9.007   10.433   11.892   13.377   14.803   16.174   15.069   13.926   12.765   11.775
   5.003    4.389    4.064    3.737    3.407    3.078    2.778    4.440    6.046    7.595    9.089   10.529   12.003   13.502   14.941   16.325   15.210   14.056   12.884   11.884
   5.032    4.412    4.084    3.754    3.421    3.089    2.786    4.464    6.085    7.649    9.158   10.613   12.101   13.615   15.069   16.466   15.341   14.175   12.991   11.982
   5.047    4.422    4.091    3.757    3.421    3.086    2.780    4.474    6.110    7.690    9.214   10.684   12.188   13.717   15.185   16.596   15.459   14.282   13.087   12.067
   5.119    4.487    4.153    3.816    3.477    3.139    2.830    4.540    6.193    7.788    9.328   10.813   12.332   13.877   15.360   16.785   15.637   14.448   13.240   12.210
   5.184    4.546    4.209    3.869    3.527    3.185    2.873    4.599    6.268    7.880    9.436   10.936   12.471   14.032   15.531   16.970   15.811   14.610   13.389   12.348
   5.233    4.590    4.249    3.906    3.561    3.216    2.901    4.643    6.329    7.957    9.529   11.045   12.597   14.174   15.689   17.143   15.972   14.758   13.525   12.472
   5.268    4.618    4.274    3.927    3.579    3.231    2.913    4.672    6.374    8.019    9.607   11.140   12.708   14.303   15.833   17.303   16.120   14.893   13.646   12.582
   5.286    4.629    4.282    3.933    3.581    3.230    2.909    4.684    6.403    8.065    9.670   11.220   12.805   14.417   15.964   17.450   16.254   15.014   13.753   12.678
   5.287    4.624    4.274    3.921    3.566    3.212    2.889    4.680    6.415    8.094    9.717   11.283   12.886   14.516   16.081   17.584   16.374   15.120   13.845   12.758
   5.271    4.602    4.249    3.892    3.534    3.176    2.850    4.658    6.411    8.107    9.747   11.331   12.952   14.601   16.183   17.703   16.479   15.211   13.921   12.822
   5.238    4.562    4.205    3.846    3.484    3.123    2.795    4.619    6.388    8.102    9.760   11.361   13.001   14.669   16.269   17.806   16.569   15.286   13.982   12.869
   5.186    4.504    4.144    3.781    3.416    3.052    2.721    4.561    6.348    8.079    9.755   11.374   13.033   14.720   16.340   17.895   16.642   15.344   14.025   12.899
   4.935    4.247    3.884    3.518    3.150    2.783    2.448    4.304    6.108    7.858    9.551   11.189   12.867   14.574   16.213   17.787   16.520   15.206   13.871   12.732
   4.395    3.701    3.334    2.965    2.594    2.224    1.887    3.759    5.580    7.347    9.059   10.715   12.413   14.140   15.800   17.393   16.110   14.780   13.429   12.276
   4.357    3.656    3.286    2.914    2.540    2.167    1.827    3.715    5.553    7.338    9.068   10.743   12.460   14.209   15.889   17.502   16.203   14.857   13.489   12.322
   4.428    3.722    3.348    2.973    2.596    2.220    1.877    3.780    5.635    7.438    9.187   10.881   12.618   14.389   16.089   17.722   16.407   15.044   13.659   12.479
   4.478    3.766    3.389    3.011    2.631    2.252    1.907    3.825    5.696    7.516    9.284   10.997   12.755   14.548   16.270   17.924   16.592   15.211   13.809   12.614
   4.597    3.879    3.499    3.118    2.735    2.353    2.005    3.938    5.826    7.664    9.450   11.182   12.961   14.776   16.520   18.196   16.846   15.448   14.028   12.818
   4.694    3.969    3.587    3.203    2.817    2.432    2.083    4.030    5.933    7.788    9.593   11.344   13.145   14.982   16.749   18.447   17.079   15.663   14.225   13.000
   4.392    3.662    3.277    2.890    2.502    2.115    1.763    3.723    5.642    7.514    9.337   11.108   12.930   14.790   16.580   18.301   16.915   15.480   14.023   12.783
   4.270    3.534    3.147    2.757    2.366    1.976    1.622    3.596    5.529    7.418    9.259   11.050   12.893   14.776   16.590   18.334   16.929   15.475   14.000   12.745
   4.197    3.457    3.066    2.674    2.281    1.889    1.533    3.518    5.466    7.371    9.230   11.040   12.905   14.812   16.649   18.417   16.993   15.519   14.025   12.755
   4.085    3.340    2.947    2.552    2.157    1.763    1.405    3.402    5.363    7.284    9.161   10.989   12.875   14.806   16.667   18.460   17.016   15.523   14.010   12.724
   3.925    3.175    2.780    2.384    1.986    1.590    1.230    3.238    5.212    7.148    9.042   10.889   12.796   14.751   16.637   18.454   16.990   15.477   13.944   12.643
   3.740    2.985    2.588    2.190    1.790    1.392    1.031    3.048    5.034    6.985    8.895   10.761   12.689   14.667   16.578   18.420   16.936   15.403   13.851   12.534
   3.527    2.769    2.370    1.970    1.568    1.169    0.806    2.832    4.830    6.794    8.720   10.603   12.552   14.554   16.490   18.358   16.853   15.299   13.728   12.395
   3.288    2.526    2.125    1.723    1.320    0.920    0.556    2.589    4.597    6.574    8.515   10.416   12.385   14.411   16.371   18.265   16.739   15.165   13.574   12.226
   3.144    2.380    1.977    1.574    1.169    0.768    0.403    2.443    4.460    6.448    8.404   10.321   12.310   14.359   16.344   18.264   16.717   15.122   13.512   12.150
   2.973    2.205    1.802    1.397    0.992    0.589    0.223    2.269    4.294    6.293    8.261   10.194   12.203   14.274   16.284   18.230   16.662   15.046   13.418   12.041
   2.772    2.002    1.598    1.192    0.786    0.382    0.016    2.066    4.098    6.107    8.087   10.035   12.062   14.155   16.189   18.161   16.572   14.937   13.289   11.898
   2.542    1.771    1.365    0.959    0.552    0.148   -0.218    1.835    3.872    5.889    7.880    9.842   11.886   14.001   16.059   18.056   16.446   14.791   13.126   11.721
   2.282    1.510    1.104    0.697    0.290   -0.115   -0.481    1.574    3.615    5.639    7.640    9.614   11.675   13.810   15.891   17.914   16.283   14.609   12.926   11.508
   1.992    1.218    0.812    0.405   -0.002   -0.406   -0.773    1.282    3.327    5.356    7.366    9.351   11.427   13.581   15.685   17.733   16.081   14.388   12.689   11.259
   1.670    0.896    0.490    0.083   -0.324   -0.728   -1.094    0.960    3.007    5.040    7.057    9.052   11.142   13.313   15.438   17.511   15.839   14.128   12.413   10.972
   1.317    0.543    0.137   -0.269   -0.676   -1.080   -1.446    0.607    2.654    4.690    6.712    8.716   10.817   13.006   15.151   17.246   15.556   13.828   12.098   10.647
   0.930    0.157   -0.248   -0.654   -1.060   -1.463   -1.828    0.222    2.267    4.305    6.331    8.341   10.453   12.657   14.820   16.938   15.230   13.485   11.742   10.282
   0.511   -0.261   -0.665   -1.070   -1.476   -1.878   -2.242   -0.197    1.846    3.884    5.912    7.928   10.049   12.265   14.446   16.585   14.859   13.100   11.345    9.876
   0.140   -0.630   -1.034   -1.438   -1.842   -2.242   -2.606   -0.566    1.473    3.509    5.538    7.557    9.685   11.913   14.109   16.267   14.525   12.753   10.987    9.512
  -0.266   -1.034   -1.436   -1.839   -2.242   -2.641   -3.003   -0.970    1.063    3.096    5.125    7.145    9.278   11.515   13.725   15.900   14.144   12.360   10.586    9.105
  -0.708   -1.473   -1.874   -2.275   -2.676   -3.074   -3.434   -1.410    0.617    2.645    4.671    6.692    8.828   11.072   13.293   15.484   13.715   11.921   10.139    8.654
  -1.187   -1.949   -2.348   -2.747   -3.146   -3.542   -3.901   -1.886    0.133    2.155    4.177    6.196    8.334   10.582   12.812   15.016   13.236   11.434    9.647    8.159
  -1.704   -2.462   -2.859   -3.257   -3.654   -4.047   -4.404   -2.400   -0.389    1.625    3.641    5.657    7.793   10.044   12.280   14.495   12.706   10.898    9.107    7.619
  -2.260   -3.015   -3.410   -3.805   -4.199   -4.591   -4.945   -2.952   -0.952    1.053    3.062    5.072    7.206    9.457   11.697   13.921   12.125   10.312    8.520    7.032
  -2.858   -3.607   -4.000   -4.392   -4.785   -5.173   -5.525   -3.545   -1.557    0.438    2.438    4.442    6.570    8.819   11.061   13.290   11.489    9.674    7.882    6.396
  -3.497   -4.242   -4.632   -5.022   -5.411   -5.797   -6.147   -4.180   -2.205   -0.221    1.769    3.764    5.885    8.130   10.370   12.602   10.799    8.983    7.194    5.712
  -4.181   -4.920   -5.307   -5.694   -6.081   -6.464   -6.811   -4.859   -2.898   -0.927    1.051    3.036    5.149    7.387    9.624   11.856   10.052    8.239    6.454    4.976
  -5.143   -5.877   -6.261   -6.645   -7.029   -7.409   -7.753   -5.816   -3.870   -1.913    0.052    2.025    4.127    6.356    8.587   10.816    9.014    7.205    5.426    3.955
  -7.585   -8.313   -8.693   -9.074   -9.454   -9.831  -10.172   -8.252   -6.321   -4.380   -2.429   -0.469    1.620    3.838    6.060    8.284    6.486    4.683    2.913    1.449
 -10.077  -10.798  -11.176  -11.553  -11.930  -12.303  -12.641  -10.739   -8.825   -6.900   -4.964   -3.019   -0.944    1.261    3.472    5.687    3.896    2.102    0.341   -1.114
 -12.623  -13.337  -13.711  -14.085  -14.458  -14.828  -15.163  -13.278  -11.382   -9.474   -7.555   -5.626   -3.567   -1.378    0.820    3.024    1.241   -0.542   -2.292   -3.736
 -15.225  -15.932  -16.302  -16.672  -17.042  -17.408  -17.739  -15.874  -13.996  -12.107  -10.206   -8.294   -6.253   -4.081   -1.899    0.293   -1.480   -3.251   -4.988   -6.420
 -16.054  -16.754  -17.120  -17.486  -17.852  -18.214  -18.542  -16.696  -14.838  -12.968  -11.086   -9.193   -7.170   -5.017   -2.853   -0.677   -2.437   -4.195   -5.916   -7.336
 -16.946  -17.639  -18.001  -18.363  -18.724  -19.082  -19.406  -17.581  -15.744  -13.894  -12.033  -10.159   -8.157   -6.025   -3.880   -1.723   -3.468   -5.210   -6.915   -8.321
 -17.907  -18.591  -18.949  -19.307  -19.664  -20.018  -20.339  -18.535  -16.719  -14.890  -13.050  -11.197   -9.217   -7.107   -4.984   -2.847   -4.576   -6.300   -7.988   -9.379
 -18.941  -19.617  -19.970  -20.324  -20.677  -21.026  -21.343  -19.561  -17.767  -15.961  -14.143  -12.312  -10.355   -8.269   -6.169   -4.055   -5.765   -7.472   -9.141  -10.516
 -20.054  -20.721  -21.070  -21.419  -21.767  -22.112  -22.424  -20.666  -18.895  -17.113  -15.318  -13.510  -11.577   -9.517   -7.442   -5.352   -7.043   -8.729  -10.378  -11.736
 -21.252  -21.910  -22.254  -22.598  -22.942  -23.282  -23.590  -21.856  -20.109  -18.351  -16.580  -14.797  -12.889  -10.856   -8.808   -6.744   -8.414  -10.078  -11.706  -13.046
 -24.455  -25.103  -25.442  -25.781  -26.120  -26.455  -26.759  -25.050  -23.328  -21.595  -19.849  -18.092  -16.211  -14.206  -12.186  -10.150  -11.797  -13.439  -15.044  -16.365
 -27.758  -28.397  -28.731  -29.064  -29.398  -29.728  -30.027  -28.344  -26.649  -24.942  -23.223  -21.491  -19.639  -17.664  -15.674  -13.668  -15.291  -16.908  -18.490  -19.791
 -30.063  -30.691  -31.020  -31.348  -31.677  -32.001  -32.296  -30.640  -28.972  -27.292  -25.601  -23.897  -22.075  -20.131  -18.172  -16.197  -17.795  -19.387  -20.943  -22.224
 -31.687  -32.305  -32.628  -32.950  -33.273  -33.592  -33.881  -32.254  -30.615  -28.964  -27.301  -25.627  -23.835  -21.924  -19.999  -18.057  -19.628  -21.193  -22.723  -23.982
