   0.000    0.000    0.000    0.000    0.000    0.000    0.000    0.000    0.000    0.000    0.000    0.000    0.000    0.000    0.000    0.000    0.000    0.000    0.000    0.000
  -0.097    0.000    0.000    0.000    0.000    0.000    0.000    0.000    0.000    0.000    0.000    0.000    0.000    0.000    0.000    0.000    0.000    0.000    0.000    0.000
  -0.086    0.011    0.000    0.000    0.000    0.000    0.000    0.000    0.000    0.000    0.000    0.000    0.000    0.000    0.000    0.000    0.000    0.000    0.000    0.000
  -0.076    0.021    0.010    0.000    0.000    0.000    0.000    0.000    0.000    0.000    0.000    0.000    0.000    0.000    0.000    0.000    0.000    0.000    0.000    0.000
  -0.068    0.029    0.018    0.008    0.000    0.000    0.000    0.000    0.000    0.000    0.000    0.000    0.000    0.000    0.000    0.000    0.000    0.000    0.000    0.000
  -0.065    0.032    0.020    0.011    0.002    0.000    0.000    0.000    0.000    0.000    0.000    0.000    0.000    0.000    0.000    0.000    0.000    0.000    0.000    0.000
  -0.065    0.031    0.020    0.011    0.002   -0.000    0.000    0.000    0.000    0.000    0.000    0.000    0.000    0.000    0.000    0.000    0.000    0.000    0.000    0.000
   0.047    0.030    0.018    0.009    0.001   -0.002   -0.002    0.000    0.000    0.000    0.000    0.000    0.000    0.000    0.000    0.000    0.000    0.000    0.000    0.000
   0.251    0.026    0.015    0.005   -0.003   -0.005   -0.005   -0.003    0.000    0.000    0.000    0.000    0.000    0.000    0.000    0.000    0.000    0.000    0.000    0.000
   0.453    0.119   -0.005    0.000   -0.008   -0.010   -0.010   -0.008   -0.005    0.000    0.000    0.000    0.000    0.000    0.000    0.000    0.000    0.000    0.000    0.000
   0.654    0.319    0.194    0.069   -0.014   -0.017   -0.017   -0.015   -0.012   -0.007    0.000    0.000    0.000    0.000    0.000    0.000    0.000    0.000    0.000    0.000
   0.824    0.488    0.363    0.237    0.111   -0.011   -0.055   -0.053   -0.050   -0.045   -0.038    0.000    0.000    0.000    0.000    0.000    0.000    0.000    0.000    0.000
   0.913    0.576    0.451    0.325    0.198    0.076   -0.046   -0.172   -0.168   -0.163   -0.157   -0.119    0.000    0.000    0.000    0.000    0.000    0.000    0.000    0.000
   1.001    0.663    0.537    0.410    0.284    0.161    0.038   -0.084   -0.207   -0.284   -0.277   -0.239   -0.121    0.000    0.000    0.000    0.000    0.000    0.000    0.000
   1.087    0.748    0.622    0.495    0.368    0.244    0.122   -0.001   -0.124   -0.247   -0.371   -0.362   -0.243   -0.123    0.000    0.000    0.000    0.000    0.000    0.000
   1.171    0.832    0.705    0.578    0.450    0.326    0.203    0.080   -0.043   -0.167   -0.290   -0.367   -0.367   -0.247   -0.125    0.000    0.000    0.000    0.000    0.000
   1.304    0.964    0.837    0.709    0.581    0.457    0.334    0.210    0.087   -0.037   -0.161   -0.238   -0.305   -0.323   -0.200   -0.076    0.000    0.000    0.000    0.000
   1.436    1.095    0.967    0.839    0.711    0.586    0.463    0.339    0.215    0.090   -0.034   -0.111   -0.178   -0.244   -0.278   -0.154   -0.078    0.000    0.000    0.000
   1.562    1.219    1.091    0.963    0.834    0.709    0.585    0.461    0.336    0.212    0.087    0.009   -0.057   -0.124   -0.189   -0.238   -0.162   -0.084    0.000    0.000
   1.680    1.336    1.208    1.079    0.950    0.825    0.701    0.576    0.451    0.326    0.201    0.123    0.056   -0.010   -0.076   -0.142   -0.178   -0.176   -0.092    0.000
   1.515    1.171    1.042    0.913    0.783    0.658    0.533    0.407    0.282    0.157    0.031   -0.047   -0.114   -0.181   -0.247   -0.313   -0.349   -0.384   -0.429   -0.375
   0.928    0.582    0.453    0.323    0.193    0.067   -0.058   -0.184   -0.309   -0.435   -0.561   -0.639   -0.707   -0.774   -0.840   -0.906   -0.942   -0.978   -1.023   -1.079
   0.340   -0.007   -0.137   -0.267   -0.397   -0.523   -0.649   -0.775   -0.901   -1.027   -1.154   -1.232   -1.300   -1.367   -1.433   -1.500   -1.536   -1.572   -1.617   -1.674
  -0.248   -0.596   -0.726   -0.856   -0.987   -1.114   -1.240   -1.366   -1.493   -1.619   -1.746   -1.825   -1.893   -1.960   -2.027   -2.093   -2.130   -2.166   -2.211   -2.268
  -1.096   -1.445   -1.575   -1.706   -1.837   -1.964   -2.091   -2.218   -2.345   -2.472   -2.599   -2.678   -2.746   -2.814   -2.881   -2.948   -2.984   -3.020   -3.066   -3.122
  -1.946   -2.296   -2.427   -2.558   -2.690   -2.817   -2.944   -3.071   -3.199   -3.326   -3.454   -3.533   -3.601   -3.669   -3.736   -3.803   -3.840   -3.876   -3.922   -3.979
  -2.797   -3.149   -3.280   -3.411   -3.543   -3.671   -3.799   -3.926   -4.054   -4.182   -4.310   -4.390   -4.458   -4.526   -4.594   -4.661   -4.698   -4.734   -4.780   -4.837
  -2.920   -3.273   -3.404   -3.536   -3.669   -3.797   -3.925   -4.053   -4.181   -4.310   -4.438   -4.518   -4.587   -4.655   -4.723   -4.790   -4.827   -4.864   -4.910   -4.967
  -2.862   -3.215   -3.348   -3.480   -3.613   -3.742   -3.870   -3.999   -4.127   -4.256   -4.385   -4.465   -4.534   -4.603   -4.671   -4.738   -4.775   -4.812   -4.858   -4.916
  -2.804   -3.159   -3.292   -3.425   -3.558   -3.687   -3.816   -3.945   -4.074   -4.203   -4.333   -4.413   -4.482   -4.551   -4.619   -4.687   -4.724   -4.761   -4.807   -4.865
  -2.748   -3.104   -3.237   -3.371   -3.504   -3.634   -3.763   -3.893   -4.022   -4.152   -4.282   -4.363   -4.432   -4.501   -4.570   -4.638   -4.675   -4.712   -4.758   -4.816
  -2.805   -3.163   -3.296   -3.430   -3.564   -3.695   -3.824   -3.954   -4.084   -4.214   -4.344   -4.425   -4.495   -4.564   -4.633   -4.701   -4.739   -4.776   -4.822   -4.881
  -2.872   -3.231   -3.365   -3.499   -3.634   -3.765   -3.895   -4.025   -4.155   -4.286   -4.417   -4.498   -4.568   -4.638   -4.707   -4.775   -4.813   -4.850   -4.897   -4.955
  -2.978   -3.338   -3.472   -3.607   -3.742   -3.873   -4.004   -4.135   -4.266   -4.397   -4.528   -4.610   -4.680   -4.749   -4.819   -4.888   -4.925   -4.962   -5.009   -5.068
  -3.085   -3.446   -3.581   -3.717   -3.853   -3.984   -4.115   -4.246   -4.378   -4.509   -4.641   -4.723   -4.793   -4.863   -4.933   -5.002   -5.040   -5.077   -5.124   -5.183
  -3.195   -3.557   -3.693   -3.829   -3.965   -4.097   -4.228   -4.360   -4.492   -4.624   -4.756   -4.839   -4.909   -4.980   -5.049   -5.119   -5.157   -5.194   -5.241   -5.301
  -3.306   -3.670   -3.806   -3.943   -4.079   -4.212   -4.344   -4.476   -4.608   -4.741   -4.874   -4.956   -5.027   -5.098   -5.168   -5.237   -5.276   -5.313   -5.361   -5.420
  -3.420   -3.785   -3.922   -4.059   -4.196   -4.329   -4.461   -4.594   -4.727   -4.860   -4.993   -5.076   -5.147   -5.218   -5.288   -5.358   -5.397   -5.434   -5.482   -5.542
  -3.497   -3.864   -4.001   -4.138   -4.276   -4.409   -4.542   -4.676   -4.809   -4.943   -5.076   -5.159   -5.231   -5.302   -5.373   -5.443   -5.481   -5.519   -5.567   -5.627
  -3.421   -3.789   -3.927   -4.065   -4.203   -4.337   -4.471   -4.604   -4.738   -4.872   -5.007   -5.090   -5.162   -5.233   -5.304   -5.374   -5.413   -5.451   -5.499   -5.559
  -3.348   -3.717   -3.855   -3.994   -4.132   -4.267   -4.401   -4.535   -4.670   -4.804   -4.939   -5.023   -5.095   -5.167   -5.238   -5.308   -5.347   -5.385   -5.434   -5.494
  -3.276   -3.647   -3.786   -3.925   -4.064   -4.199   -4.334   -4.468   -4.603   -4.739   -4.874   -4.958   -5.030   -5.102   -5.174   -5.245   -5.284   -5.322   -5.370   -5.431
  -3.207   -3.579   -3.718   -3.858   -3.997   -4.133   -4.268   -4.404   -4.539   -4.675   -4.811   -4.895   -4.968   -5.040   -5.112   -5.183   -5.222   -5.260   -5.309   -5.370
  -3.136   -3.509   -3.649   -3.789   -3.930   -4.066   -4.201   -4.337   -4.473   -4.610   -4.746   -4.831   -4.904   -4.976   -5.048   -5.120   -5.159   -5.198   -5.246   -5.308
  -3.067   -3.442   -3.583   -3.723   -3.864   -4.001   -4.137   -4.274   -4.410   -4.547   -4.684   -4.769   -4.842   -4.915   -4.987   -5.059   -5.099   -5.137   -5.186   -5.248
  -3.001   -3.378   -3.518   -3.660   -3.801   -3.939   -4.075   -4.212   -4.349   -4.487   -4.624   -4.710   -4.783   -4.856   -4.929   -5.001   -5.041   -5.080   -5.129   -5.191
  -2.937   -3.315   -3.457   -3.599   -3.741   -3.879   -4.016   -4.153   -4.291   -4.429   -4.567   -4.653   -4.727   -4.800   -4.873   -4.946   -4.985   -5.024   -5.074   -5.136
  -2.876   -3.256   -3.398   -3.540   -3.683   -3.821   -3.959   -4.097   -4.236   -4.374   -4.513   -4.599   -4.673   -4.747   -4.820   -4.893   -4.933   -4.972   -5.022   -5.084
  -2.808   -3.189   -3.332   -3.475   -3.618   -3.757   -3.896   -4.034   -4.173   -4.312   -4.452   -4.538   -4.613   -4.687   -4.760   -4.833   -4.873   -4.913   -4.963   -5.025
  -2.734   -3.117   -3.260   -3.403   -3.547   -3.687   -3.826   -3.965   -4.105   -4.245   -4.385   -4.471   -4.546   -4.621   -4.695   -4.768   -4.808   -4.848   -4.898   -4.961
  -2.965   -3.350   -3.493   -3.638   -3.782   -3.923   -4.062   -4.202   -4.342   -4.483   -4.623   -4.710   -4.785   -4.860   -4.934   -5.008   -5.048   -5.088   -5.139   -5.202
  -3.199   -3.585   -3.730   -3.875   -4.020   -4.161   -4.301   -4.441   -4.582   -4.723   -4.864   -4.952   -5.027   -5.102   -5.177   -5.251   -5.291   -5.331   -5.382   -5.445
  -3.436   -3.823   -3.968   -4.114   -4.260   -4.401   -4.542   -4.683   -4.825   -4.966   -5.108   -5.196   -5.272   -5.347   -5.422   -5.496   -5.537   -5.577   -5.628   -5.692
  -3.675   -4.064   -4.210   -4.356   -4.503   -4.645   -4.786   -4.928   -5.070   -5.212   -5.355   -5.443   -5.519   -5.595   -5.670   -5.745   -5.786   -5.826   -5.877   -5.941
  -3.917   -4.308   -4.454   -4.601   -4.748   -4.891   -5.033   -5.175   -5.318   -5.461   -5.604   -5.693   -5.769   -5.845   -5.921   -5.996   -6.037   -6.078   -6.129   -6.193
  -3.955   -4.348   -4.495   -4.642   -4.790   -4.933   -5.076   -5.219   -5.362   -5.506   -5.650   -5.739   -5.816   -5.892   -5.968   -6.043   -6.085   -6.125   -6.177   -6.241
  -3.858   -4.253   -4.400   -4.548   -4.697   -4.841   -4.984   -5.128   -5.272   -5.416   -5.561   -5.650   -5.728   -5.804   -5.881   -5.956   -5.998   -6.039   -6.090   -6.155
  -3.764   -4.161   -4.309   -4.458   -4.607   -4.752   -4.896   -5.040   -5.185   -5.330   -5.475   -5.565   -5.642   -5.720   -5.796   -5.872   -5.914   -5.955   -6.007   -6.072
  -3.673   -4.072   -4.221   -4.370   -4.520   -4.666   -4.810   -4.956   -5.101   -5.246   -5.392   -5.483   -5.561   -5.638   -5.715   -5.792   -5.833   -5.875   -5.927   -5.992
  -3.586   -3.986   -4.136   -4.286   -4.437   -4.583   -4.728   -4.874   -5.020   -5.166   -5.313   -5.404   -5.482   -5.560   -5.637   -5.714   -5.756   -5.797   -5.850   -5.916
  -3.501   -3.904   -4.054   -4.205   -4.356   -4.503   -4.649   -4.796   -4.942   -5.089   -5.237   -5.328   -5.407   -5.485   -5.563   -5.640   -5.682   -5.724   -5.776   -5.842
  -3.438   -3.843   -3.994   -4.145   -4.297   -4.445   -4.592   -4.739   -4.886   -5.034   -5.182   -5.274   -5.353   -5.431   -5.510   -5.587   -5.630   -5.672   -5.725   -5.791
  -3.379   -3.785   -3.937   -4.089   -4.242   -4.390   -4.538   -4.686   -4.834   -4.982   -5.131   -5.223   -5.303   -5.382   -5.460   -5.538   -5.581   -5.623   -5.676   -5.743
  -3.322   -3.730   -3.883   -4.036   -4.190   -4.339   -4.487   -4.636   -4.785   -4.934   -5.083   -5.176   -5.256   -5.335   -5.414   -5.493   -5.535   -5.578   -5.631   -5.698
  -3.269   -3.680   -3.833   -3.987   -4.141   -4.291   -4.440   -4.590   -4.739   -4.889   -5.039   -5.132   -5.213   -5.292   -5.372   -5.451   -5.494   -5.536   -5.590   -5.657
  -3.220   -3.632   -3.786   -3.941   -4.096   -4.247   -4.397   -4.547   -4.697   -4.848   -4.999   -5.092   -5.173   -5.253   -5.333   -5.412   -5.455   -5.498   -5.552   -5.620
  -3.174   -3.589   -3.743   -3.899   -4.055   -4.206   -4.357   -4.508   -4.659   -4.810   -4.962   -5.056   -5.137   -5.218   -5.298   -5.378   -5.421   -5.464   -5.518   -5.587
  -3.132   -3.549   -3.704   -3.861   -4.017   -4.169   -4.321   -4.473   -4.624   -4.777   -4.929   -5.024   -5.105   -5.186   -5.267   -5.347   -5.391   -5.434   -5.488   -5.557
  -3.094   -3.512   -3.669   -3.826   -3.983   -4.136   -4.289   -4.441   -4.594   -4.747   -4.900   -4.995   -5.077   -5.159   -5.240   -5.320   -5.364   -5.407   -5.462   -5.531
  -3.059   -3.480   -3.637   -3.795   -3.954   -4.107   -4.260   -4.414   -4.567   -4.721   -4.875   -4.971   -5.053   -5.135   -5.216   -5.297   -5.341   -5.385   -5.440   -5.509
  -3.028   -3.451   -3.610   -3.768   -3.928   -4.082   -4.236   -4.390   -4.544   -4.699   -4.854   -4.950   -5.033   -5.115   -5.197   -5.278   -5.323   -5.367   -5.422   -5.492
  -3.001   -3.427   -3.586   -3.745   -3.906   -4.061   -4.216   -4.371   -4.526   -4.681   -4.837   -4.934   -5.017   -5.100   -5.182   -5.264   -5.308   -5.353   -5.408   -5.478
  -2.979   -3.406   -3.566   -3.727   -3.888   -4.044   -4.199   -4.355   -4.511   -4.668   -4.824   -4.921   -5.005   -5.088   -5.171   -5.253   -5.298   -5.343   -5.399   -5.469
  -2.960   -3.390   -3.551   -3.712   -3.874   -4.031   -4.188   -4.344   -4.501   -4.658   -4.816   -4.914   -4.998   -5.081   -5.165   -5.247   -5.292   -5.337   -5.394   -5.464
  -2.946   -3.378   -3.540   -3.702   -3.865   -4.023   -4.180   -4.338   -4.495   -4.653   -4.812   -4.910   -4.995   -5.079   -5.163   -5.246   -5.291   -5.336   -5.393   -5.464
  -2.935   -3.370   -3.533   -3.696   -3.860   -4.019   -4.177   -4.335   -4.494   -4.653   -4.812   -4.911   -4.996   -5.081   -5.165   -5.249   -5.294   -5.339   -5.396   -5.468
  -2.930   -3.367   -3.531   -3.695   -3.859   -4.019   -4.178   -4.338   -4.497   -4.657   -4.817   -4.917   -5.002   -5.087   -5.172   -5.256   -5.302   -5.347   -5.405   -5.477
  -2.929   -3.369   -3.533   -3.698   -3.864   -4.024   -4.184   -4.344   -4.505   -4.666   -4.827   -4.927   -5.013   -5.098   -5.184   -5.268   -5.314   -5.360   -5.418   -5.490
  -2.916   -3.359   -3.524   -3.690   -3.857   -4.018   -4.179   -4.340   -4.502   -4.663   -4.825   -4.926   -5.013   -5.099   -5.184   -5.269   -5.316   -5.362   -5.420   -5.492
  -2.904   -3.349   -3.515   -3.682   -3.850   -4.012   -4.174   -4.336   -4.498   -4.661   -4.824   -4.925   -5.012   -5.099   -5.185   -5.271   -5.317   -5.363   -5.422   -5.495
  -2.896   -3.344   -3.511   -3.679   -3.848   -4.011   -4.174   -4.337   -4.500   -4.664   -4.828   -4.930   -5.017   -5.104   -5.191   -5.277   -5.324   -5.370   -5.429   -5.503
  -2.894   -3.344   -3.512   -3.681   -3.851   -4.015   -4.179   -4.343   -4.507   -4.672   -4.837   -4.939   -5.027   -5.115   -5.202   -5.288   -5.336   -5.382   -5.442   -5.516
  -2.896   -3.349   -3.519   -3.689   -3.859   -4.025   -4.189   -4.354   -4.520   -4.685   -4.851   -4.954   -5.043   -5.131   -5.218   -5.305   -5.353   -5.400   -5.459   -5.534
  -2.904   -3.360   -3.530   -3.701   -3.873   -4.039   -4.205   -4.371   -4.537   -4.704   -4.871   -4.974   -5.063   -5.152   -5.240   -5.328   -5.376   -5.423   -5.483   -5.557
  -2.917   -3.376   -3.547   -3.719   -3.892   -4.059   -4.226   -4.393   -4.560   -4.728   -4.896   -5.000   -5.090   -5.179   -5.268   -5.356   -5.404   -5.451   -5.511   -5.587
  -2.936   -3.397   -3.570   -3.743   -3.917   -4.085   -4.253   -4.421   -4.589   -4.758   -4.927   -5.031   -5.122   -5.211   -5.301   -5.389   -5.438   -5.485   -5.546   -5.622
  -2.960   -3.424   -3.598   -3.772   -3.947   -4.116   -4.285   -4.454   -4.623   -4.793   -4.963   -5.068   -5.159   -5.250   -5.339   -5.429   -5.477   -5.525   -5.586   -5.663
  -2.990   -3.457   -3.632   -3.807   -3.983   -4.153   -4.323   -4.493   -4.664   -4.835   -5.005   -5.112   -5.203   -5.294   -5.384   -5.474   -5.523   -5.571   -5.633   -5.709
  -3.026   -3.496   -3.672   -3.848   -4.025   -4.197   -4.367   -4.539   -4.710   -4.882   -5.054   -5.161   -5.253   -5.344   -5.435   -5.525   -5.575   -5.623   -5.685   -5.762
  -3.068   -3.541   -3.718   -3.895   -4.073   -4.246   -4.418   -4.590   -4.762   -4.935   -5.108   -5.216   -5.308   -5.400   -5.492   -5.583   -5.632   -5.681   -5.743   -5.821
  -3.116   -3.592   -3.770   -3.948   -4.127   -4.301   -4.474   -4.648   -4.821   -4.995   -5.169   -5.277   -5.371   -5.463   -5.555   -5.647   -5.696   -5.746   -5.808   -5.886
  -3.170   -3.649   -3.828   -4.008   -4.188   -4.363   -4.537   -4.712   -4.886   -5.061   -5.237   -5.345   -5.439   -5.532   -5.625   -5.717   -5.767   -5.817   -5.879   -5.958
  -3.230   -3.712   -3.893   -4.074   -4.255   -4.431   -4.607   -4.782   -4.958   -5.134   -5.310   -5.420   -5.514   -5.608   -5.701   -5.794   -5.844   -5.894   -5.957   -6.036
  -3.297   -3.783   -3.964   -4.146   -4.329   -4.506   -4.683   -4.859   -5.036   -5.213   -5.391   -5.501   -5.596   -5.690   -5.784   -5.877   -5.928   -5.978   -6.042   -6.122
  -3.371   -3.860   -4.042   -4.226   -4.410   -4.588   -4.765   -4.943   -5.121   -5.300   -5.478   -5.589   -5.685   -5.780   -5.874   -5.968   -6.019   -6.070   -6.134   -6.214
  -3.452   -3.944   -4.128   -4.312   -4.497   -4.677   -4.855   -5.034   -5.213   -5.393   -5.573   -5.684   -5.781   -5.876   -5.971   -6.065   -6.117   -6.168   -6.232   -6.313
  -3.539   -4.035   -4.220   -4.405   -4.592   -4.772   -4.952   -5.132   -5.313   -5.493   -5.674   -5.787   -5.883   -5.980   -6.075   -6.170   -6.222   -6.273   -6.338   -6.419
  -3.634   -4.133   -4.319   -4.506   -4.694   -4.875   -5.056   -5.238   -5.419   -5.601   -5.783   -5.896   -5.994   -6.090   -6.187   -6.282   -6.334   -6.386   -6.451   -6.533
  -3.737   -4.238   -4.426   -4.614   -4.803   -4.986   -5.168   -5.351   -5.533   -5.716   -5.900   -6.013   -6.111   -6.209   -6.306   -6.402   -6.454   -6.506   -6.572   -6.654
  -2.340   -2.845   -3.034   -3.223   -3.413   -3.597   -3.781   -3.964   -4.148   -4.333   -4.517   -4.632   -4.730   -4.828   -4.926   -5.022   -5.075   -5.127   -5.193   -5.276
  -2.607   -3.116   -3.306   -3.497   -3.688   -3.873   -4.058   -4.243   -4.428   -4.613   -4.799   -4.914   -5.013   -5.112   -5.210   -5.307   -5.361   -5.413   -5.480   -5.563
  -2.825   -3.337   -3.528   -3.720   -3.913   -4.099   -4.285   -4.471   -4.658   -4.844   -5.031   -5.147   -5.247   -5.346   -5.445   -5.543   -5.596   -5.649   -5.716   -5.800
  -3.051   -3.566   -3.759   -3.952   -4.146   -4.334   -4.521   -4.708   -4.896   -5.084   -5.272   -5.388   -5.489   -5.589   -5.688   -5.787   -5.840   -5.894   -5.961   -6.045
  -3.288   -3.807   -4.001   -4.196   -4.391   -4.580   -4.768   -4.957   -5.145   -5.334   -5.524   -5.641   -5.742   -5.843   -5.943   -6.042   -6.096   -6.150   -6.217   -6.302
  -4.800   -5.322   -5.517   -5.713   -5.909   -6.100   -6.289   -6.479   -6.669   -6.859   -7.050   -7.168   -7.270   -7.371   -7.472   -7.571   -7.626   -7.680   -7.748   -7.833
  -6.301   -6.827   -7.024   -7.221   -7.419   -7.610   -7.801   -7.992   -8.183   -8.375   -8.566   -8.685   -8.788   -8.889   -8.991   -9.091   -9.146   -9.200   -9.269   -9.354
  -6.492   -7.021   -7.219   -7.418   -7.617   -7.810   -8.002   -8.194   -8.386   -8.579   -8.772   -8.892   -8.995   -9.097   -9.199   -9.300   -9.355   -9.410   -9.479   -9.565
  -6.692   -7.225   -7.424   -7.624   -7.824   -8.018   -8.211   -8.405   -8.599   -8.792   -8.987   -9.107   -9.211   -9.314   -9.416   -9.518   -9.573   -9.628   -9.698   -9.784
  -6.901   -7.437   -7.638   -7.839   -8.040   -8.236   -8.430   -8.625   -8.820   -9.015   -9.210   -9.332   -9.436   -9.540   -9.643   -9.745   -9.801   -9.856   -9.926  -10.013
  -7.045   -7.585   -7.787   -7.989   -8.192   -8.389   -8.584   -8.780   -8.976   -9.173   -9.369   -9.491   -9.596   -9.701   -9.804   -9.907   -9.963  -10.019  -10.089  -10.177
  -6.901   -7.445   -7.648   -7.852   -8.056   -8.254   -8.451   -8.648   -8.845   -9.043   -9.241   -9.363   -9.469   -9.574   -9.678   -9.782   -9.838   -9.894   -9.965  -10.053
  -6.767   -7.315   -7.519   -7.724   -7.930   -8.129   -8.327   -8.526   -8.724   -8.923   -9.122   -9.245   -9.351   -9.457   -9.562   -9.666   -9.723   -9.779   -9.850   -9.939
  -6.644   -7.195   -7.401   -7.607   -7.814   -8.014   -8.214   -8.413   -8.613   -8.813   -9.013   -9.137   -9.244   -9.350   -9.455   -9.560   -9.617   -9.674   -9.745   -9.835
  -6.530   -7.085   -7.292   -7.500   -7.708   -7.910   -8.110   -8.311   -8.512   -8.713   -8.914   -9.039   -9.147   -9.253   -9.359   -9.465   -9.522   -9.579   -9.651   -9.741
  -6.428   -6.986   -7.194   -7.403   -7.612   -7.815   -8.017   -8.219   -8.421   -8.624   -8.826   -8.951   -9.060   -9.167   -9.274   -9.379   -9.437   -9.494   -9.567   -9.657
  -6.336   -6.897   -7.107   -7.317   -7.528   -7.732   -7.935   -8.138   -8.341   -8.545   -8.748   -8.875   -8.983   -9.091   -9.198   -9.305   -9.363   -9.420   -9.493   -9.584
  -6.254   -6.820   -7.031   -7.242   -7.454   -7.659   -7.863   -8.068   -8.272   -8.477   -8.681   -8.808   -8.918   -9.026   -9.134   -9.241   -9.299   -9.357   -9.430   -9.521
  -6.185   -6.753   -6.965   -7.178   -7.391   -7.598   -7.803   -8.009   -8.214   -8.420   -8.626   -8.753   -8.863   -8.972   -9.080   -9.188   -9.247   -9.305   -9.378   -9.470
  -6.126   -6.698   -6.912   -7.126   -7.340   -7.548   -7.754   -7.961   -8.167   -8.374   -8.581   -8.709   -8.820   -8.929   -9.038   -9.146   -9.205   -9.264   -9.337   -9.430
  -6.079   -6.655   -6.870   -7.085   -7.300   -7.509   -7.717   -7.924   -8.132   -8.340   -8.548   -8.677   -8.788   -8.898   -9.007   -9.116   -9.175   -9.234   -9.308   -9.400
  -6.045   -6.623   -6.839   -7.056   -7.272   -7.482   -7.691   -7.900   -8.108   -8.317   -8.526   -8.656   -8.767   -8.878   -8.988   -9.097   -9.157   -9.215   -9.290   -9.383
  -5.928   -6.510   -6.727   -6.945   -7.163   -7.374   -7.584   -7.793   -8.003   -8.213   -8.423   -8.553   -8.665   -8.776   -8.887   -8.996   -9.056   -9.115   -9.190   -9.284
  -5.825   -6.410   -6.628   -6.847   -7.065   -7.278   -7.488   -7.699   -7.910   -8.121   -8.332   -8.462   -8.575   -8.687   -8.798   -8.908   -8.968   -9.027   -9.102   -9.196
  -5.733   -6.322   -6.541   -6.761   -6.981   -7.194   -7.406   -7.617   -7.829   -8.041   -8.253   -8.384   -8.497   -8.609   -8.721   -8.831   -8.892   -8.951   -9.027   -9.121
  -5.655   -6.246   -6.467   -6.688   -6.909   -7.123   -7.335   -7.548   -7.761   -7.974   -8.186   -8.318   -8.432   -8.544   -8.656   -8.767   -8.828   -8.887   -8.963   -9.058
  -5.590   -6.184   -6.406   -6.627   -6.849   -7.064   -7.278   -7.492   -7.705   -7.919   -8.132   -8.265   -8.379   -8.492   -8.604   -8.715   -8.776   -8.836   -8.912   -9.007
  -5.735   -6.332   -6.554   -6.777   -7.000   -7.216   -7.431   -7.645   -7.860   -8.074   -8.288   -8.421   -8.535   -8.649   -8.762   -8.873   -8.934   -8.995   -9.071   -9.166
  -6.662   -7.262   -7.485   -7.709   -7.933   -8.149   -8.365   -8.580   -8.795   -9.011   -9.226   -9.359   -9.474   -9.587   -9.700   -9.813   -9.874   -9.934  -10.011  -10.106
  -7.564   -8.166   -8.391   -8.615   -8.840   -9.058   -9.274   -9.490   -9.706   -9.922  -10.138  -10.271  -10.386  -10.501  -10.614  -10.726  -10.788  -10.848  -10.925  -11.021
  -7.952   -8.557   -8.782   -9.008   -9.233   -9.451   -9.668   -9.885  -10.102  -10.319  -10.535  -10.669  -10.784  -10.899  -11.013  -11.125  -11.187  -11.248  -11.325  -11.421
  -8.003   -8.610   -8.836   -9.062   -9.288   -9.507   -9.725   -9.942  -10.160  -10.377  -10.594  -10.728  -10.844  -10.959  -11.073  -11.186  -11.248  -11.308  -11.386  -11.482
  -8.068   -8.677   -8.903   -9.130   -9.357   -9.577   -9.795  -10.013  -10.231  -10.449  -10.667  -10.801  -10.917  -11.032  -11.147  -11.260  -11.322  -11.383  -11.460  -11.557
  -8.148   -8.759   -8.986   -9.213   -9.441   -9.661   -9.880  -10.099  -10.317  -10.536  -10.754  -10.889  -11.005  -11.120  -11.235  -11.348  -11.410  -11.471  -11.549  -11.645
  -8.243   -8.855   -9.083   -9.311   -9.539   -9.760   -9.980  -10.199  -10.418  -10.636  -10.855  -10.990  -11.107  -11.222  -11.337  -11.451  -11.513  -11.574  -11.651  -11.748
  -8.353   -8.967   -9.195   -9.424   -9.653   -9.874  -10.094  -10.314  -10.533  -10.752  -10.971  -11.106  -11.223  -11.339  -11.453  -11.567  -11.629  -11.691  -11.768  -11.865
  -8.478   -9.094   -9.323   -9.552   -9.781  -10.003  -10.223  -10.443  -10.663  -10.882  -11.101  -11.237  -11.354  -11.470  -11.585  -11.699  -11.761  -11.822  -11.900  -11.997
  -8.620   -9.237   -9.466   -9.696   -9.925  -10.147  -10.368  -10.588  -10.808  -11.028  -11.247  -11.383  -11.500  -11.616  -11.731  -11.845  -11.907  -11.969  -12.046  -12.143
  -8.777   -9.395   -9.625   -9.855  -10.085  -10.307  -10.528  -10.748  -10.968  -11.188  -11.408  -11.544  -11.661  -11.777  -11.892  -12.006  -12.068  -12.130  -12.207  -12.305
  -9.021   -9.640   -9.870  -10.100  -10.330  -10.553  -10.774  -10.994  -11.215  -11.435  -11.654  -11.790  -11.907  -12.023  -12.138  -12.253  -12.315  -12.377  -12.454  -12.551
  -9.564  -10.183  -10.413  -10.644  -10.874  -11.096  -11.317  -11.538  -11.758  -11.979  -12.198  -12.334  -12.451  -12.567  -12.682  -12.797  -12.859  -12.920  -12.998  -13.095
 -10.118  -10.737  -10.968  -11.198  -11.428  -11.651  -11.872  -12.093  -12.313  -12.533  -12.753  -12.889  -13.006  -13.122  -13.237  -13.351  -13.413  -13.475  -13.553  -13.650
 -10.695  -11.315  -11.546  -11.776  -12.006  -12.229  -12.450  -12.671  -12.891  -13.111  -13.331  -13.466  -13.583  -13.699  -13.814  -13.928  -13.991  -14.052  -14.130  -14.227
 -10.969  -11.589  -11.819  -12.050  -12.280  -12.503  -12.724  -12.944  -13.164  -13.384  -13.603  -13.739  -13.856  -13.972  -14.087  -14.201  -14.263  -14.324  -14.402  -14.499
 -11.260  -11.880  -12.110  -12.341  -12.571  -12.793  -13.014  -13.234  -13.454  -13.674  -13.893  -14.029  -14.145  -14.261  -14.376  -14.489  -14.552  -14.613  -14.690  -14.787
 -11.569  -12.189  -12.419  -12.649  -12.879  -13.101  -13.322  -13.542  -13.761  -13.981  -14.199  -14.335  -14.451  -14.567  -14.681  -14.795  -14.857  -14.918  -14.996  -15.092
 -11.897  -12.516  -12.745  -12.975  -13.205  -13.427  -13.647  -13.867  -14.086  -14.305  -14.523  -14.658  -14.775  -14.890  -15.004  -15.118  -15.180  -15.241  -15.318  -15.414
 -12.242  -12.861  -13.090  -13.319  -13.549  -13.770  -13.990  -14.209  -14.428  -14.647  -14.865  -15.000  -15.116  -15.231  -15.345  -15.458  -15.520  -15.580  -15.657  -15.754
 -12.607  -13.224  -13.453  -13.682  -13.911  -14.132  -14.351  -14.570  -14.788  -15.007  -15.224  -15.359  -15.474  -15.589  -15.703  -15.816  -15.877  -15.938  -16.015  -16.111
 -12.991  -13.607  -13.835  -14.064  -14.292  -14.512  -14.731  -14.950  -15.167  -15.385  -15.602  -15.736  -15.851  -15.966  -16.079  -16.192  -16.253  -16.314  -16.390  -16.486
 -13.364  -13.979  -14.207  -14.434  -14.662  -14.882  -15.100  -15.318  -15.535  -15.752  -15.968  -16.102  -16.217  -16.331  -16.444  -16.556  -16.618  -16.678  -16.754  -16.850
 -13.713  -14.325  -14.553  -14.780  -15.007  -15.226  -15.444  -15.661  -15.877  -16.093  -16.309  -16.442  -16.557  -16.670  -16.783  -16.895  -16.956  -17.016  -17.092  -17.187
 -13.839  -14.450  -14.676  -14.903  -15.129  -15.348  -15.564  -15.781  -15.996  -16.212  -16.427  -16.559  -16.674  -16.787  -16.899  -17.011  -17.071  -17.131  -17.207  -17.302
 -13.920  -14.529  -14.755  -14.980  -15.206  -15.423  -15.639  -15.855  -16.070  -16.284  -16.498  -16.631  -16.744  -16.857  -16.969  -17.080  -17.141  -17.200  -17.276  -17.370
 -14.022  -14.629  -14.854  -15.079  -15.303  -15.520  -15.735  -15.950  -16.164  -16.378  -16.591  -16.722  -16.836  -16.948  -17.059  -17.170  -17.230  -17.290  -17.365  -17.459
 -14.147  -14.751  -14.975  -15.199  -15.422  -15.638  -15.853  -16.066  -16.279  -16.492  -16.704  -16.835  -16.948  -17.060  -17.171  -17.281  -17.341  -17.400  -17.475  -17.568
 -14.294  -14.895  -15.118  -15.341  -15.564  -15.779  -15.992  -16.205  -16.417  -16.628  -16.839  -16.970  -17.082  -17.194  -17.304  -17.413  -17.473  -17.532  -17.606  -17.699
 -14.464  -15.062  -15.284  -15.506  -15.728  -15.942  -16.154  -16.366  -16.577  -16.787  -16.997  -17.127  -17.239  -17.350  -17.459  -17.568  -17.628  -17.686  -17.760  -17.853
 -14.658  -15.254  -15.474  -15.695  -15.915  -16.128  -16.339  -16.550  -16.760  -16.969  -17.178  -17.307  -17.418  -17.529  -17.638  -17.746  -17.805  -17.863  -17.937  -18.029
 -14.877  -15.469  -15.689  -15.908  -16.127  -16.339  -16.549  -16.758  -16.967  -17.175  -17.383  -17.512  -17.622  -17.732  -17.840  -17.948  -18.007  -18.065  -18.138  -18.229
 -15.121  -15.710  -15.928  -16.146  -16.364  -16.575  -16.783  -16.992  -17.199  -17.406  -17.613  -17.741  -17.850  -17.959  -18.067  -18.174  -18.233  -18.290  -18.363  -18.454
 -15.391  -15.977  -16.194  -16.411  -16.627  -16.837  -17.044  -17.251  -17.457  -17.663  -17.868  -17.995  -18.104  -18.212  -18.320  -18.426  -18.484  -18.541  -18.614  -18.704
 -15.501  -16.083  -16.299  -16.515  -16.730  -16.938  -17.144  -17.349  -17.554  -17.759  -17.963  -18.089  -18.197  -18.305  -18.411  -18.517  -18.575  -18.632  -18.703  -18.793
 -15.640  -16.218  -16.432  -16.646  -16.860  -17.067  -17.271  -17.476  -17.679  -17.882  -18.085  -18.210  -18.318  -18.425  -18.530  -18.635  -18.693  -18.749  -18.821  -18.910
 -15.808  -16.382  -16.595  -16.807  -17.020  -17.225  -17.428  -17.631  -17.833  -18.035  -18.236  -18.360  -18.467  -18.573  -18.678  -18.783  -18.839  -18.896  -18.966  -19.055
 -16.006  -16.576  -16.788  -16.999  -17.210  -17.413  -17.615  -17.816  -18.017  -18.217  -18.417  -18.541  -18.647  -18.752  -18.856  -18.960  -19.016  -19.072  -19.142  -19.230
 -16.237  -16.803  -17.013  -17.222  -17.431  -17.633  -17.834  -18.034  -18.233  -18.431  -18.630  -18.752  -18.857  -18.962  -19.065  -19.168  -19.224  -19.279  -19.349  -19.436
 -16.501  -17.063  -17.271  -17.479  -17.686  -17.887  -18.085  -18.284  -18.481  -18.678  -18.875  -18.997  -19.101  -19.205  -19.307  -19.409  -19.465  -19.520  -19.589  -19.675
 -16.800  -17.357  -17.564  -17.770  -17.976  -18.175  -18.372  -18.568  -18.764  -18.960  -19.155  -19.275  -19.379  -19.482  -19.584  -19.685  -19.740  -19.794  -19.863  -19.949
 -17.136  -17.688  -17.893  -18.098  -18.302  -18.499  -18.694  -18.889  -19.084  -19.278  -19.471  -19.591  -19.693  -19.795  -19.896  -19.996  -20.051  -20.105  -20.173  -20.258
 -17.511  -18.058  -18.261  -18.464  -18.666  -18.862  -19.055  -19.249  -19.441  -19.634  -19.825  -19.944  -20.046  -20.147  -20.247  -20.346  -20.400  -20.454  -20.521  -20.605
 -20.868  -21.411  -21.612  -21.813  -22.013  -22.207  -22.399  -22.590  -22.781  -22.972  -23.161  -23.279  -23.380  -23.480  -23.579  -23.677  -23.731  -23.784  -23.851  -23.935
 -22.586  -23.123  -23.322  -23.521  -23.720  -23.912  -24.102  -24.291  -24.480  -24.669  -24.857  -24.974  -25.073  -25.173  -25.271  -25.368  -25.422  -25.474  -25.540  -25.623
 -24.349  -24.881  -25.078  -25.275  -25.472  -25.662  -25.850  -26.038  -26.225  -26.412  -26.598  -26.713  -26.812  -26.910  -27.008  -27.104  -27.157  -27.209  -27.274  -27.356
 -26.160  -26.687  -26.882  -27.077  -27.271  -27.459  -27.646  -27.832  -28.017  -28.202  -28.386  -28.500  -28.598  -28.695  -28.792  -28.887  -28.939  -28.991  -29.056  -29.137
 -28.023  -28.544  -28.737  -28.930  -29.122  -29.308  -29.493  -29.677  -29.860  -30.043  -30.225  -30.338  -30.435  -30.531  -30.626  -30.721  -30.772  -30.823  -30.887  -30.968
 -28.277  -28.792  -28.983  -29.174  -29.365  -29.548  -29.731  -29.913  -30.094  -30.275  -30.455  -30.567  -30.663  -30.758  -30.852  -30.945  -30.996  -31.047  -31.110  -31.189
 -28.174  -28.684  -28.872  -29.061  -29.249  -29.431  -29.611  -29.791  -29.970  -30.149  -30.327  -30.438  -30.532  -30.626  -30.719  -30.812  -30.862  -30.912  -30.975  -31.053
 -28.134  -28.637  -28.824  -29.010  -29.196  -29.376  -29.554  -29.731  -29.908  -30.085  -30.261  -30.370  -30.464  -30.557  -30.649  -30.740  -30.790  -30.839  -30.901  -30.978
 -28.161  -28.658  -28.842  -29.027  -29.210  -29.388  -29.563  -29.739  -29.913  -30.088  -30.262  -30.369  -30.462  -30.553  -30.644  -30.734  -30.784  -30.832  -30.893  -30.970
 -28.696  -29.187  -29.368  -29.550  -29.731  -29.906  -30.080  -30.253  -30.425  -30.598  -30.769  -30.875  -30.966  -31.057  -31.147  -31.235  -31.284  -31.332  -31.392  -31.468
 -31.049  -31.533  -31.712  -31.891  -32.070  -32.243  -32.414  -32.584  -32.754  -32.924  -33.093  -33.198  -33.288  -33.377  -33.466  -33.553  -33.601  -33.648  -33.708  -33.782
 -35.427  -35.904  -36.081  -36.257  -36.433  -36.603  -36.772  -36.940  -37.108  -37.275  -37.442  -37.545  -37.634  -37.722  -37.809  -37.895  -37.942  -37.989  -38.048  -38.121
