   0.000    0.000    0.000    0.000    0.000    0.000    0.000    0.000    0.000    0.000    0.000    0.000    0.000    0.000    0.000    0.000    0.000    0.000    0.000    0.000
   0.373    0.000    0.000    0.000    0.000    0.000    0.000    0.000    0.000    0.000    0.000    0.000    0.000    0.000    0.000    0.000    0.000    0.000    0.000    0.000
   0.574    0.202    0.000    0.000    0.000    0.000    0.000    0.000    0.000    0.000    0.000    0.000    0.000    0.000    0.000    0.000    0.000    0.000    0.000    0.000
   0.774    0.402    0.201    0.000    0.000    0.000    0.000    0.000    0.000    0.000    0.000    0.000    0.000    0.000    0.000    0.000    0.000    0.000    0.000    0.000
   0.972    0.601    0.400    0.199    0.000    0.000    0.000    0.000    0.000    0.000    0.000    0.000    0.000    0.000    0.000    0.000    0.000    0.000    0.000    0.000
   1.169    0.799    0.597    0.397    0.198    0.000    0.000    0.000    0.000    0.000    0.000    0.000    0.000    0.000    0.000    0.000    0.000    0.000    0.000    0.000
   0.155   -0.215   -0.416   -0.616   -0.815   -1.012    0.000    0.000    0.000    0.000    0.000    0.000    0.000    0.000    0.000    0.000    0.000    0.000    0.000    0.000
  -0.710   -1.079   -1.279   -1.479   -1.677   -1.875   -0.864    0.000    0.000    0.000    0.000    0.000    0.000    0.000    0.000    0.000    0.000    0.000    0.000    0.000
  -0.965   -1.334   -1.534   -1.733   -1.932   -2.129   -1.119   -0.257    0.000    0.000    0.000    0.000    0.000    0.000    0.000    0.000    0.000    0.000    0.000    0.000
  -1.222   -1.591   -1.790   -1.989   -2.187   -2.384   -1.376   -0.515   -0.259    0.000    0.000    0.000    0.000    0.000    0.000    0.000    0.000    0.000    0.000    0.000
  -1.481   -1.849   -2.049   -2.247   -2.445   -2.642   -1.635   -0.775   -0.519   -0.261    0.000    0.000    0.000    0.000    0.000    0.000    0.000    0.000    0.000    0.000
  -1.742   -2.109   -2.308   -2.507   -2.704   -2.901   -1.896   -1.037   -0.781   -0.523   -0.263    0.000    0.000    0.000    0.000    0.000    0.000    0.000    0.000    0.000
  -2.004   -2.371   -2.570   -2.768   -2.965   -3.161   -2.158   -1.300   -1.045   -0.787   -0.527   -0.265    0.000    0.000    0.000    0.000    0.000    0.000    0.000    0.000
  -2.258   -2.624   -2.823   -3.021   -3.218   -3.413   -2.412   -1.555   -1.301   -1.043   -0.784   -0.522   -0.257    0.000    0.000    0.000    0.000    0.000    0.000    0.000
  -2.514   -2.879   -3.078   -3.275   -3.472   -3.667   -2.667   -1.812   -1.557   -1.301   -1.041   -0.780   -0.516   -0.259    0.000    0.000    0.000    0.000    0.000    0.000
  -2.771   -3.136   -3.334   -3.531   -3.727   -3.922   -2.924   -2.070   -1.816   -1.560   -1.301   -1.040   -0.776   -0.519   -0.261    0.000    0.000    0.000    0.000    0.000
  -3.046   -3.410   -3.608   -3.805   -4.001   -4.196   -3.198   -2.346   -2.092   -1.836   -1.578   -1.317   -1.054   -0.798   -0.540   -0.279    0.000    0.000    0.000    0.000
  -3.322   -3.686   -3.884   -4.080   -4.276   -4.470   -3.475   -2.624   -2.370   -2.115   -1.857   -1.596   -1.333   -1.078   -0.820   -0.560   -0.281    0.000    0.000    0.000
  -3.601   -3.964   -4.161   -4.357   -4.553   -4.747   -3.753   -2.903   -2.650   -2.395   -2.138   -1.878   -1.615   -1.360   -1.103   -0.843   -0.565   -0.284    0.000    0.000
  -3.878   -4.241   -4.438   -4.634   -4.829   -5.023   -4.030   -3.182   -2.929   -2.674   -2.417   -2.158   -1.895   -1.641   -1.384   -1.124   -0.847   -0.566   -0.283    0.000
  -4.156   -4.518   -4.714   -4.910   -5.105   -5.298   -4.307   -3.460   -3.208   -2.954   -2.697   -2.438   -2.176   -1.922   -1.665   -1.406   -1.129   -0.849   -0.566   -0.284
  -4.435   -4.797   -4.993   -5.188   -5.383   -5.576   -4.587   -3.741   -3.489   -3.235   -2.979   -2.720   -2.459   -2.205   -1.949   -1.690   -1.413   -1.134   -0.851   -0.569
  -4.717   -5.078   -5.273   -5.468   -5.745   -5.800   -4.868   -4.023   -3.772   -3.519   -3.263   -3.004   -2.743   -2.490   -2.234   -1.976   -1.700   -1.420   -1.139   -0.857
  -5.000   -5.360   -5.556   -5.761   -5.815   -5.869   -5.151   -4.308   -4.057   -3.804   -3.548   -3.290   -3.030   -2.777   -2.522   -2.264   -1.988   -1.709   -1.428   -1.146
  -5.279   -5.726   -5.778   -5.832   -5.885   -5.940   -5.436   -4.594   -4.344   -4.091   -3.836   -3.578   -3.318   -3.066   -2.811   -2.553   -2.278   -2.000   -1.719   -1.438
  -5.351   -5.798   -5.851   -5.904   -5.958   -6.013   -5.723   -4.883   -4.633   -4.380   -4.126   -3.868   -3.609   -3.356   -3.102   -2.845   -2.570   -2.292   -2.012   -1.731
  -5.423   -5.872   -5.925   -5.978   -6.032   -6.086   -6.012   -5.173   -4.923   -4.671   -4.417   -4.160   -3.901   -3.649   -3.395   -3.139   -2.864   -2.587   -2.307   -2.027
  -5.393   -5.842   -5.895   -5.948   -6.002   -6.057   -6.197   -5.360   -5.111   -4.859   -4.605   -4.349   -4.090   -3.839   -3.585   -3.329   -3.055   -2.778   -2.498   -2.219
  -5.205   -5.656   -5.708   -5.762   -5.816   -5.870   -6.286   -5.391   -5.142   -4.891   -4.638   -4.382   -4.123   -3.872   -3.619   -3.363   -3.090   -2.813   -2.534   -2.255
  -5.020   -5.471   -5.524   -5.577   -5.631   -5.686   -6.103   -5.424   -5.176   -4.925   -4.672   -4.416   -4.158   -3.908   -3.655   -3.400   -3.127   -2.851   -2.572   -2.293
  -4.836   -5.288   -5.341   -5.394   -5.448   -5.503   -5.922   -5.459   -5.211   -4.961   -4.708   -4.453   -4.196   -3.946   -3.693   -3.438   -3.166   -2.890   -2.612   -2.334
  -4.682   -5.136   -5.188   -5.242   -5.296   -5.351   -5.771   -5.525   -5.278   -5.028   -4.776   -4.521   -4.264   -4.014   -3.762   -3.508   -3.236   -2.961   -2.683   -2.405
  -4.531   -4.985   -5.038   -5.091   -5.145   -5.200   -5.623   -5.594   -5.346   -5.097   -4.845   -4.591   -4.334   -4.085   -3.834   -3.580   -3.308   -3.033   -2.756   -2.479
  -4.381   -4.836   -4.889   -4.942   -4.996   -5.051   -5.475   -5.815   -5.417   -5.168   -4.917   -4.663   -4.407   -4.158   -3.907   -3.654   -3.382   -3.108   -2.831   -2.555
  -4.232   -4.689   -4.742   -4.795   -4.849   -4.904   -5.330   -5.671   -5.552   -5.242   -4.991   -4.738   -4.482   -4.233   -3.983   -3.730   -3.459   -3.185   -2.909   -2.633
  -4.086   -4.543   -4.596   -4.650   -4.704   -4.759   -5.187   -5.529   -5.410   -5.290   -5.169   -4.814   -4.559   -4.311   -4.060   -3.808   -3.537   -3.264   -2.988   -2.713
  -3.941   -4.400   -4.453   -4.506   -4.561   -4.616   -5.045   -5.389   -5.269   -5.149   -5.028   -4.906   -4.784   -4.390   -4.141   -3.888   -3.618   -3.346   -3.070   -2.795
  -3.799   -4.258   -4.311   -4.365   -4.419   -4.474   -4.905   -5.251   -5.131   -5.010   -4.889   -4.767   -4.645   -4.519   -4.223   -3.971   -3.701   -3.429   -3.154   -2.880
  -3.658   -4.118   -4.171   -4.225   -4.279   -4.334   -4.767   -5.114   -4.994   -4.874   -4.752   -4.630   -4.507   -4.381   -4.255   -4.127   -3.787   -3.515   -3.241   -2.967
  -3.518   -3.980   -4.033   -4.087   -4.141   -4.197   -4.631   -4.980   -4.860   -4.739   -4.617   -4.495   -4.372   -4.246   -4.119   -3.991   -4.014   -3.603   -3.330   -3.056
  -3.381   -3.844   -3.897   -3.951   -4.005   -4.061   -4.497   -4.848   -4.727   -4.606   -4.484   -4.362   -4.238   -4.112   -3.985   -3.857   -3.880   -3.694   -3.421   -3.147
  -3.246   -3.710   -3.763   -3.817   -3.871   -3.927   -4.365   -4.717   -4.597   -4.475   -4.353   -4.230   -4.107   -3.980   -3.853   -3.725   -3.748   -3.771   -3.514   -3.241
  -3.109   -3.574   -3.627   -3.681   -3.736   -3.791   -4.232   -4.585   -4.464   -4.343   -4.221   -4.097   -3.974   -3.847   -3.719   -3.591   -3.615   -3.638   -3.660   -3.334
  -2.942   -3.408   -3.461   -3.515   -3.570   -3.625   -4.068   -4.423   -4.302   -4.180   -4.058   -3.934   -3.810   -3.683   -3.556   -3.427   -3.451   -3.474   -3.496   -3.510
  -2.776   -3.244   -3.297   -3.351   -3.406   -3.461   -3.906   -4.263   -4.141   -4.019   -3.897   -3.773   -3.649   -3.522   -3.394   -3.265   -3.289   -3.313   -3.335   -3.349
  -2.613   -3.082   -3.135   -3.189   -3.244   -3.300   -3.746   -4.105   -3.983   -3.861   -3.738   -3.614   -3.490   -3.362   -3.234   -3.105   -3.129   -3.153   -3.176   -3.190
  -2.452   -2.922   -2.975   -3.029   -3.084   -3.140   -3.589   -3.949   -3.827   -3.705   -3.581   -3.458   -3.333   -3.205   -3.077   -2.947   -2.972   -2.996   -3.019   -3.034
  -2.293   -2.764   -2.818   -2.872   -2.927   -2.982   -3.433   -3.795   -3.673   -3.551   -3.427   -3.303   -3.178   -3.050   -2.921   -2.792   -2.817   -2.841   -2.864   -2.879
  -2.135   -2.607   -2.661   -2.715   -2.770   -2.825   -3.278   -3.642   -3.520   -3.397   -3.273   -3.149   -3.024   -2.896   -2.767   -2.637   -2.662   -2.686   -2.710   -2.725
  -1.977   -2.451   -2.505   -2.559   -2.614   -2.670   -3.125   -3.491   -3.368   -3.245   -3.121   -2.996   -2.871   -2.743   -2.613   -2.483   -2.509   -2.533   -2.557   -2.573
  -1.822   -2.298   -2.351   -2.405   -2.460   -2.516   -2.974   -3.341   -3.218   -3.095   -2.971   -2.846   -2.720   -2.592   -2.462   -2.332   -2.357   -2.382   -2.407   -2.422
  -1.670   -2.146   -2.200   -2.254   -2.309   -2.365   -2.825   -3.194   -3.071   -2.948   -2.823   -2.698   -2.572   -2.443   -2.313   -2.183   -2.209   -2.234   -2.259   -2.274
  -1.519   -1.997   -2.051   -2.105   -2.160   -2.216   -2.678   -3.050   -2.926   -2.802   -2.678   -2.552   -2.426   -2.297   -2.167   -2.036   -2.062   -2.088   -2.113   -2.129
  -1.371   -1.850   -1.904   -1.959   -2.014   -2.070   -2.534   -2.907   -2.784   -2.660   -2.535   -2.409   -2.283   -2.153   -2.023   -1.892   -1.918   -1.944   -1.969   -1.985
  -1.225   -1.706   -1.760   -1.814   -1.870   -1.926   -2.392   -2.768   -2.644   -2.519   -2.394   -2.268   -2.142   -2.012   -1.881   -1.750   -1.776   -1.803   -1.828   -1.845
  -1.082   -1.564   -1.618   -1.673   -1.728   -1.784   -2.253   -2.630   -2.506   -2.382   -2.256   -2.130   -2.003   -1.873   -1.742   -1.610   -1.637   -1.664   -1.689   -1.706
  -0.941   -1.425   -1.479   -1.533   -1.589   -1.645   -2.116   -2.496   -2.371   -2.246   -2.121   -1.994   -1.867   -1.736   -1.605   -1.473   -1.501   -1.527   -1.553   -1.570
  -0.808   -1.294   -1.348   -1.402   -1.458   -1.514   -1.988   -2.369   -2.245   -2.119   -1.993   -1.867   -1.739   -1.608   -1.477   -1.345   -1.372   -1.399   -1.426   -1.443
  -0.682   -1.169   -1.223   -1.278   -1.333   -1.390   -1.866   -2.249   -2.125   -1.999   -1.873   -1.746   -1.618   -1.487   -1.355   -1.222   -1.250   -1.278   -1.304   -1.322
  -0.558   -1.046   -1.101   -1.155   -1.211   -1.268   -1.747   -2.132   -2.007   -1.881   -1.754   -1.627   -1.499   -1.368   -1.235   -1.103   -1.131   -1.158   -1.185   -1.203
  -0.437   -0.927   -0.981   -1.036   -1.092   -1.148   -1.630   -2.018   -1.892   -1.766   -1.639   -1.511   -1.383   -1.251   -1.119   -0.985   -1.014   -1.042   -1.069   -1.088
  -0.292   -0.784   -0.838   -0.893   -0.949   -1.006   -1.490   -1.880   -1.754   -1.628   -1.500   -1.372   -1.244   -1.112   -0.979   -0.845   -0.874   -0.903   -0.930   -0.949
  -0.151   -0.644   -0.698   -0.753   -0.809   -0.866   -1.353   -1.745   -1.619   -1.492   -1.365   -1.236   -1.107   -0.975   -0.842   -0.708   -0.737   -0.766   -0.794   -0.813
  -0.012   -0.507   -0.561   -0.616   -0.672   -0.729   -1.219   -1.613   -1.487   -1.360   -1.232   -1.103   -0.974   -0.841   -0.708   -0.574   -0.603   -0.632   -0.660   -0.680
   0.125   -0.372   -0.427   -0.482   -0.538   -0.595   -1.087   -1.484   -1.358   -1.230   -1.102   -0.973   -0.843   -0.710   -0.576   -0.442   -0.472   -0.501   -0.530   -0.549
   0.258   -0.240   -0.295   -0.350   -0.407   -0.463   -0.959   -1.358   -1.231   -1.103   -0.975   -0.846   -0.716   -0.582   -0.448   -0.313   -0.343   -0.373   -0.402   -0.422
   0.388   -0.112   -0.166   -0.222   -0.278   -0.335   -0.834   -1.235   -1.108   -0.980   -0.851   -0.721   -0.591   -0.457   -0.322   -0.187   -0.218   -0.248   -0.277   -0.297
   0.516    0.014   -0.041   -0.096   -0.153   -0.210   -0.711   -1.115   -0.987   -0.859   -0.730   -0.600   -0.469   -0.335   -0.200   -0.064   -0.095   -0.126   -0.156   -0.176
   0.641    0.137    0.082    0.026   -0.030   -0.087   -0.592   -0.998   -0.870   -0.741   -0.612   -0.481   -0.350   -0.216   -0.081    0.055    0.024   -0.007   -0.037   -0.058
   0.762    0.256    0.201    0.146    0.089    0.032   -0.475   -0.885   -0.756   -0.627   -0.497   -0.366   -0.235   -0.100    0.036    0.172    0.140    0.109    0.079    0.058
   0.881    0.373    0.318    0.262    0.206    0.148   -0.362   -0.774   -0.645   -0.516   -0.386   -0.254   -0.123    0.013    0.149    0.285    0.253    0.222    0.191    0.170
   0.996    0.486    0.431    0.375    0.319    0.261   -0.253   -0.667   -0.538   -0.408   -0.277   -0.146   -0.014    0.122    0.258    0.396    0.363    0.331    0.300    0.278
   1.108    0.596    0.541    0.485    0.429    0.371   -0.146   -0.564   -0.434   -0.303   -0.172   -0.041    0.092    0.228    0.365    0.503    0.470    0.437    0.406    0.384
   1.217    0.703    0.648    0.592    0.535    0.477   -0.043   -0.463   -0.333   -0.202   -0.071    0.061    0.194    0.331    0.468    0.606    0.573    0.540    0.508    0.486
   1.323    0.807    0.751    0.695    0.638    0.580    0.057   -0.366   -0.236   -0.105    0.027    0.160    0.293    0.430    0.568    0.706    0.672    0.639    0.607    0.584
   1.425    0.907    0.851    0.795    0.738    0.680    0.153   -0.273   -0.142   -0.011    0.122    0.255    0.388    0.526    0.664    0.803    0.769    0.735    0.702    0.679
   1.523    1.003    0.947    0.891    0.834    0.776    0.245   -0.184   -0.052    0.080    0.212    0.346    0.480    0.618    0.756    0.896    0.861    0.827    0.794    0.770
   1.619    1.096    1.040    0.984    0.927    0.868    0.334   -0.098    0.034    0.166    0.300    0.433    0.568    0.706    0.845    0.985    0.950    0.916    0.882    0.858
   1.752    1.227    1.172    1.115    1.058    0.999    0.461    0.027    0.159    0.292    0.425    0.560    0.695    0.833    0.973    1.113    1.078    1.043    1.009    0.984
   1.892    1.365    1.309    1.252    1.194    1.136    0.594    0.156    0.289    0.422    0.556    0.691    0.827    0.966    1.106    1.247    1.211    1.175    1.141    1.116
   2.027    1.498    1.442    1.385    1.327    1.269    0.723    0.282    0.415    0.549    0.683    0.819    0.955    1.094    1.235    1.376    1.340    1.304    1.269    1.244
   2.159    1.627    1.571    1.514    1.456    1.398    0.848    0.404    0.537    0.672    0.807    0.942    1.079    1.219    1.360    1.502    1.465    1.429    1.393    1.367
   2.287    1.752    1.696    1.639    1.581    1.523    0.969    0.521    0.655    0.790    0.926    1.062    1.199    1.339    1.481    1.623    1.586    1.549    1.513    1.487
   2.198    1.661    1.604    1.547    1.489    1.430    0.873    0.422    0.556    0.691    0.827    0.964    1.101    1.243    1.385    1.527    1.489    1.452    1.416    1.389
   1.962    1.422    1.366    1.309    1.251    1.192    0.630    0.175    0.310    0.446    0.582    0.720    0.858    0.999    1.142    1.285    1.247    1.209    1.172    1.145
   1.722    1.180    1.123    1.066    1.008    0.949    0.383   -0.075    0.060    0.196    0.333    0.471    0.610    0.752    0.895    1.039    1.000    0.962    0.924    0.897
   1.478    0.933    0.877    0.819    0.761    0.701    0.131   -0.330   -0.194   -0.058    0.080    0.218    0.357    0.500    0.644    0.788    0.749    0.710    0.672    0.644
   1.230    0.682    0.625    0.568    0.509    0.450   -0.125   -0.590   -0.454   -0.316   -0.178   -0.040    0.100    0.243    0.388    0.533    0.493    0.453    0.415    0.387
   0.824    0.274    0.217    0.159    0.100    0.041   -0.538   -1.007   -0.870   -0.732   -0.594   -0.455   -0.314   -0.171   -0.026    0.120    0.079    0.040    0.000   -0.028
   0.313   -0.240   -0.297   -0.355   -0.414   -0.474   -1.058   -1.530   -1.393   -1.254   -1.115   -0.975   -0.835   -0.690   -0.545   -0.399   -0.440   -0.480   -0.520   -0.549
   0.197   -0.360   -0.417   -0.475   -0.534   -0.594   -1.183   -1.659   -1.521   -1.382   -1.242   -1.102   -0.961   -0.816   -0.670   -0.523   -0.564   -0.605   -0.646   -0.675
   0.341   -0.219   -0.276   -0.334   -0.393   -0.454   -1.047   -1.527   -1.389   -1.249   -1.109   -0.968   -0.826   -0.680   -0.534   -0.386   -0.428   -0.470   -0.511   -0.541
   0.481   -0.082   -0.140   -0.198   -0.257   -0.317   -0.916   -1.400   -1.261   -1.121   -0.980   -0.838   -0.696   -0.549   -0.402   -0.254   -0.297   -0.339   -0.381   -0.411
   0.616    0.050   -0.008   -0.066   -0.126   -0.186   -0.789   -1.278   -1.138   -0.997   -0.856   -0.714   -0.571   -0.424   -0.276   -0.127   -0.170   -0.213   -0.255   -0.286
   0.746    0.177    0.119    0.061    0.001   -0.060   -0.668   -1.161   -1.020   -0.879   -0.737   -0.594   -0.450   -0.303   -0.154   -0.005   -0.049   -0.092   -0.135   -0.166
   0.845    0.272    0.214    0.155    0.096    0.035   -0.578   -1.076   -0.935   -0.793   -0.650   -0.506   -0.362   -0.214   -0.064    0.086    0.041   -0.003   -0.046   -0.079
   0.938    0.362    0.304    0.245    0.185    0.124   -0.495   -0.997   -0.855   -0.712   -0.569   -0.425   -0.280   -0.131    0.019    0.170    0.125    0.080    0.036    0.003
   1.029    0.449    0.391    0.332    0.272    0.211   -0.414   -0.920   -0.777   -0.634   -0.490   -0.345   -0.200   -0.050    0.101    0.252    0.206    0.161    0.117    0.083
   1.115    0.532    0.473    0.414    0.354    0.292   -0.337   -0.848   -0.705   -0.561   -0.416   -0.271   -0.124    0.026    0.177    0.329    0.283    0.237    0.192    0.158
   1.195    0.609    0.550    0.490    0.430    0.369   -0.267   -0.783   -0.639   -0.494   -0.348   -0.202   -0.055    0.096    0.248    0.401    0.354    0.307    0.261    0.226
   1.270    0.680    0.621    0.561    0.500    0.439   -0.203   -0.723   -0.578   -0.433   -0.287   -0.140    0.008    0.160    0.313    0.466    0.418    0.371    0.324    0.289
   1.360    0.766    0.707    0.647    0.586    0.524   -0.123   -0.648   -0.503   -0.357   -0.210   -0.062    0.086    0.239    0.392    0.547    0.498    0.450    0.403    0.367
   0.708    0.110    0.050   -0.010   -0.071   -0.133   -0.786   -1.316   -1.170   -1.023   -0.876   -0.727   -0.578   -0.425   -0.270   -0.115   -0.165   -0.213   -0.261   -0.298
   0.309   -0.293   -0.352   -0.413   -0.474   -0.536   -1.196   -1.731   -1.584   -1.437   -1.288   -1.139   -0.989   -0.835   -0.680   -0.524   -0.574   -0.623   -0.672   -0.709
   0.413   -0.193   -0.252   -0.313   -0.374   -0.437   -1.102   -1.643   -1.496   -1.347   -1.198   -1.048   -0.898   -0.742   -0.586   -0.430   -0.480   -0.531   -0.580   -0.618
   0.511   -0.099   -0.159   -0.220   -0.281   -0.344   -1.016   -1.562   -1.414   -1.265   -1.115   -0.964   -0.813   -0.657   -0.500   -0.342   -0.394   -0.445   -0.495   -0.534
   0.601   -0.013   -0.073   -0.134   -0.196   -0.259   -0.937   -1.489   -1.340   -1.190   -1.039   -0.888   -0.735   -0.578   -0.421   -0.262   -0.315   -0.366   -0.418   -0.457
   0.685    0.066    0.006   -0.055   -0.117   -0.180   -0.866   -1.423   -1.273   -1.122   -0.971   -0.818   -0.665   -0.508   -0.349   -0.190   -0.243   -0.295   -0.347   -0.387
   0.761    0.138    0.078    0.016   -0.046   -0.110   -0.802   -1.365   -1.214   -1.062   -0.910   -0.757   -0.603   -0.444   -0.285   -0.124   -0.179   -0.232   -0.285   -0.325
   0.830    0.202    0.141    0.080    0.017   -0.046   -0.746   -1.315   -1.163   -1.010   -0.857   -0.703   -0.548   -0.389   -0.228   -0.067   -0.122   -0.176   -0.230   -0.271
   0.890    0.258    0.197    0.135    0.073    0.009   -0.698   -1.272   -1.120   -0.967   -0.812   -0.658   -0.502   -0.341   -0.180   -0.018   -0.074   -0.129   -0.183   -0.225
   0.943    0.306    0.245    0.183    0.120    0.056   -0.658   -1.239   -1.085   -0.931   -0.776   -0.620   -0.464   -0.302   -0.140    0.023   -0.033   -0.089   -0.145   -0.188
   0.988    0.346    0.285    0.222    0.159    0.095   -0.627   -1.214   -1.059   -0.904   -0.748   -0.591   -0.434   -0.272   -0.108    0.056   -0.002   -0.059   -0.115   -0.159
   1.024    0.377    0.316    0.253    0.190    0.125   -0.604   -1.197   -1.042   -0.886   -0.729   -0.572   -0.413   -0.250   -0.085    0.080    0.021   -0.037   -0.094   -0.138
   1.052    0.400    0.338    0.275    0.211    0.146   -0.591   -1.190   -1.034   -0.877   -0.719   -0.561   -0.401   -0.237   -0.072    0.095    0.035   -0.024   -0.082   -0.127
   1.070    0.413    0.351    0.288    0.224    0.159   -0.586   -1.192   -1.035   -0.877   -0.719   -0.559   -0.399   -0.233   -0.067    0.100    0.040   -0.020   -0.079   -0.125
   1.156    0.494    0.431    0.368    0.304    0.238   -0.515   -1.127   -0.969   -0.811   -0.651   -0.490   -0.329   -0.163    0.005    0.173    0.112    0.051   -0.009   -0.056
   1.217    0.549    0.487    0.423    0.358    0.293   -0.469   -1.088   -0.929   -0.769   -0.609   -0.447   -0.285   -0.117    0.051    0.220    0.158    0.096    0.035   -0.013
   1.214    0.541    0.478    0.414    0.349    0.283   -0.487   -1.113   -0.953   -0.792   -0.630   -0.468   -0.304   -0.136    0.034    0.204    0.141    0.078    0.016   -0.033
   1.201    0.523    0.459    0.395    0.330    0.264   -0.515   -1.148   -0.987   -0.825   -0.663   -0.499   -0.335   -0.165    0.006    0.177    0.113    0.049   -0.014   -0.064
   0.815    0.131    0.067    0.003   -0.063   -0.129   -0.917   -1.557   -1.395   -1.232   -1.068   -0.904   -0.738   -0.568   -0.396   -0.223   -0.289   -0.354   -0.418   -0.468
   0.240   -0.450   -0.514   -0.578   -0.644   -0.711   -1.507   -2.155   -1.992   -1.828   -1.663   -1.497   -1.331   -1.159   -0.986   -0.812   -0.879   -0.945   -1.010   -1.062
  -0.648   -1.344   -1.408   -1.473   -1.539   -1.606   -2.411   -3.066   -2.902   -2.737   -2.571   -2.405   -2.237   -2.064   -1.890   -1.715   -1.783   -1.850   -1.916   -1.969
  -1.347   -2.049   -2.113   -2.178   -2.245   -2.312   -3.127   -3.789   -3.624   -3.458   -3.291   -3.123   -2.955   -2.781   -2.605   -2.429   -2.498   -2.566   -2.633   -2.687
  -1.257   -1.965   -2.029   -2.095   -2.161   -2.229   -3.053   -3.723   -3.557   -3.390   -3.222   -3.053   -2.883   -2.708   -2.532   -2.354   -2.424   -2.494   -2.562   -2.617
  -1.178   -1.893   -1.958   -2.023   -2.090   -2.158   -2.992   -3.670   -3.502   -3.334   -3.165   -2.995   -2.824   -2.648   -2.470   -2.292   -2.363   -2.433   -2.503   -2.559
  -1.097   -1.817   -1.883   -1.949   -2.016   -2.084   -2.927   -3.613   -3.445   -3.276   -3.105   -2.934   -2.762   -2.585   -2.406   -2.226   -2.298   -2.370   -2.441   -2.497
  -0.984   -1.711   -1.776   -1.842   -1.910   -1.979   -2.831   -3.525   -3.356   -3.185   -3.014   -2.842   -2.669   -2.490   -2.310   -2.129   -2.202   -2.275   -2.347   -2.405
  -0.884   -1.617   -1.683   -1.749   -1.817   -1.886   -2.749   -3.450   -3.280   -3.108   -2.936   -2.763   -2.589   -2.408   -2.227   -2.045   -2.120   -2.194   -2.267   -2.326
  -0.797   -1.537   -1.603   -1.670   -1.738   -1.807   -2.680   -3.390   -3.218   -3.045   -2.872   -2.698   -2.522   -2.341   -2.159   -1.975   -2.051   -2.126   -2.201   -2.261
  -0.725   -1.471   -1.538   -1.605   -1.673   -1.743   -2.626   -3.343   -3.170   -2.997   -2.822   -2.647   -2.470   -2.288   -2.104   -1.920   -1.997   -2.073   -2.149   -2.210
  -0.667   -1.420   -1.487   -1.554   -1.623   -1.693   -2.586   -3.311   -3.137   -2.963   -2.787   -2.611   -2.433   -2.249   -2.064   -1.879   -1.957   -2.035   -2.111   -2.173
  -0.624   -1.384   -1.450   -1.518   -1.587   -1.658   -2.561   -3.294   -3.120   -2.944   -2.767   -2.589   -2.411   -2.226   -2.040   -1.853   -1.932   -2.011   -2.089   -2.152
  -0.596   -1.363   -1.430   -1.498   -1.567   -1.638   -2.551   -3.293   -3.117   -2.940   -2.762   -2.584   -2.404   -2.218   -2.031   -1.842   -1.923   -2.003   -2.083   -2.147
  -0.584   -1.357   -1.425   -1.493   -1.563   -1.634   -2.558   -3.307   -3.130   -2.953   -2.774   -2.594   -2.413   -2.226   -2.037   -1.848   -1.930   -2.011   -2.092   -2.157
  -0.560   -1.340   -1.408   -1.476   -1.546   -1.617   -2.551   -3.309   -3.131   -2.952   -2.772   -2.591   -2.409   -2.221   -2.031   -1.841   -1.924   -2.007   -2.089   -2.155
  -0.533   -1.319   -1.388   -1.457   -1.527   -1.598   -2.542   -3.308   -3.129   -2.949   -2.769   -2.587   -2.403   -2.214   -2.023   -1.831   -1.916   -2.000   -2.083   -2.151
  -0.523   -1.316   -1.385   -1.454   -1.524   -1.596   -2.550   -3.324   -3.145   -2.964   -2.782   -2.599   -2.415   -2.224   -2.032   -1.839   -1.925   -2.010   -2.095   -2.163
  -0.531   -1.331   -1.400   -1.469   -1.540   -1.612   -2.576   -3.358   -3.177   -2.996   -2.813   -2.629   -2.444   -2.252   -2.059   -1.865   -1.952   -2.038   -2.124   -2.194
  -0.558   -1.364   -1.433   -1.502   -1.573   -1.645   -2.620   -3.410   -3.228   -3.046   -2.862   -2.677   -2.491   -2.298   -2.104   -1.908   -1.997   -2.085   -2.172   -2.243
  -0.603   -1.415   -1.484   -1.554   -1.626   -1.698   -2.683   -3.480   -3.298   -3.114   -2.929   -2.743   -2.556   -2.362   -2.167   -1.971   -2.061   -2.150   -2.238   -2.310
  -0.600   -1.419   -1.489   -1.559   -1.630   -1.703   -2.697   -3.502   -3.319   -3.134   -2.949   -2.762   -2.574   -2.379   -2.183   -1.986   -2.077   -2.167   -2.256   -2.330
  -0.618   -1.443   -1.512   -1.583   -1.654   -1.727   -2.731   -3.544   -3.360   -3.174   -2.988   -2.800   -2.611   -2.416   -2.218   -2.020   -2.112   -2.204   -2.295   -2.369
  -0.655   -1.487   -1.556   -1.627   -1.699   -1.772   -2.785   -3.605   -3.420   -3.234   -3.047   -2.858   -2.669   -2.472   -2.274   -2.075   -2.168   -2.261   -2.353   -2.428
  -0.714   -1.551   -1.621   -1.692   -1.764   -1.837   -2.860   -3.686   -3.501   -3.314   -3.126   -2.937   -2.747   -2.549   -2.350   -2.150   -2.245   -2.339   -2.432   -2.508
  -0.794   -1.637   -1.707   -1.778   -1.850   -1.923   -2.955   -3.788   -3.602   -3.415   -3.226   -3.036   -2.845   -2.647   -2.447   -2.246   -2.342   -2.437   -2.532   -2.609
  -1.352   -2.201   -2.271   -2.342   -2.414   -2.487   -3.527   -4.367   -4.180   -3.992   -3.803   -3.613   -3.421   -3.222   -3.022   -2.820   -2.917   -3.013   -3.109   -3.187
  -1.933   -2.786   -2.856   -2.927   -3.000   -3.073   -4.122   -4.967   -4.780   -4.592   -4.402   -4.211   -4.019   -3.819   -3.618   -3.416   -3.514   -3.612   -3.708   -3.788
  -2.192   -3.050   -3.120   -3.191   -3.264   -3.337   -4.394   -5.245   -5.058   -4.869   -4.679   -4.487   -4.295   -4.094   -3.893   -3.690   -3.789   -3.888   -3.985   -4.066
  -2.245   -3.107   -3.178   -3.249   -3.321   -3.395   -4.459   -5.316   -5.128   -4.939   -4.748   -4.557   -4.363   -4.163   -3.961   -3.757   -3.857   -3.957   -4.055   -4.137
  -2.322   -3.189   -3.259   -3.330   -3.403   -3.476   -4.547   -5.409   -5.221   -5.032   -4.841   -4.649   -4.456   -4.254   -4.052   -3.848   -3.949   -4.050   -4.149   -4.232
  -2.201   -3.072   -3.142   -3.213   -3.285   -3.359   -4.436   -5.304   -5.115   -4.926   -4.735   -4.542   -4.349   -4.147   -3.944   -3.740   -3.842   -3.944   -4.044   -4.128
  -2.105   -2.979   -3.049   -3.121   -3.193   -3.266   -4.350   -5.222   -5.033   -4.844   -4.652   -4.460   -4.266   -4.065   -3.861   -3.657   -3.760   -3.862   -3.964   -4.048
  -2.036   -2.913   -2.983   -3.054   -3.126   -3.200   -4.289   -5.164   -4.976   -4.786   -4.595   -4.403   -4.209   -4.007   -3.804   -3.599   -3.703   -3.806   -3.909   -3.994
  -1.993   -2.872   -2.942   -3.013   -3.085   -3.159   -4.253   -5.132   -4.944   -4.754   -4.563   -4.371   -4.177   -3.975   -3.772   -3.567   -3.672   -3.776   -3.879   -3.965
  -1.977   -2.859   -2.929   -2.999   -3.071   -3.145   -4.244   -5.126   -4.938   -4.748   -4.557   -4.365   -4.171   -3.970   -3.766   -3.561   -3.667   -3.772   -3.876   -3.962
  -1.989   -2.873   -2.942   -3.013   -3.085   -3.158   -4.261   -5.146   -4.958   -4.769   -4.578   -4.386   -4.192   -3.991   -3.788   -3.583   -3.689   -3.795   -3.900   -3.987
  -2.030   -2.915   -2.984   -3.055   -3.126   -3.199   -4.306   -5.193   -5.005   -4.817   -4.626   -4.434   -4.241   -4.040   -3.837   -3.632   -3.740   -3.846   -3.951   -4.039
  -2.100   -2.986   -3.055   -3.125   -3.196   -3.269   -4.378   -5.268   -5.081   -4.892   -4.702   -4.511   -4.318   -4.117   -3.914   -3.710   -3.818   -3.925   -4.031   -4.119
  -2.201   -3.087   -3.155   -3.225   -3.296   -3.368   -4.480   -5.371   -5.184   -4.996   -4.807   -4.616   -4.424   -4.223   -4.021   -3.817   -3.926   -4.033   -4.140   -4.228
  -2.332   -3.218   -3.286   -3.356   -3.426   -3.498   -4.612   -5.504   -5.318   -5.130   -4.941   -4.751   -4.559   -4.359   -4.158   -3.955   -4.064   -4.171   -4.278   -4.368
  -2.295   -3.180   -3.249   -3.318   -3.388   -3.459   -4.574   -5.467   -5.281   -5.095   -4.907   -4.717   -4.526   -4.327   -4.126   -3.923   -4.032   -4.141   -4.248   -4.338
  -2.291   -3.175   -3.243   -3.312   -3.381   -3.453   -4.568   -5.461   -5.276   -5.091   -4.903   -4.714   -4.524   -4.325   -4.125   -3.923   -4.033   -4.142   -4.250   -4.340
  -2.321   -3.204   -3.271   -3.339   -3.408   -3.479   -4.595   -5.487   -5.304   -5.119   -4.932   -4.744   -4.555   -4.357   -4.158   -3.957   -4.067   -4.176   -4.284   -4.375
  -2.927   -3.808   -3.874   -3.942   -4.011   -4.081   -5.196   -6.088   -5.906   -5.722   -5.536   -5.349   -5.160   -4.964   -4.765   -4.565   -4.676   -4.785   -4.894   -4.984
  -3.705   -4.583   -4.649   -4.716   -4.785   -4.854   -5.969   -6.860   -6.678   -6.495   -6.310   -6.124   -5.937   -5.741   -5.544   -5.345   -5.455   -5.565   -5.674   -5.765
  -4.520   -5.395   -5.460   -5.527   -5.595   -5.664   -6.777   -7.667   -7.486   -7.304   -7.121   -6.936   -6.749   -6.555   -6.359   -6.161   -6.272   -6.381   -6.490   -6.582
  -5.373   -6.245   -6.310   -6.376   -6.444   -6.512   -7.623   -8.511   -8.332   -8.151   -7.969   -7.785   -7.600   -7.407   -7.212   -7.015   -7.126   -7.236   -7.345   -7.436
  -6.268   -7.136   -7.200   -7.266   -7.332   -7.400   -8.509   -9.395   -9.217   -9.037   -8.856   -8.674   -8.490   -8.298   -8.104   -7.909   -8.020   -8.130   -8.239   -8.331
  -7.204   -8.068   -8.132   -8.197   -8.263   -8.330   -9.436  -10.320  -10.143   -9.965   -9.785   -9.604   -9.421   -9.231   -9.038   -8.844   -8.955   -9.065   -9.175   -9.267
  -8.185   -9.044   -9.108   -9.172   -9.237   -9.303  -10.406  -11.287  -11.112  -10.935  -10.757  -10.577  -10.396  -10.207  -10.016   -9.823   -9.934  -10.045  -10.154  -10.246
  -8.786   -9.640   -9.703   -9.766   -9.831   -9.896  -10.996  -11.873  -11.700  -11.524  -11.348  -11.169  -10.990  -10.802  -10.612  -10.422  -10.533  -10.643  -10.752  -10.844
  -9.435  -10.284  -10.346  -10.409  -10.473  -10.538  -11.633  -12.507  -12.335  -12.161  -11.986  -11.810  -11.631  -11.445  -11.257  -11.068  -11.179  -11.289  -11.399  -11.491
 -10.136  -10.980  -11.041  -11.103  -11.166  -11.230  -12.321  -13.192  -13.021  -12.849  -12.675  -12.500  -12.324  -12.140  -11.953  -11.766  -11.877  -11.987  -12.096  -12.188
 -10.892  -11.730  -11.790  -11.851  -11.913  -11.977  -13.063  -13.930  -13.761  -13.590  -13.418  -13.245  -13.070  -12.888  -12.703  -12.517  -12.628  -12.738  -12.847  -12.940
 -11.706  -12.537  -12.597  -12.657  -12.718  -12.781  -13.862  -14.725  -14.557  -14.389  -14.218  -14.047  -13.874  -13.693  -13.511  -13.327  -13.437  -13.547  -13.656  -13.748
 -13.721  -14.546  -14.605  -14.664  -14.725  -14.787  -15.862  -16.720  -16.555  -16.388  -16.220  -16.050  -15.879  -15.700  -15.519  -15.337  -15.448  -15.557  -15.666  -15.758
 -16.591  -17.409  -17.467  -17.525  -17.585  -17.646  -18.715  -19.569  -19.405  -19.240  -19.074  -18.906  -18.737  -18.560  -18.381  -18.201  -18.311  -18.421  -18.529  -18.621
 -18.148  -18.958  -19.015  -19.073  -19.132  -19.191  -20.255  -21.103  -20.942  -20.779  -20.614  -20.448  -20.281  -20.106  -19.930  -19.752  -19.862  -19.971  -20.079  -20.171
 -19.781  -20.584  -20.640  -20.697  -20.755  -20.813  -21.870  -22.713  -22.554  -22.393  -22.230  -22.066  -21.901  -21.728  -21.554  -21.378  -21.488  -21.597  -21.705  -21.797
 -21.497  -22.292  -22.347  -22.403  -22.460  -22.517  -23.567  -24.405  -24.247  -24.088  -23.928  -23.766  -23.603  -23.433  -23.261  -23.087  -23.196  -23.305  -23.413  -23.505
 -25.186  -25.972  -26.026  -26.081  -26.136  -26.193  -27.235  -28.067  -27.912  -27.755  -27.597  -27.437  -27.277  -27.109  -26.939  -26.767  -26.877  -26.985  -27.092  -27.184
 -27.308  -28.085  -28.138  -28.192  -28.247  -28.302  -29.336  -30.162  -30.009  -29.854  -29.699  -29.542  -29.383  -29.217  -29.050  -28.881  -28.990  -29.098  -29.205  -29.296
 -28.601  -29.370  -29.421  -29.474  -29.528  -29.582  -30.608  -31.427  -31.276  -31.124  -30.971  -30.816  -30.660  -30.497  -30.332  -30.166  -30.274  -30.382  -30.488  -30.579
 -30.014  -30.772  -30.823  -30.874  -30.927  -30.980  -31.997  -32.809  -32.660  -32.511  -32.360  -32.208  -32.055  -31.894  -31.732  -31.568  -31.676  -31.783  -31.889  -31.980
