     Number of soundings =    1
                    ALL AREAS IN UNITS OF J/kg

 Origin    Rev.    P.A.    Rev.    P.A.    Rev.    P.A.    Rev.    P.A.
 p (mb)     PA      PA      NA      NA    CAPE    CAPE    DCAPE STDCAPE    STDCAPE
 ------    ----    ----    ----    ----    ----    ----   -----   -------  -------
 1006.0   166.0   737.0   273.9   233.8  -107.9   503.2     0.0     0.0     0.0
  995.0    77.0   527.4   323.5   272.9  -246.5   254.5    20.6     0.0     0.0
  990.0    68.7   511.5   334.8   280.5  -266.1   231.1    29.1     0.0     0.0
  985.0    61.0   494.9   346.5   288.3  -285.6   206.7    36.9     0.0     0.0
  980.0    53.5   480.1   358.7   296.1  -305.3   184.0    44.2     0.0     0.0
  975.0    47.2   465.1   371.0   303.6  -323.8   161.5    50.9     0.0     0.0
  970.0    15.2   246.4   369.6   317.3  -354.3   -70.9    65.2     0.0     0.0
  965.0     4.6   138.8   370.2   319.9  -365.6  -181.1    81.0     0.0     0.0
  960.0     7.2   159.1   348.5   302.4  -341.3  -143.3    90.2     0.0     0.0
  955.0    10.1   179.7   327.4   285.3  -317.3  -105.6    99.1     0.0     0.0
  950.0    14.1   200.6   307.1   268.6  -293.1   -68.0   107.8     0.0     0.0
  945.0    18.2   221.7   287.0   252.0  -268.8   -30.3   116.2     0.0     0.0
  940.0    23.5   245.0   282.7   235.9  -259.2     9.1   124.4     0.0     0.0
  935.0    30.0   268.8   259.3   226.8  -229.3    41.9   132.3     0.0     0.0
  930.0    38.6   300.4   249.3   207.1  -210.7    93.3   139.9     0.0     0.0
  925.0    51.5   338.1   223.3   189.9  -171.9   148.2   147.3     0.0     0.0
  920.0    47.2   314.9   216.5   183.5  -169.3   131.5   158.9     0.0     0.0
  915.0    43.5   293.5   209.4   176.8  -166.0   116.7   170.9     0.0     0.0
  910.0    40.3   274.6   202.7   171.0  -162.4   103.5   183.1     0.0     0.0
  905.0    38.3   260.9   180.9   156.2  -142.7   104.7   195.5     0.0     0.0
