   0.000    0.000    0.000    0.000    0.000    0.000    0.000    0.000    0.000    0.000    0.000    0.000    0.000    0.000    0.000    0.000    0.000    0.000    0.000    0.000
   0.373    0.000    0.000    0.000    0.000    0.000    0.000    0.000    0.000    0.000    0.000    0.000    0.000    0.000    0.000    0.000    0.000    0.000    0.000    0.000
   0.574    0.202    0.000    0.000    0.000    0.000    0.000    0.000    0.000    0.000    0.000    0.000    0.000    0.000    0.000    0.000    0.000    0.000    0.000    0.000
   0.774    0.402    0.201    0.000    0.000    0.000    0.000    0.000    0.000    0.000    0.000    0.000    0.000    0.000    0.000    0.000    0.000    0.000    0.000    0.000
   0.972    0.601    0.400    0.199    0.000    0.000    0.000    0.000    0.000    0.000    0.000    0.000    0.000    0.000    0.000    0.000    0.000    0.000    0.000    0.000
   1.169    0.799    0.597    0.397    0.198    0.000    0.000    0.000    0.000    0.000    0.000    0.000    0.000    0.000    0.000    0.000    0.000    0.000    0.000    0.000
   0.155   -0.215   -0.416   -0.616   -0.815   -1.012    0.000    0.000    0.000    0.000    0.000    0.000    0.000    0.000    0.000    0.000    0.000    0.000    0.000    0.000
  -0.710   -1.079   -1.279   -1.479   -1.677   -1.875   -0.864    0.000    0.000    0.000    0.000    0.000    0.000    0.000    0.000    0.000    0.000    0.000    0.000    0.000
  -0.965   -1.334   -1.534   -1.733   -1.932   -2.129   -1.119   -0.257    0.000    0.000    0.000    0.000    0.000    0.000    0.000    0.000    0.000    0.000    0.000    0.000
  -1.222   -1.591   -1.790   -1.989   -2.187   -2.384   -1.376   -0.515   -0.259    0.000    0.000    0.000    0.000    0.000    0.000    0.000    0.000    0.000    0.000    0.000
  -1.481   -1.849   -2.049   -2.247   -2.445   -2.642   -1.635   -0.775   -0.519   -0.261    0.000    0.000    0.000    0.000    0.000    0.000    0.000    0.000    0.000    0.000
  -1.742   -2.109   -2.308   -2.507   -2.704   -2.901   -1.896   -1.037   -0.781   -0.523   -0.263    0.000    0.000    0.000    0.000    0.000    0.000    0.000    0.000    0.000
  -2.004   -2.371   -2.570   -2.768   -2.965   -3.161   -2.158   -1.300   -1.045   -0.787   -0.527   -0.265    0.000    0.000    0.000    0.000    0.000    0.000    0.000    0.000
  -2.258   -2.624   -2.823   -3.021   -3.218   -3.413   -2.412   -1.555   -1.301   -1.043   -0.784   -0.522   -0.257    0.000    0.000    0.000    0.000    0.000    0.000    0.000
  -2.514   -2.879   -3.078   -3.275   -3.472   -3.667   -2.667   -1.812   -1.557   -1.301   -1.041   -0.780   -0.516   -0.259    0.000    0.000    0.000    0.000    0.000    0.000
  -2.771   -3.136   -3.334   -3.531   -3.727   -3.922   -2.924   -2.070   -1.816   -1.560   -1.301   -1.040   -0.776   -0.519   -0.261    0.000    0.000    0.000    0.000    0.000
  -3.046   -3.410   -3.608   -3.805   -4.001   -4.196   -3.198   -2.346   -2.092   -1.836   -1.578   -1.317   -1.054   -0.798   -0.540   -0.279    0.000    0.000    0.000    0.000
  -3.322   -3.686   -3.884   -4.080   -4.276   -4.470   -3.475   -2.624   -2.370   -2.115   -1.857   -1.596   -1.333   -1.078   -0.820   -0.560   -0.281    0.000    0.000    0.000
  -3.601   -3.964   -4.161   -4.357   -4.553   -4.747   -3.753   -2.903   -2.650   -2.395   -2.138   -1.878   -1.615   -1.360   -1.103   -0.843   -0.565   -0.284    0.000    0.000
  -3.878   -4.241   -4.438   -4.634   -4.829   -5.023   -4.030   -3.182   -2.929   -2.674   -2.417   -2.158   -1.895   -1.641   -1.384   -1.124   -0.847   -0.566   -0.283    0.000
  -4.156   -4.518   -4.714   -4.910   -5.105   -5.298   -4.307   -3.460   -3.208   -2.954   -2.697   -2.438   -2.176   -1.922   -1.665   -1.406   -1.129   -0.849   -0.566   -0.284
  -4.435   -4.797   -4.993   -5.188   -5.383   -5.576   -4.587   -3.741   -3.489   -3.235   -2.979   -2.720   -2.459   -2.205   -1.949   -1.690   -1.413   -1.134   -0.851   -0.569
  -4.717   -5.078   -5.273   -5.468   -5.734   -5.769   -4.868   -4.023   -3.772   -3.519   -3.263   -3.004   -2.743   -2.490   -2.234   -1.976   -1.700   -1.420   -1.139   -0.857
  -5.000   -5.360   -5.556   -5.736   -5.771   -5.806   -5.151   -4.308   -4.057   -3.804   -3.548   -3.290   -3.030   -2.777   -2.522   -2.264   -1.988   -1.709   -1.428   -1.146
  -5.244   -5.708   -5.741   -5.775   -5.809   -5.845   -5.436   -4.594   -4.344   -4.091   -3.836   -3.578   -3.318   -3.066   -2.811   -2.553   -2.278   -2.000   -1.719   -1.438
  -5.283   -5.747   -5.781   -5.815   -5.850   -5.885   -5.723   -4.883   -4.633   -4.380   -4.126   -3.868   -3.609   -3.356   -3.102   -2.845   -2.570   -2.292   -2.012   -1.731
  -5.323   -5.789   -5.823   -5.857   -5.891   -5.927   -6.012   -5.173   -4.923   -4.671   -4.417   -4.160   -3.901   -3.649   -3.395   -3.139   -2.864   -2.587   -2.307   -2.027
  -5.259   -5.727   -5.761   -5.795   -5.829   -5.865   -6.197   -5.360   -5.111   -4.859   -4.605   -4.349   -4.090   -3.839   -3.585   -3.329   -3.055   -2.778   -2.498   -2.219
  -5.039   -5.508   -5.542   -5.576   -5.611   -5.647   -6.267   -5.391   -5.142   -4.891   -4.638   -4.382   -4.123   -3.872   -3.619   -3.363   -3.090   -2.813   -2.534   -2.255
  -4.821   -5.291   -5.325   -5.359   -5.394   -5.430   -6.052   -5.424   -5.176   -4.925   -4.672   -4.416   -4.158   -3.908   -3.655   -3.400   -3.127   -2.851   -2.572   -2.293
  -4.604   -5.075   -5.110   -5.144   -5.179   -5.215   -5.839   -5.459   -5.211   -4.961   -4.708   -4.453   -4.196   -3.946   -3.693   -3.438   -3.166   -2.890   -2.612   -2.334
  -4.418   -4.890   -4.925   -4.959   -4.994   -5.030   -5.656   -5.525   -5.278   -5.028   -4.776   -4.521   -4.264   -4.014   -3.762   -3.508   -3.236   -2.961   -2.683   -2.405
  -4.234   -4.707   -4.742   -4.776   -4.811   -4.848   -5.475   -5.594   -5.346   -5.097   -4.845   -4.591   -4.334   -4.085   -3.834   -3.580   -3.308   -3.033   -2.756   -2.479
  -4.051   -4.526   -4.560   -4.595   -4.630   -4.667   -5.296   -5.806   -5.417   -5.168   -4.917   -4.663   -4.407   -4.158   -3.907   -3.654   -3.382   -3.108   -2.831   -2.555
  -3.870   -4.346   -4.381   -4.415   -4.451   -4.487   -5.119   -5.630   -5.530   -5.242   -4.991   -4.738   -4.482   -4.233   -3.983   -3.730   -3.459   -3.185   -2.909   -2.633
  -3.691   -4.168   -4.203   -4.238   -4.273   -4.310   -4.943   -5.456   -5.356   -5.255   -5.154   -4.814   -4.559   -4.311   -4.060   -3.808   -3.537   -3.264   -2.988   -2.713
  -3.513   -3.992   -4.027   -4.062   -4.097   -4.134   -4.769   -5.284   -5.184   -5.083   -4.981   -4.879   -4.776   -4.390   -4.141   -3.888   -3.618   -3.346   -3.070   -2.795
  -3.338   -3.818   -3.853   -3.888   -3.924   -3.960   -4.597   -5.114   -5.013   -4.912   -4.809   -4.707   -4.604   -4.497   -4.223   -3.971   -3.701   -3.429   -3.154   -2.880
  -3.164   -3.646   -3.681   -3.716   -3.751   -3.788   -4.427   -4.945   -4.844   -4.743   -4.640   -4.537   -4.434   -4.327   -4.219   -4.109   -3.787   -3.515   -3.241   -2.967
  -2.992   -3.475   -3.510   -3.545   -3.581   -3.618   -4.259   -4.779   -4.677   -4.576   -4.473   -4.370   -4.266   -4.158   -4.050   -3.940   -4.006   -3.603   -3.330   -3.056
  -2.822   -3.306   -3.342   -3.377   -3.413   -3.450   -4.093   -4.614   -4.513   -4.410   -4.307   -4.204   -4.100   -3.992   -3.883   -3.773   -3.839   -3.694   -3.421   -3.147
  -2.654   -3.140   -3.175   -3.211   -3.247   -3.284   -3.929   -4.452   -4.350   -4.247   -4.144   -4.040   -3.936   -3.827   -3.718   -3.608   -3.674   -3.740   -3.514   -3.241
  -2.484   -2.972   -3.007   -3.043   -3.079   -3.116   -3.763   -4.288   -4.185   -4.083   -3.979   -3.875   -3.770   -3.661   -3.552   -3.441   -3.508   -3.574   -3.639   -3.334
  -2.284   -2.773   -2.809   -2.844   -2.881   -2.918   -3.567   -4.094   -3.991   -3.888   -3.783   -3.679   -3.574   -3.465   -3.355   -3.244   -3.311   -3.377   -3.443   -3.499
  -2.086   -2.576   -2.612   -2.648   -2.684   -2.722   -3.373   -3.901   -3.798   -3.695   -3.590   -3.486   -3.380   -3.271   -3.160   -3.049   -3.116   -3.183   -3.249   -3.304
  -1.890   -2.382   -2.418   -2.454   -2.490   -2.528   -3.181   -3.711   -3.608   -3.504   -3.399   -3.294   -3.188   -3.078   -2.968   -2.856   -2.923   -2.990   -3.056   -3.112
  -1.696   -2.190   -2.226   -2.262   -2.298   -2.336   -2.992   -3.524   -3.420   -3.316   -3.210   -3.105   -2.999   -2.888   -2.778   -2.666   -2.733   -2.800   -2.866   -2.923
  -1.504   -1.999   -2.036   -2.072   -2.109   -2.147   -2.804   -3.338   -3.234   -3.129   -3.024   -2.918   -2.811   -2.701   -2.589   -2.477   -2.545   -2.612   -2.678   -2.735
  -1.313   -1.810   -1.846   -1.882   -1.919   -1.957   -2.618   -3.153   -3.049   -2.944   -2.838   -2.732   -2.624   -2.513   -2.402   -2.289   -2.357   -2.425   -2.491   -2.548
  -1.123   -1.622   -1.658   -1.694   -1.731   -1.770   -2.432   -2.970   -2.865   -2.759   -2.653   -2.547   -2.439   -2.328   -2.216   -2.103   -2.170   -2.238   -2.305   -2.362
  -0.935   -1.436   -1.472   -1.509   -1.546   -1.584   -2.249   -2.788   -2.683   -2.577   -2.471   -2.364   -2.256   -2.144   -2.032   -1.918   -1.986   -2.055   -2.122   -2.179
  -0.749   -1.252   -1.289   -1.325   -1.363   -1.401   -2.068   -2.610   -2.504   -2.398   -2.291   -2.183   -2.075   -1.963   -1.850   -1.736   -1.805   -1.873   -1.941   -1.998
  -0.566   -1.071   -1.107   -1.144   -1.182   -1.220   -1.890   -2.433   -2.327   -2.221   -2.113   -2.006   -1.897   -1.784   -1.671   -1.557   -1.625   -1.694   -1.762   -1.819
  -0.385   -0.892   -0.928   -0.965   -1.003   -1.042   -1.714   -2.259   -2.153   -2.046   -1.938   -1.830   -1.721   -1.608   -1.494   -1.380   -1.448   -1.517   -1.585   -1.643
  -0.207   -0.715   -0.752   -0.789   -0.827   -0.866   -1.540   -2.088   -1.981   -1.874   -1.765   -1.657   -1.547   -1.434   -1.320   -1.205   -1.274   -1.343   -1.411   -1.469
  -0.031   -0.541   -0.578   -0.615   -0.653   -0.692   -1.369   -1.919   -1.812   -1.704   -1.595   -1.486   -1.376   -1.263   -1.148   -1.033   -1.102   -1.171   -1.240   -1.298
   0.142   -0.369   -0.407   -0.444   -0.482   -0.521   -1.201   -1.753   -1.645   -1.537   -1.428   -1.318   -1.208   -1.094   -0.979   -0.863   -0.932   -1.002   -1.071   -1.129
   0.308   -0.206   -0.243   -0.281   -0.319   -0.359   -1.041   -1.595   -1.487   -1.378   -1.268   -1.159   -1.048   -0.933   -0.818   -0.701   -0.771   -0.841   -0.910   -0.969
   0.467   -0.049   -0.087   -0.124   -0.163   -0.202   -0.887   -1.444   -1.335   -1.226   -1.116   -1.006   -0.894   -0.779   -0.663   -0.547   -0.617   -0.687   -0.756   -0.815
   0.623    0.105    0.067    0.030   -0.009   -0.049   -0.736   -1.295   -1.186   -1.076   -0.966   -0.855   -0.744   -0.628   -0.512   -0.394   -0.465   -0.535   -0.605   -0.664
   0.777    0.257    0.219    0.181    0.142    0.102   -0.588   -1.149   -1.040   -0.930   -0.819   -0.708   -0.595   -0.479   -0.363   -0.245   -0.315   -0.386   -0.456   -0.515
   0.953    0.431    0.393    0.355    0.316    0.276   -0.417   -0.980   -0.870   -0.760   -0.648   -0.537   -0.424   -0.308   -0.190   -0.072   -0.143   -0.214   -0.284   -0.344
   1.127    0.603    0.565    0.527    0.488    0.448   -0.249   -0.814   -0.704   -0.593   -0.481   -0.369   -0.256   -0.139   -0.021    0.098    0.026   -0.045   -0.115   -0.175
   1.298    0.772    0.734    0.695    0.656    0.616   -0.083   -0.651   -0.540   -0.429   -0.317   -0.204   -0.091    0.027    0.145    0.265    0.193    0.121    0.051   -0.009
   1.467    0.938    0.900    0.861    0.822    0.781    0.079   -0.491   -0.380   -0.268   -0.155   -0.042    0.072    0.190    0.309    0.429    0.357    0.285    0.214    0.153
   1.632    1.101    1.063    1.024    0.985    0.944    0.239   -0.334   -0.222   -0.110    0.003    0.117    0.231    0.350    0.469    0.590    0.517    0.445    0.374    0.313
   1.795    1.262    1.223    1.184    1.144    1.103    0.395   -0.180   -0.068    0.045    0.159    0.273    0.388    0.507    0.627    0.748    0.675    0.602    0.531    0.470
   1.954    1.419    1.380    1.341    1.301    1.260    0.548   -0.030    0.083    0.196    0.311    0.425    0.541    0.661    0.781    0.902    0.830    0.757    0.685    0.624
   2.111    1.573    1.534    1.495    1.455    1.413    0.699    0.118    0.231    0.345    0.460    0.575    0.691    0.811    0.932    1.054    0.981    0.908    0.835    0.774
   2.264    1.724    1.684    1.645    1.605    1.563    0.845    0.262    0.376    0.490    0.606    0.721    0.838    0.959    1.080    1.203    1.129    1.055    0.983    0.921
   2.414    1.871    1.832    1.792    1.752    1.710    0.989    0.403    0.517    0.632    0.748    0.864    0.981    1.103    1.225    1.348    1.274    1.200    1.127    1.065
   2.561    2.016    1.976    1.936    1.896    1.854    1.129    0.540    0.655    0.770    0.887    1.004    1.122    1.243    1.366    1.490    1.416    1.341    1.268    1.206
   2.704    2.157    2.117    2.077    2.036    1.994    1.266    0.674    0.789    0.905    1.023    1.140    1.258    1.381    1.504    1.628    1.554    1.479    1.405    1.343
   2.844    2.294    2.254    2.214    2.173    2.131    1.399    0.804    0.920    1.037    1.155    1.272    1.391    1.514    1.638    1.763    1.688    1.613    1.539    1.476
   2.981    2.428    2.388    2.348    2.306    2.264    1.529    0.931    1.047    1.165    1.283    1.401    1.521    1.645    1.769    1.895    1.819    1.744    1.669    1.606
   3.114    2.559    2.518    2.478    2.436    2.394    1.654    1.054    1.171    1.289    1.408    1.527    1.647    1.771    1.896    2.022    1.947    1.871    1.796    1.733
   3.244    2.685    2.645    2.604    2.562    2.519    1.777    1.173    1.291    1.409    1.529    1.648    1.769    1.894    2.019    2.146    2.070    1.994    1.919    1.855
   3.369    2.808    2.767    2.726    2.685    2.642    1.895    1.288    1.406    1.525    1.646    1.766    1.887    2.013    2.139    2.267    2.190    2.113    2.038    1.974
   3.534    2.970    2.929    2.887    2.846    2.802    2.052    1.441    1.560    1.680    1.801    1.922    2.044    2.170    2.297    2.425    2.348    2.271    2.195    2.131
   3.704    3.137    3.095    3.054    3.012    2.968    2.214    1.600    1.720    1.840    1.962    2.083    2.206    2.333    2.460    2.589    2.512    2.434    2.358    2.293
   3.869    3.299    3.258    3.216    3.174    3.130    2.372    1.755    1.875    1.996    2.118    2.240    2.364    2.491    2.620    2.749    2.671    2.593    2.517    2.452
   4.031    3.458    3.416    3.375    3.332    3.288    2.525    1.905    2.026    2.148    2.271    2.393    2.517    2.646    2.775    2.905    2.827    2.748    2.671    2.606
   4.189    3.613    3.571    3.529    3.486    3.442    2.675    2.051    2.173    2.295    2.418    2.542    2.667    2.796    2.925    3.056    2.978    2.899    2.821    2.756
   4.129    3.550    3.508    3.465    3.422    3.378    2.606    1.979    2.102    2.225    2.349    2.473    2.598    2.728    2.859    2.990    2.911    2.832    2.754    2.688
   3.923    3.340    3.298    3.255    3.212    3.167    2.392    1.761    1.884    2.008    2.133    2.257    2.384    2.514    2.645    2.778    2.698    2.619    2.540    2.474
   3.712    3.126    3.084    3.041    2.997    2.952    2.172    1.538    1.662    1.786    1.912    2.037    2.164    2.295    2.427    2.561    2.481    2.401    2.322    2.255
   3.497    2.908    2.865    2.822    2.778    2.733    1.948    1.310    1.434    1.560    1.686    1.812    1.940    2.072    2.205    2.339    2.259    2.178    2.099    2.031
   3.278    2.685    2.642    2.598    2.554    2.509    1.719    1.077    1.203    1.329    1.456    1.583    1.711    1.844    1.978    2.112    2.032    1.950    1.871    1.803
   2.900    2.304    2.261    2.217    2.173    2.127    1.333    0.687    0.813    0.940    1.068    1.195    1.325    1.458    1.593    1.728    1.647    1.565    1.485    1.417
   2.417    1.818    1.774    1.730    1.685    1.639    0.840    0.190    0.317    0.445    0.573    0.702    0.832    0.966    1.102    1.238    1.156    1.074    0.993    0.925
   2.328    1.725    1.681    1.637    1.592    1.546    0.742    0.087    0.215    0.343    0.473    0.603    0.733    0.869    1.005    1.142    1.060    0.977    0.896    0.827
   2.500    1.893    1.849    1.804    1.759    1.713    0.904    0.245    0.374    0.503    0.633    0.764    0.895    1.031    1.168    1.306    1.223    1.140    1.059    0.989
   2.667    2.056    2.012    1.967    1.921    1.875    1.060    0.398    0.527    0.657    0.788    0.919    1.052    1.189    1.327    1.466    1.382    1.299    1.216    1.146
   2.829    2.214    2.169    2.125    2.079    2.031    1.212    0.545    0.675    0.806    0.938    1.070    1.203    1.341    1.480    1.620    1.536    1.452    1.369    1.299
   2.986    2.367    2.322    2.277    2.231    2.183    1.358    0.687    0.818    0.950    1.083    1.216    1.350    1.489    1.628    1.769    1.685    1.600    1.516    1.446
   3.111    2.488    2.442    2.397    2.350    2.303    1.472    0.796    0.928    1.061    1.195    1.329    1.464    1.603    1.744    1.886    1.801    1.715    1.631    1.560
   3.230    2.602    2.557    2.511    2.464    2.416    1.580    0.899    1.032    1.166    1.301    1.435    1.571    1.712    1.853    1.996    1.911    1.825    1.740    1.668
   3.346    2.714    2.668    2.622    2.575    2.527    1.685    1.000    1.133    1.268    1.404    1.539    1.676    1.818    1.960    2.104    2.018    1.931    1.846    1.774
   3.457    2.821    2.775    2.728    2.681    2.632    1.784    1.094    1.229    1.364    1.501    1.638    1.776    1.918    2.062    2.206    2.120    2.033    1.947    1.874
   3.562    2.921    2.875    2.828    2.780    2.731    1.878    1.182    1.318    1.454    1.592    1.730    1.869    2.012    2.157    2.302    2.215    2.127    2.041    1.968
   3.660    3.015    2.968    2.921    2.873    2.824    1.964    1.264    1.401    1.538    1.677    1.815    1.955    2.100    2.245    2.392    2.304    2.216    2.129    2.055
   3.774    3.124    3.077    3.029    2.981    2.931    2.065    1.360    1.498    1.636    1.776    1.915    2.056    2.202    2.348    2.496    2.408    2.319    2.231    2.157
   3.145    2.490    2.443    2.395    2.346    2.296    1.423    0.713    0.852    0.991    1.132    1.272    1.414    1.561    1.709    1.858    1.768    1.679    1.591    1.516
   2.768    2.109    2.061    2.013    1.964    1.913    1.034    0.319    0.458    0.599    0.741    0.882    1.025    1.173    1.322    1.472    1.382    1.292    1.203    1.127
   2.895    2.230    2.182    2.134    2.084    2.033    1.148    0.426    0.567    0.709    0.852    0.994    1.138    1.287    1.437    1.588    1.498    1.407    1.317    1.241
   3.013    2.344    2.295    2.247    2.197    2.145    1.253    0.526    0.668    0.811    0.955    1.099    1.244    1.394    1.545    1.697    1.606    1.514    1.424    1.347
   3.125    2.450    2.401    2.352    2.302    2.250    1.351    0.618    0.761    0.905    1.050    1.195    1.341    1.493    1.645    1.798    1.706    1.614    1.523    1.446
   3.228    2.549    2.499    2.449    2.399    2.347    1.440    0.702    0.846    0.991    1.137    1.283    1.431    1.583    1.737    1.891    1.799    1.706    1.614    1.536
   3.324    2.639    2.589    2.539    2.488    2.435    1.521    0.778    0.923    1.069    1.216    1.363    1.512    1.666    1.820    1.976    1.883    1.789    1.697    1.618
   3.411    2.720    2.670    2.620    2.568    2.515    1.594    0.844    0.991    1.138    1.286    1.435    1.585    1.740    1.895    2.053    1.958    1.864    1.771    1.692
   3.490    2.793    2.743    2.692    2.640    2.586    1.658    0.902    1.050    1.198    1.348    1.497    1.648    1.805    1.962    2.120    2.025    1.930    1.836    1.756
   3.560    2.858    2.806    2.755    2.703    2.649    1.713    0.951    1.099    1.249    1.400    1.551    1.703    1.861    2.019    2.179    2.083    1.987    1.892    1.812
   3.620    2.913    2.861    2.809    2.757    2.702    1.758    0.990    1.140    1.291    1.443    1.595    1.748    1.907    2.067    2.228    2.132    2.035    1.939    1.858
   3.672    2.958    2.906    2.854    2.801    2.746    1.794    1.019    1.171    1.323    1.476    1.629    1.784    1.944    2.106    2.268    2.171    2.073    1.977    1.895
   3.714    2.994    2.942    2.889    2.835    2.780    1.820    1.039    1.191    1.345    1.499    1.654    1.810    1.972    2.134    2.298    2.200    2.101    2.004    1.922
   3.746    3.020    2.967    2.914    2.860    2.804    1.836    1.048    1.202    1.356    1.512    1.668    1.826    1.989    2.153    2.318    2.219    2.119    2.022    1.938
   3.845    3.112    3.059    3.005    2.951    2.895    1.918    1.123    1.278    1.434    1.592    1.749    1.908    2.072    2.237    2.404    2.304    2.204    2.105    2.021
   3.917    3.178    3.124    3.070    3.015    2.958    1.973    1.171    1.328    1.485    1.644    1.803    1.963    2.129    2.295    2.464    2.363    2.262    2.162    2.077
   3.925    3.179    3.125    3.070    3.015    2.958    1.964    1.155    1.313    1.472    1.632    1.792    1.953    2.121    2.289    2.459    2.357    2.255    2.154    2.069
   3.922    3.169    3.114    3.059    3.003    2.946    1.943    1.127    1.286    1.446    1.608    1.769    1.932    2.101    2.271    2.442    2.339    2.236    2.135    2.049
   3.543    2.784    2.729    2.674    2.617    2.559    1.547    0.724    0.885    1.046    1.209    1.372    1.537    1.707    1.878    2.051    1.947    1.843    1.741    1.654
   2.976    2.210    2.154    2.098    2.041    1.982    0.962    0.131    0.293    0.456    0.621    0.785    0.951    1.123    1.295    1.470    1.365    1.260    1.157    1.069
   2.094    1.321    1.264    1.208    1.150    1.091    0.061   -0.777   -0.613   -0.449   -0.283   -0.117    0.050    0.224    0.398    0.574    0.468    0.362    0.258    0.170
   1.399    0.619    0.562    0.505    0.447    0.387   -0.652   -1.497   -1.332   -1.167   -0.999   -0.832   -0.663   -0.488   -0.312   -0.135   -0.241   -0.348   -0.453   -0.542
   1.493    0.705    0.648    0.590    0.532    0.471   -0.578   -1.430   -1.264   -1.097   -0.928   -0.759   -0.589   -0.412   -0.235   -0.056   -0.163   -0.271   -0.377   -0.467
   1.572    0.778    0.720    0.662    0.602    0.541   -0.517   -1.377   -1.209   -1.040   -0.870   -0.700   -0.528   -0.350   -0.171    0.010   -0.099   -0.207   -0.314   -0.405
   1.654    0.852    0.793    0.735    0.675    0.613   -0.454   -1.322   -1.153   -0.983   -0.811   -0.639   -0.465   -0.286   -0.105    0.077   -0.032   -0.142   -0.250   -0.341
   1.766    0.956    0.897    0.838    0.778    0.716   -0.362   -1.237   -1.066   -0.895   -0.721   -0.548   -0.373   -0.192   -0.010    0.174    0.064   -0.047   -0.155   -0.248
   1.863    1.046    0.986    0.927    0.866    0.803   -0.284   -1.167   -0.994   -0.821   -0.647   -0.472   -0.295   -0.113    0.071    0.257    0.146    0.034   -0.076   -0.169
   1.945    1.120    1.060    1.000    0.938    0.875   -0.222   -1.112   -0.938   -0.764   -0.587   -0.411   -0.233   -0.049    0.137    0.324    0.212    0.099   -0.012   -0.106
   2.011    1.179    1.118    1.057    0.995    0.931   -0.175   -1.073   -0.898   -0.722   -0.544   -0.366   -0.187   -0.001    0.186    0.375    0.262    0.148    0.037   -0.058
   2.061    1.221    1.160    1.098    1.036    0.971   -0.145   -1.050   -0.874   -0.696   -0.517   -0.338   -0.156    0.031    0.220    0.410    0.296    0.181    0.069   -0.027
   2.095    1.246    1.185    1.123    1.060    0.995   -0.131   -1.044   -0.866   -0.687   -0.506   -0.326   -0.143    0.046    0.236    0.429    0.313    0.198    0.084   -0.012
   2.111    1.255    1.192    1.130    1.066    1.001   -0.135   -1.055   -0.876   -0.696   -0.513   -0.331   -0.147    0.044    0.236    0.430    0.314    0.197    0.082   -0.015
   2.109    1.245    1.182    1.119    1.055    0.989   -0.156   -1.084   -0.903   -0.721   -0.538   -0.354   -0.168    0.024    0.218    0.413    0.296    0.178    0.063   -0.035
   2.118    1.246    1.183    1.120    1.055    0.988   -0.167   -1.102   -0.919   -0.736   -0.551   -0.366   -0.179    0.015    0.210    0.407    0.289    0.171    0.054   -0.045
   2.127    1.248    1.184    1.120    1.055    0.988   -0.176   -1.118   -0.935   -0.750   -0.564   -0.377   -0.188    0.007    0.204    0.402    0.283    0.164    0.046   -0.054
   2.117    1.231    1.166    1.102    1.036    0.968   -0.205   -1.154   -0.969   -0.783   -0.595   -0.407   -0.217   -0.020    0.178    0.378    0.258    0.138    0.019   -0.081
   2.087    1.194    1.129    1.064    0.997    0.929   -0.253   -1.209   -1.023   -0.836   -0.646   -0.457   -0.265   -0.067    0.133    0.334    0.213    0.092   -0.027   -0.129
   2.037    1.136    1.071    1.005    0.939    0.870   -0.321   -1.283   -1.096   -0.908   -0.717   -0.526   -0.334   -0.134    0.067    0.270    0.148    0.026   -0.094   -0.196
   1.966    1.058    0.992    0.926    0.859    0.789   -0.410   -1.378   -1.190   -1.000   -0.808   -0.616   -0.422   -0.221   -0.019    0.186    0.063   -0.060   -0.181   -0.284
   1.940    1.026    0.959    0.893    0.825    0.755   -0.453   -1.427   -1.237   -1.047   -0.854   -0.660   -0.465   -0.263   -0.059    0.147    0.024   -0.100   -0.222   -0.325
   1.892    0.971    0.904    0.837    0.769    0.698   -0.517   -1.497   -1.306   -1.114   -0.920   -0.726   -0.529   -0.326   -0.121    0.087   -0.038   -0.162   -0.285   -0.389
   1.822    0.894    0.827    0.759    0.691    0.620   -0.603   -1.588   -1.396   -1.203   -1.008   -0.813   -0.615   -0.411   -0.204    0.004   -0.121   -0.246   -0.369   -0.474
   1.728    0.795    0.727    0.659    0.590    0.518   -0.711   -1.701   -1.509   -1.315   -1.119   -0.922   -0.724   -0.518   -0.310   -0.101   -0.226   -0.353   -0.476   -0.582
   1.611    0.671    0.603    0.535    0.466    0.394   -0.842   -1.837   -1.643   -1.449   -1.252   -1.054   -0.855   -0.648   -0.439   -0.229   -0.355   -0.482   -0.606   -0.712
   1.013    0.069    0.000   -0.068   -0.138   -0.210   -1.452   -2.451   -2.257   -2.061   -1.863   -1.665   -1.465   -1.257   -1.048   -0.836   -0.963   -1.090   -1.215   -1.321
   0.391   -0.558   -0.627   -0.696   -0.766   -0.839   -2.086   -3.088   -2.893   -2.697   -2.499   -2.300   -2.099   -1.890   -1.680   -1.467   -1.595   -1.722   -1.848   -1.955
   0.089   -0.865   -0.935   -1.004   -1.074   -1.147   -2.399   -3.405   -3.209   -3.012   -2.813   -2.614   -2.412   -2.203   -1.991   -1.778   -1.906   -2.034   -2.160   -2.267
  -0.010   -0.968   -1.038   -1.107   -1.178   -1.251   -2.507   -3.515   -3.319   -3.122   -2.923   -2.723   -2.520   -2.310   -2.098   -1.884   -2.013   -2.141   -2.268   -2.375
  -0.136   -1.097   -1.167   -1.236   -1.307   -1.381   -2.640   -3.651   -3.454   -3.257   -3.057   -2.856   -2.653   -2.443   -2.231   -2.016   -2.145   -2.274   -2.400   -2.508
  -0.065   -1.029   -1.099   -1.169   -1.240   -1.314   -2.576   -3.588   -3.392   -3.194   -2.993   -2.792   -2.589   -2.378   -2.165   -1.950   -2.079   -2.209   -2.336   -2.444
  -0.021   -0.988   -1.058   -1.128   -1.200   -1.273   -2.538   -3.551   -3.354   -3.156   -2.955   -2.755   -2.551   -2.340   -2.127   -1.911   -2.040   -2.170   -2.297   -2.405
  -0.006   -0.975   -1.045   -1.115   -1.186   -1.260   -2.526   -3.540   -3.343   -3.145   -2.944   -2.743   -2.539   -2.328   -2.115   -1.899   -2.028   -2.158   -2.285   -2.393
  -0.019   -0.989   -1.059   -1.129   -1.201   -1.275   -2.542   -3.555   -3.359   -3.160   -2.960   -2.758   -2.555   -2.343   -2.130   -1.914   -2.043   -2.173   -2.301   -2.409
  -0.061   -1.032   -1.102   -1.172   -1.244   -1.318   -2.585   -3.598   -3.401   -3.203   -3.002   -2.801   -2.598   -2.386   -2.173   -1.957   -2.087   -2.216   -2.344   -2.452
  -0.133   -1.104   -1.174   -1.244   -1.316   -1.390   -2.656   -3.668   -3.471   -3.274   -3.073   -2.872   -2.669   -2.458   -2.244   -2.029   -2.158   -2.288   -2.415   -2.523
  -0.235   -1.205   -1.276   -1.346   -1.417   -1.491   -2.756   -3.766   -3.570   -3.373   -3.173   -2.972   -2.769   -2.558   -2.345   -2.129   -2.259   -2.388   -2.515   -2.623
  -0.368   -1.337   -1.408   -1.478   -1.549   -1.623   -2.885   -3.893   -3.698   -3.501   -3.301   -3.101   -2.898   -2.688   -2.475   -2.260   -2.389   -2.518   -2.645   -2.753
  -0.533   -1.500   -1.570   -1.640   -1.712   -1.785   -3.045   -4.050   -3.855   -3.659   -3.460   -3.260   -3.058   -2.848   -2.636   -2.421   -2.550   -2.679   -2.805   -2.913
  -0.730   -1.695   -1.765   -1.835   -1.906   -1.979   -3.235   -4.237   -4.043   -3.847   -3.649   -3.450   -3.248   -3.039   -2.827   -2.613   -2.742   -2.870   -2.997   -3.104
  -0.760   -1.723   -1.793   -1.862   -1.933   -2.006   -3.258   -4.256   -4.062   -3.867   -3.670   -3.471   -3.271   -3.062   -2.851   -2.638   -2.766   -2.894   -3.020   -3.127
  -0.825   -1.784   -1.854   -1.923   -1.994   -2.066   -3.313   -4.306   -4.114   -3.920   -3.723   -3.526   -3.326   -3.118   -2.908   -2.696   -2.823   -2.951   -3.076   -3.182
  -0.924   -1.880   -1.949   -2.018   -2.088   -2.161   -3.402   -4.390   -4.199   -4.006   -3.810   -3.614   -3.414   -3.208   -2.999   -2.788   -2.914   -3.041   -3.166   -3.272
  -1.602   -2.553   -2.621   -2.690   -2.760   -2.832   -4.067   -5.050   -4.860   -4.667   -4.473   -4.277   -4.079   -3.874   -3.666   -3.456   -3.582   -3.708   -3.832   -3.938
  -2.451   -3.398   -3.466   -3.534   -3.604   -3.675   -4.903   -5.881   -5.691   -5.500   -5.307   -5.112   -4.916   -4.711   -4.505   -4.296   -4.421   -4.547   -4.670   -4.775
  -3.340   -4.280   -4.348   -4.416   -4.485   -4.557   -5.777   -6.748   -6.560   -6.370   -6.178   -5.985   -5.789   -5.586   -5.381   -5.173   -5.298   -5.423   -5.545   -5.649
  -4.268   -5.203   -5.270   -5.338   -5.406   -5.477   -6.689   -7.654   -7.467   -7.278   -7.087   -6.896   -6.702   -6.500   -6.296   -6.089   -6.213   -6.337   -6.459   -6.562
  -5.238   -6.166   -6.233   -6.300   -6.368   -6.439   -7.642   -8.599   -8.414   -8.227   -8.037   -7.847   -7.654   -7.454   -7.252   -7.047   -7.170   -7.293   -7.414   -7.516
  -6.251   -7.173   -7.239   -7.306   -7.373   -7.443   -8.637   -9.587   -9.403   -9.218   -9.029   -8.841   -8.649   -8.451   -8.250   -8.046   -8.169   -8.291   -8.411   -8.512
  -7.310   -8.224   -8.290   -8.356   -8.423   -8.492   -9.677  -10.619  -10.436  -10.252  -10.066   -9.879   -9.689   -9.492   -9.293   -9.091   -9.212   -9.333   -9.452   -9.553
  -7.990   -8.896   -8.962   -9.027   -9.094   -9.162  -10.336  -11.270  -11.089  -10.907  -10.722  -10.536  -10.348  -10.153   -9.956   -9.755   -9.876   -9.996  -10.114  -10.213
  -8.720   -9.618   -9.683   -9.748   -9.814   -9.882  -11.045  -11.970  -11.791  -11.610  -11.427  -11.243  -11.057  -10.863  -10.668  -10.469  -10.588  -10.707  -10.824  -10.923
  -9.503  -10.392  -10.457  -10.521  -10.586  -10.653  -11.805  -12.721  -12.544  -12.365  -12.184  -12.002  -11.817  -11.625  -11.432  -11.236  -11.353  -11.471  -11.587  -11.685
 -10.342  -11.222  -11.286  -11.349  -11.414  -11.480  -12.621  -13.527  -13.352  -13.175  -12.995  -12.815  -12.632  -12.443  -12.251  -12.057  -12.173  -12.290  -12.405  -12.502
 -11.240  -12.111  -12.174  -12.237  -12.301  -12.367  -13.495  -14.392  -14.218  -14.043  -13.865  -13.687  -13.506  -13.318  -13.129  -12.937  -13.052  -13.167  -13.281  -13.377
 -13.341  -14.203  -14.265  -14.327  -14.390  -14.455  -15.571  -16.458  -16.286  -16.113  -15.937  -15.761  -15.582  -15.397  -15.209  -15.019  -15.133  -15.247  -15.359  -15.454
 -16.298  -17.150  -17.211  -17.272  -17.335  -17.399  -18.501  -19.378  -19.208  -19.037  -18.863  -18.689  -18.513  -18.329  -18.144  -17.956  -18.069  -18.182  -18.292  -18.386
 -17.944  -18.785  -18.846  -18.906  -18.968  -19.032  -20.120  -20.985  -20.818  -20.649  -20.477  -20.306  -20.131  -19.950  -19.767  -19.582  -19.693  -19.804  -19.914  -20.006
 -19.668  -20.498  -20.558  -20.618  -20.679  -20.741  -21.816  -22.670  -22.505  -22.338  -22.169  -21.999  -21.827  -21.648  -21.467  -21.284  -21.394  -21.504  -21.612  -21.703
 -21.477  -22.295  -22.354  -22.413  -22.473  -22.535  -23.595  -24.437  -24.274  -24.110  -23.943  -23.776  -23.606  -23.429  -23.251  -23.071  -23.179  -23.288  -23.394  -23.484
 -25.260  -26.066  -26.124  -26.183  -26.242  -26.303  -27.347  -28.177  -28.017  -27.855  -27.690  -27.525  -27.358  -27.184  -27.009  -26.831  -26.938  -27.044  -27.149  -27.238
 -27.479  -28.273  -28.330  -28.387  -28.446  -28.506  -29.534  -30.352  -30.193  -30.034  -29.872  -29.710  -29.545  -29.374  -29.201  -29.026  -29.131  -29.236  -29.339  -29.427
 -28.871  -29.653  -29.709  -29.765  -29.823  -29.882  -30.894  -31.698  -31.542  -31.385  -31.226  -31.066  -30.904  -30.736  -30.566  -30.393  -30.497  -30.600  -30.702  -30.788
 -30.385  -31.153  -31.208  -31.264  -31.320  -31.378  -32.373  -33.163  -33.010  -32.856  -32.699  -32.542  -32.383  -32.217  -32.050  -31.881  -31.983  -32.084  -32.184  -32.269
