   0.000    0.000    0.000    0.000    0.000    0.000    0.000    0.000    0.000    0.000    0.000    0.000    0.000    0.000    0.000    0.000    0.000    0.000    0.000    0.000
  -0.097    0.000    0.000    0.000    0.000    0.000    0.000    0.000    0.000    0.000    0.000    0.000    0.000    0.000    0.000    0.000    0.000    0.000    0.000    0.000
  -0.086    0.011    0.000    0.000    0.000    0.000    0.000    0.000    0.000    0.000    0.000    0.000    0.000    0.000    0.000    0.000    0.000    0.000    0.000    0.000
  -0.076    0.021    0.010    0.000    0.000    0.000    0.000    0.000    0.000    0.000    0.000    0.000    0.000    0.000    0.000    0.000    0.000    0.000    0.000    0.000
  -0.068    0.029    0.018    0.008    0.000    0.000    0.000    0.000    0.000    0.000    0.000    0.000    0.000    0.000    0.000    0.000    0.000    0.000    0.000    0.000
  -0.065    0.032    0.020    0.011    0.002    0.000    0.000    0.000    0.000    0.000    0.000    0.000    0.000    0.000    0.000    0.000    0.000    0.000    0.000    0.000
  -0.065    0.031    0.020    0.011    0.002   -0.000    0.000    0.000    0.000    0.000    0.000    0.000    0.000    0.000    0.000    0.000    0.000    0.000    0.000    0.000
   0.024    0.030    0.018    0.009    0.001   -0.002   -0.002    0.000    0.000    0.000    0.000    0.000    0.000    0.000    0.000    0.000    0.000    0.000    0.000    0.000
   0.201    0.026    0.015    0.005   -0.003   -0.005   -0.005   -0.003    0.000    0.000    0.000    0.000    0.000    0.000    0.000    0.000    0.000    0.000    0.000    0.000
   0.377    0.101   -0.009    0.000   -0.008   -0.010   -0.010   -0.008   -0.005    0.000    0.000    0.000    0.000    0.000    0.000    0.000    0.000    0.000    0.000    0.000
   0.551    0.274    0.164    0.054   -0.014   -0.017   -0.017   -0.015   -0.012   -0.007    0.000    0.000    0.000    0.000    0.000    0.000    0.000    0.000    0.000    0.000
   0.694    0.416    0.306    0.196    0.085   -0.021   -0.055   -0.053   -0.050   -0.045   -0.038    0.000    0.000    0.000    0.000    0.000    0.000    0.000    0.000    0.000
   0.757    0.478    0.367    0.257    0.146    0.039   -0.066   -0.172   -0.168   -0.163   -0.157   -0.119    0.000    0.000    0.000    0.000    0.000    0.000    0.000    0.000
   0.817    0.538    0.427    0.316    0.205    0.098   -0.008   -0.114   -0.220   -0.284   -0.277   -0.239   -0.121    0.000    0.000    0.000    0.000    0.000    0.000    0.000
   0.877    0.596    0.485    0.374    0.263    0.155    0.049   -0.057   -0.164   -0.270   -0.377   -0.362   -0.243   -0.123    0.000    0.000    0.000    0.000    0.000    0.000
   0.934    0.653    0.542    0.430    0.318    0.211    0.104   -0.002   -0.109   -0.216   -0.323   -0.385   -0.367   -0.247   -0.125    0.000    0.000    0.000    0.000    0.000
   1.041    0.759    0.647    0.535    0.423    0.316    0.209    0.102   -0.006   -0.113   -0.220   -0.282   -0.325   -0.323   -0.200   -0.076    0.000    0.000    0.000    0.000
   1.146    0.863    0.751    0.639    0.527    0.419    0.311    0.204    0.096   -0.011   -0.119   -0.181   -0.224   -0.266   -0.278   -0.154   -0.078    0.000    0.000    0.000
   1.245    0.961    0.849    0.736    0.624    0.515    0.408    0.300    0.192    0.084   -0.024   -0.086   -0.129   -0.172   -0.214   -0.238   -0.162   -0.084    0.000    0.000
   1.337    1.052    0.939    0.827    0.714    0.605    0.497    0.389    0.281    0.173    0.064    0.002   -0.042   -0.084   -0.126   -0.168   -0.189   -0.176   -0.092    0.000
   1.145    0.860    0.747    0.634    0.520    0.411    0.303    0.194    0.086   -0.022   -0.131   -0.194   -0.237   -0.280   -0.323   -0.364   -0.386   -0.407   -0.435   -0.375
   0.531    0.245    0.131    0.018   -0.096   -0.206   -0.314   -0.423   -0.532   -0.640   -0.749   -0.812   -0.856   -0.899   -0.942   -0.984   -1.005   -1.026   -1.055   -1.092
  -0.083   -0.371   -0.484   -0.598   -0.712   -0.822   -0.931   -1.040   -1.149   -1.258   -1.368   -1.431   -1.475   -1.518   -1.561   -1.603   -1.625   -1.646   -1.675   -1.712
  -0.697   -0.986   -1.100   -1.214   -1.328   -1.438   -1.548   -1.657   -1.767   -1.876   -1.986   -2.049   -2.093   -2.137   -2.180   -2.222   -2.244   -2.266   -2.294   -2.332
  -1.572   -1.861   -1.976   -2.090   -2.205   -2.315   -2.425   -2.535   -2.645   -2.754   -2.864   -2.928   -2.973   -3.016   -3.060   -3.102   -3.124   -3.146   -3.175   -3.213
  -2.448   -2.738   -2.853   -2.968   -3.083   -3.194   -3.304   -3.414   -3.524   -3.634   -3.745   -3.809   -3.853   -3.897   -3.941   -3.984   -4.006   -4.027   -4.057   -4.095
  -3.326   -3.617   -3.732   -3.848   -3.963   -4.074   -4.185   -4.295   -4.406   -4.516   -4.627   -4.691   -4.736   -4.780   -4.824   -4.867   -4.889   -4.911   -4.940   -4.979
  -3.475   -3.767   -3.883   -3.999   -4.115   -4.226   -4.337   -4.448   -4.559   -4.670   -4.781   -4.845   -4.890   -4.935   -4.979   -5.022   -5.044   -5.066   -5.095   -5.134
  -3.443   -3.736   -3.852   -3.968   -4.085   -4.196   -4.308   -4.419   -4.530   -4.641   -4.753   -4.818   -4.863   -4.908   -4.952   -4.995   -5.018   -5.040   -5.069   -5.108
  -3.412   -3.706   -3.822   -3.939   -4.056   -4.168   -4.279   -4.391   -4.503   -4.614   -4.726   -4.791   -4.837   -4.882   -4.926   -4.970   -4.992   -5.014   -5.044   -5.083
  -3.382   -3.677   -3.794   -3.911   -4.028   -4.140   -4.252   -4.364   -4.476   -4.588   -4.701   -4.766   -4.812   -4.857   -4.901   -4.945   -4.968   -4.990   -5.020   -5.060
  -3.465   -3.762   -3.879   -3.996   -4.113   -4.226   -4.339   -4.451   -4.563   -4.676   -4.789   -4.854   -4.900   -4.945   -4.990   -5.035   -5.058   -5.080   -5.110   -5.149
  -3.558   -3.856   -3.973   -4.091   -4.209   -4.322   -4.435   -4.547   -4.660   -4.773   -4.886   -4.952   -4.998   -5.044   -5.089   -5.134   -5.157   -5.179   -5.209   -5.249
  -3.690   -3.988   -4.106   -4.224   -4.343   -4.456   -4.569   -4.683   -4.796   -4.909   -5.023   -5.089   -5.135   -5.181   -5.226   -5.271   -5.294   -5.317   -5.347   -5.387
  -3.823   -4.123   -4.241   -4.360   -4.478   -4.593   -4.706   -4.820   -4.933   -5.047   -5.161   -5.227   -5.274   -5.320   -5.366   -5.411   -5.434   -5.457   -5.487   -5.528
  -3.958   -4.260   -4.378   -4.497   -4.616   -4.731   -4.845   -4.959   -5.073   -5.187   -5.301   -5.368   -5.415   -5.461   -5.507   -5.553   -5.576   -5.599   -5.630   -5.670
  -4.096   -4.398   -4.517   -4.637   -4.756   -4.871   -4.985   -5.100   -5.214   -5.329   -5.444   -5.511   -5.558   -5.605   -5.651   -5.696   -5.720   -5.743   -5.774   -5.814
  -4.235   -4.539   -4.658   -4.778   -4.898   -5.014   -5.128   -5.243   -5.358   -5.473   -5.588   -5.655   -5.703   -5.750   -5.796   -5.842   -5.866   -5.889   -5.920   -5.961
  -4.338   -4.643   -4.763   -4.883   -5.003   -5.119   -5.234   -5.350   -5.465   -5.580   -5.696   -5.763   -5.811   -5.858   -5.905   -5.951   -5.975   -5.998   -6.030   -6.071
  -4.288   -4.594   -4.714   -4.835   -4.956   -5.072   -5.188   -5.303   -5.419   -5.535   -5.651   -5.719   -5.767   -5.814   -5.861   -5.908   -5.932   -5.955   -5.987   -6.028
  -4.240   -4.547   -4.668   -4.789   -4.910   -5.027   -5.143   -5.259   -5.375   -5.492   -5.608   -5.676   -5.725   -5.772   -5.820   -5.866   -5.891   -5.914   -5.946   -5.987
  -4.194   -4.502   -4.624   -4.745   -4.867   -4.984   -5.101   -5.217   -5.334   -5.451   -5.568   -5.636   -5.685   -5.733   -5.780   -5.827   -5.852   -5.875   -5.907   -5.949
  -4.150   -4.459   -4.581   -4.703   -4.825   -4.943   -5.060   -5.177   -5.294   -5.411   -5.529   -5.597   -5.646   -5.695   -5.743   -5.790   -5.814   -5.838   -5.870   -5.912
  -4.104   -4.415   -4.537   -4.660   -4.782   -4.901   -5.018   -5.135   -5.253   -5.371   -5.489   -5.558   -5.607   -5.656   -5.704   -5.751   -5.776   -5.800   -5.832   -5.874
  -4.061   -4.373   -4.496   -4.618   -4.742   -4.860   -4.978   -5.096   -5.214   -5.333   -5.451   -5.520   -5.570   -5.619   -5.667   -5.715   -5.740   -5.764   -5.796   -5.839
  -4.020   -4.333   -4.456   -4.580   -4.703   -4.823   -4.941   -5.059   -5.178   -5.297   -5.416   -5.485   -5.535   -5.584   -5.633   -5.681   -5.706   -5.730   -5.763   -5.806
  -3.981   -4.296   -4.419   -4.543   -4.667   -4.787   -4.906   -5.025   -5.144   -5.263   -5.383   -5.452   -5.503   -5.552   -5.601   -5.650   -5.675   -5.699   -5.732   -5.775
  -3.944   -4.261   -4.385   -4.509   -4.634   -4.754   -4.873   -4.993   -5.112   -5.232   -5.352   -5.422   -5.473   -5.523   -5.572   -5.621   -5.646   -5.671   -5.704   -5.747
  -3.901   -4.219   -4.344   -4.468   -4.594   -4.714   -4.834   -4.954   -5.074   -5.194   -5.315   -5.385   -5.436   -5.486   -5.536   -5.585   -5.610   -5.635   -5.669   -5.712
  -3.852   -4.171   -4.296   -4.421   -4.547   -4.668   -4.789   -4.909   -5.030   -5.150   -5.271   -5.342   -5.393   -5.444   -5.494   -5.543   -5.569   -5.594   -5.628   -5.671
  -4.108   -4.428   -4.554   -4.680   -4.806   -4.928   -5.049   -5.170   -5.291   -5.412   -5.533   -5.605   -5.656   -5.707   -5.757   -5.807   -5.833   -5.858   -5.892   -5.936
  -4.366   -4.688   -4.814   -4.941   -5.067   -5.190   -5.311   -5.433   -5.554   -5.676   -5.798   -5.870   -5.921   -5.973   -6.023   -6.073   -6.099   -6.125   -6.159   -6.203
  -4.627   -4.950   -5.077   -5.204   -5.331   -5.454   -5.576   -5.698   -5.820   -5.943   -6.065   -6.137   -6.189   -6.241   -6.292   -6.342   -6.368   -6.394   -6.428   -6.473
  -4.890   -5.215   -5.342   -5.470   -5.598   -5.721   -5.844   -5.966   -6.089   -6.212   -6.335   -6.407   -6.460   -6.512   -6.563   -6.613   -6.640   -6.666   -6.700   -6.745
  -5.156   -5.483   -5.610   -5.739   -5.867   -5.991   -6.114   -6.237   -6.360   -6.484   -6.607   -6.680   -6.733   -6.785   -6.837   -6.888   -6.914   -6.940   -6.975   -7.020
  -5.218   -5.546   -5.674   -5.803   -5.932   -6.057   -6.180   -6.304   -6.428   -6.552   -6.676   -6.749   -6.802   -6.855   -6.907   -6.958   -6.985   -7.011   -7.046   -7.091
  -5.145   -5.475   -5.604   -5.733   -5.862   -5.987   -6.112   -6.236   -6.360   -6.485   -6.610   -6.683   -6.737   -6.790   -6.842   -6.894   -6.921   -6.947   -6.982   -7.028
  -5.075   -5.406   -5.536   -5.665   -5.796   -5.921   -6.046   -6.171   -6.296   -6.421   -6.547   -6.620   -6.674   -6.727   -6.780   -6.832   -6.859   -6.886   -6.921   -6.967
  -5.007   -5.340   -5.470   -5.601   -5.732   -5.858   -5.983   -6.109   -6.234   -6.360   -6.486   -6.560   -6.615   -6.668   -6.721   -6.774   -6.801   -6.828   -6.864   -6.910
  -4.943   -5.278   -5.408   -5.540   -5.671   -5.798   -5.924   -6.050   -6.176   -6.302   -6.429   -6.504   -6.558   -6.612   -6.665   -6.718   -6.746   -6.773   -6.809   -6.856
  -4.882   -5.218   -5.349   -5.481   -5.613   -5.741   -5.867   -5.994   -6.121   -6.248   -6.375   -6.450   -6.505   -6.559   -6.613   -6.666   -6.694   -6.721   -6.757   -6.804
  -4.842   -5.180   -5.312   -5.444   -5.577   -5.705   -5.832   -5.959   -6.087   -6.214   -6.342   -6.418   -6.473   -6.528   -6.582   -6.635   -6.663   -6.691   -6.727   -6.775
  -4.805   -5.144   -5.277   -5.410   -5.543   -5.672   -5.800   -5.928   -6.056   -6.184   -6.313   -6.388   -6.444   -6.499   -6.554   -6.608   -6.636   -6.664   -6.700   -6.748
  -4.771   -5.112   -5.246   -5.379   -5.513   -5.643   -5.771   -5.900   -6.028   -6.157   -6.287   -6.363   -6.419   -6.474   -6.529   -6.584   -6.612   -6.640   -6.677   -6.725
  -4.740   -5.084   -5.218   -5.352   -5.487   -5.616   -5.746   -5.875   -6.004   -6.134   -6.264   -6.340   -6.397   -6.453   -6.508   -6.563   -6.592   -6.620   -6.657   -6.705
  -4.713   -5.058   -5.193   -5.328   -5.463   -5.594   -5.723   -5.853   -5.983   -6.114   -6.244   -6.321   -6.378   -6.435   -6.490   -6.545   -6.574   -6.603   -6.640   -6.689
  -4.689   -5.036   -5.171   -5.307   -5.443   -5.574   -5.705   -5.835   -5.966   -6.097   -6.228   -6.306   -6.363   -6.420   -6.476   -6.532   -6.561   -6.589   -6.627   -6.676
  -4.669   -5.018   -5.154   -5.290   -5.427   -5.559   -5.690   -5.821   -5.952   -6.084   -6.216   -6.294   -6.352   -6.409   -6.465   -6.521   -6.551   -6.580   -6.618   -6.667
  -4.652   -5.003   -5.139   -5.276   -5.414   -5.546   -5.678   -5.810   -5.942   -6.075   -6.207   -6.286   -6.344   -6.401   -6.458   -6.515   -6.545   -6.574   -6.612   -6.662
  -4.638   -4.991   -5.129   -5.266   -5.404   -5.538   -5.670   -5.803   -5.936   -6.069   -6.202   -6.281   -6.340   -6.398   -6.455   -6.512   -6.542   -6.571   -6.610   -6.660
  -4.628   -4.983   -5.121   -5.260   -5.399   -5.533   -5.666   -5.799   -5.933   -6.067   -6.201   -6.280   -6.339   -6.398   -6.456   -6.513   -6.543   -6.573   -6.612   -6.662
  -4.622   -4.979   -5.118   -5.257   -5.397   -5.532   -5.666   -5.800   -5.934   -6.069   -6.204   -6.283   -6.343   -6.402   -6.460   -6.518   -6.548   -6.578   -6.617   -6.668
  -4.620   -4.979   -5.119   -5.259   -5.399   -5.535   -5.669   -5.804   -5.939   -6.075   -6.210   -6.290   -6.350   -6.410   -6.468   -6.527   -6.557   -6.587   -6.627   -6.678
  -4.622   -4.983   -5.123   -5.264   -5.405   -5.541   -5.677   -5.812   -5.948   -6.084   -6.221   -6.301   -6.362   -6.422   -6.481   -6.540   -6.570   -6.601   -6.641   -6.692
  -4.627   -4.990   -5.131   -5.273   -5.415   -5.552   -5.688   -5.825   -5.961   -6.098   -6.235   -6.316   -6.377   -6.438   -6.497   -6.557   -6.588   -6.618   -6.658   -6.710
  -4.637   -5.002   -5.144   -5.286   -5.429   -5.567   -5.704   -5.841   -5.978   -6.116   -6.254   -6.336   -6.397   -6.458   -6.518   -6.578   -6.609   -6.640   -6.681   -6.733
  -4.650   -5.018   -5.161   -5.304   -5.447   -5.586   -5.724   -5.862   -6.000   -6.138   -6.277   -6.359   -6.421   -6.482   -6.543   -6.603   -6.635   -6.666   -6.707   -6.760
  -4.668   -5.038   -5.181   -5.325   -5.470   -5.609   -5.748   -5.886   -6.026   -6.165   -6.304   -6.387   -6.449   -6.511   -6.572   -6.633   -6.665   -6.696   -6.738   -6.791
  -4.674   -5.046   -5.191   -5.336   -5.481   -5.621   -5.760   -5.900   -6.040   -6.180   -6.320   -6.404   -6.466   -6.529   -6.590   -6.651   -6.684   -6.715   -6.757   -6.810
  -4.680   -5.054   -5.200   -5.345   -5.491   -5.633   -5.773   -5.913   -6.054   -6.195   -6.336   -6.420   -6.483   -6.546   -6.608   -6.670   -6.702   -6.734   -6.776   -6.830
  -4.690   -5.067   -5.213   -5.360   -5.507   -5.649   -5.790   -5.931   -6.072   -6.214   -6.356   -6.441   -6.505   -6.568   -6.631   -6.693   -6.726   -6.758   -6.800   -6.854
  -4.705   -5.085   -5.232   -5.379   -5.527   -5.670   -5.811   -5.954   -6.096   -6.239   -6.381   -6.466   -6.531   -6.595   -6.658   -6.721   -6.754   -6.786   -6.829   -6.884
  -4.725   -5.107   -5.255   -5.403   -5.552   -5.695   -5.838   -5.981   -6.124   -6.268   -6.412   -6.497   -6.562   -6.626   -6.690   -6.753   -6.787   -6.820   -6.863   -6.918
  -4.750   -5.134   -5.283   -5.432   -5.581   -5.726   -5.870   -6.013   -6.158   -6.302   -6.447   -6.533   -6.598   -6.663   -6.728   -6.791   -6.825   -6.858   -6.901   -6.957
  -4.779   -5.166   -5.316   -5.466   -5.616   -5.762   -5.906   -6.051   -6.196   -6.341   -6.487   -6.574   -6.640   -6.705   -6.770   -6.834   -6.868   -6.901   -6.945   -7.002
  -4.814   -5.203   -5.354   -5.505   -5.656   -5.802   -5.948   -6.094   -6.240   -6.386   -6.532   -6.620   -6.686   -6.752   -6.818   -6.882   -6.917   -6.950   -6.994   -7.051
  -4.854   -5.245   -5.397   -5.549   -5.701   -5.849   -5.995   -6.142   -6.288   -6.436   -6.583   -6.671   -6.738   -6.805   -6.871   -6.936   -6.971   -7.005   -7.049   -7.106
  -4.899   -5.293   -5.445   -5.598   -5.752   -5.900   -6.047   -6.195   -6.343   -6.491   -6.639   -6.728   -6.795   -6.863   -6.929   -6.995   -7.030   -7.064   -7.109   -7.167
  -4.949   -5.346   -5.499   -5.653   -5.808   -5.957   -6.105   -6.254   -6.402   -6.551   -6.701   -6.790   -6.858   -6.926   -6.993   -7.060   -7.095   -7.129   -7.175   -7.233
  -5.005   -5.404   -5.559   -5.714   -5.869   -6.019   -6.169   -6.318   -6.468   -6.618   -6.768   -6.858   -6.927   -6.995   -7.063   -7.130   -7.166   -7.200   -7.246   -7.305
  -5.066   -5.469   -5.624   -5.780   -5.936   -6.088   -6.238   -6.388   -6.539   -6.690   -6.841   -6.932   -7.001   -7.070   -7.138   -7.206   -7.242   -7.277   -7.323   -7.382
  -5.133   -5.539   -5.695   -5.852   -6.010   -6.162   -6.313   -6.464   -6.616   -6.768   -6.920   -7.011   -7.081   -7.151   -7.220   -7.288   -7.324   -7.360   -7.407   -7.466
  -5.207   -5.615   -5.772   -5.930   -6.089   -6.242   -6.394   -6.546   -6.699   -6.852   -7.005   -7.097   -7.168   -7.238   -7.307   -7.376   -7.413   -7.449   -7.496   -7.556
  -5.286   -5.697   -5.855   -6.014   -6.174   -6.328   -6.481   -6.635   -6.788   -6.942   -7.097   -7.189   -7.260   -7.331   -7.401   -7.471   -7.508   -7.544   -7.591   -7.652
  -5.371   -5.785   -5.944   -6.104   -6.265   -6.420   -6.574   -6.729   -6.884   -7.039   -7.194   -7.287   -7.359   -7.430   -7.501   -7.571   -7.609   -7.645   -7.693   -7.754
  -5.462   -5.879   -6.040   -6.201   -6.363   -6.519   -6.674   -6.830   -6.986   -7.142   -7.298   -7.392   -7.464   -7.536   -7.608   -7.679   -7.716   -7.753   -7.801   -7.863
  -5.560   -5.980   -6.142   -6.304   -6.467   -6.624   -6.781   -6.937   -7.094   -7.251   -7.409   -7.503   -7.576   -7.649   -7.721   -7.792   -7.830   -7.868   -7.916   -7.978
  -5.665   -6.088   -6.251   -6.414   -6.578   -6.736   -6.893   -7.051   -7.209   -7.367   -7.526   -7.621   -7.695   -7.768   -7.841   -7.913   -7.951   -7.989   -8.038   -8.101
  -5.776   -6.202   -6.366   -6.530   -6.695   -6.855   -7.013   -7.172   -7.331   -7.490   -7.650   -7.746   -7.820   -7.894   -7.967   -8.040   -8.079   -8.117   -8.166   -8.230
  -4.387   -4.816   -4.982   -5.147   -5.313   -5.474   -5.633   -5.793   -5.953   -6.114   -6.274   -6.371   -6.446   -6.521   -6.595   -6.668   -6.707   -6.745   -6.795   -6.859
  -4.662   -5.095   -5.261   -5.428   -5.595   -5.757   -5.917   -6.078   -6.239   -6.401   -6.563   -6.660   -6.736   -6.811   -6.886   -6.960   -6.999   -7.038   -7.088   -7.153
  -4.887   -5.322   -5.490   -5.658   -5.826   -5.989   -6.151   -6.313   -6.475   -6.638   -6.801   -6.898   -6.975   -7.051   -7.126   -7.201   -7.241   -7.280   -7.331   -7.396
  -5.119   -5.558   -5.726   -5.895   -6.065   -6.229   -6.392   -6.555   -6.718   -6.882   -7.046   -7.145   -7.222   -7.299   -7.375   -7.450   -7.490   -7.530   -7.581   -7.646
  -5.362   -5.804   -5.973   -6.144   -6.314   -6.479   -6.643   -6.808   -6.972   -7.137   -7.302   -7.402   -7.480   -7.557   -7.634   -7.710   -7.750   -7.790   -7.842   -7.908
  -6.878   -7.323   -7.494   -7.665   -7.837   -8.004   -8.169   -8.334   -8.500   -8.666   -8.832   -8.932   -9.011   -9.089   -9.166   -9.243   -9.284   -9.324   -9.376   -9.443
  -8.383   -8.832   -9.004   -9.177   -9.350   -9.517   -9.683   -9.850  -10.017  -10.184  -10.351  -10.452  -10.531  -10.610  -10.688  -10.766  -10.807  -10.848  -10.900  -10.968
  -8.577   -9.029   -9.202   -9.376   -9.550   -9.719   -9.886  -10.054  -10.222  -10.390  -10.559  -10.660  -10.741  -10.820  -10.899  -10.977  -11.019  -11.060  -11.113  -11.181
  -8.779   -9.234   -9.409   -9.584   -9.759   -9.929  -10.098  -10.267  -10.436  -10.605  -10.775  -10.877  -10.958  -11.038  -11.117  -11.196  -11.238  -11.280  -11.334  -11.402
  -8.989   -9.448   -9.624   -9.800   -9.977  -10.148  -10.317  -10.487  -10.658  -10.828  -10.999  -11.102  -11.184  -11.264  -11.345  -11.424  -11.467  -11.508  -11.563  -11.632
  -9.134   -9.596   -9.773   -9.950  -10.128  -10.300  -10.471  -10.643  -10.814  -10.986  -11.158  -11.261  -11.344  -11.425  -11.506  -11.586  -11.629  -11.671  -11.726  -11.796
  -8.990   -9.455   -9.634   -9.812   -9.991  -10.165  -10.337  -10.509  -10.682  -10.855  -11.028  -11.132  -11.215  -11.298  -11.379  -11.460  -11.503  -11.546  -11.601  -11.671
  -8.855   -9.324   -9.503   -9.683   -9.864  -10.038  -10.211  -10.385  -10.559  -10.733  -10.907  -11.012  -11.096  -11.179  -11.261  -11.343  -11.386  -11.429  -11.485  -11.556
  -8.729   -9.201   -9.382   -9.563   -9.745   -9.920  -10.095  -10.270  -10.445  -10.620  -10.795  -10.901  -10.986  -11.069  -11.152  -11.235  -11.279  -11.322  -11.378  -11.449
  -8.612   -9.088   -9.270   -9.453   -9.635   -9.812   -9.988  -10.164  -10.340  -10.516  -10.693  -10.799  -10.885  -10.969  -11.053  -11.136  -11.180  -11.224  -11.280  -11.352
  -8.505   -8.985   -9.168   -9.351   -9.535   -9.713   -9.890  -10.067  -10.245  -10.422  -10.600  -10.707  -10.793  -10.878  -10.963  -11.046  -11.091  -11.135  -11.192  -11.265
  -8.408   -8.891   -9.075   -9.260   -9.445   -9.625   -9.803   -9.981  -10.159  -10.338  -10.517  -10.625  -10.711  -10.797  -10.882  -10.967  -11.012  -11.056  -11.114  -11.187
  -8.320   -8.807   -8.993   -9.179   -9.365   -9.545   -9.725   -9.904  -10.084  -10.263  -10.443  -10.552  -10.639  -10.726  -10.812  -10.897  -10.943  -10.987  -11.045  -11.119
  -8.243   -8.733   -8.920   -9.107   -9.295   -9.477   -9.657   -9.837  -10.018  -10.199  -10.380  -10.490  -10.578  -10.665  -10.751  -10.837  -10.883  -10.929  -10.987  -11.061
  -8.176   -8.670   -8.858   -9.047   -9.235   -9.418   -9.600   -9.781   -9.963  -10.145  -10.327  -10.437  -10.526  -10.614  -10.701  -10.788  -10.834  -10.880  -10.939  -11.014
  -8.120   -8.617   -8.807   -8.996   -9.186   -9.370   -9.553   -9.735   -9.918  -10.101  -10.285  -10.396  -10.485  -10.574  -10.662  -10.749  -10.796  -10.842  -10.901  -10.976
  -8.075   -8.575   -8.766   -8.957   -9.148   -9.333   -9.517   -9.700   -9.885  -10.069  -10.253  -10.365  -10.455  -10.544  -10.633  -10.720  -10.768  -10.814  -10.874  -10.950
  -7.947   -8.451   -8.643   -8.835   -9.027   -9.213   -9.398   -9.583   -9.768   -9.953  -10.139  -10.251  -10.342  -10.432  -10.521  -10.609  -10.657  -10.704  -10.764  -10.841
  -7.831   -8.338   -8.531   -8.724   -8.917   -9.105   -9.290   -9.477   -9.663   -9.849  -10.035  -10.148  -10.240  -10.330  -10.420  -10.509  -10.557  -10.605  -10.665  -10.742
  -7.726   -8.236   -8.430   -8.625   -8.819   -9.007   -9.194   -9.381   -9.569   -9.756   -9.943  -10.057  -10.149  -10.240  -10.331  -10.421  -10.469  -10.517  -10.578  -10.655
  -7.633   -8.146   -8.341   -8.537   -8.732   -8.922   -9.110   -9.298   -9.486   -9.674   -9.863   -9.977  -10.070  -10.162  -10.253  -10.343  -10.392  -10.440  -10.502  -10.580
  -7.551   -8.068   -8.264   -8.461   -8.658   -8.848   -9.037   -9.226   -9.415   -9.605   -9.794   -9.909  -10.002  -10.095  -10.187  -10.278  -10.327  -10.375  -10.437  -10.516
  -7.679   -8.199   -8.397   -8.594   -8.792   -8.983   -9.173   -9.364   -9.554   -9.744   -9.934  -10.050  -10.144  -10.237  -10.329  -10.421  -10.470  -10.519  -10.581  -10.660
  -8.588   -9.111   -9.309   -9.508   -9.707   -9.899  -10.090  -10.281  -10.472  -10.663  -10.855  -10.971  -11.065  -11.159  -11.252  -11.344  -11.394  -11.443  -11.506  -11.585
  -9.471   -9.997  -10.196  -10.396  -10.596  -10.789  -10.981  -11.173  -11.365  -11.557  -11.749  -11.865  -11.961  -12.055  -12.149  -12.241  -12.292  -12.341  -12.404  -12.484
  -9.839  -10.367  -10.568  -10.768  -10.969  -11.163  -11.356  -11.549  -11.742  -11.935  -12.127  -12.245  -12.340  -12.435  -12.530  -12.623  -12.673  -12.723  -12.786  -12.867
  -9.867  -10.399  -10.600  -10.802  -11.003  -11.199  -11.392  -11.586  -11.779  -11.973  -12.167  -12.284  -12.381  -12.476  -12.571  -12.665  -12.716  -12.765  -12.829  -12.910
  -9.910  -10.444  -10.646  -10.849  -11.051  -11.247  -11.441  -11.636  -11.830  -12.025  -12.219  -12.337  -12.434  -12.530  -12.625  -12.720  -12.771  -12.821  -12.885  -12.966
  -9.966  -10.502  -10.706  -10.909  -11.112  -11.309  -11.504  -11.699  -11.894  -12.089  -12.285  -12.403  -12.501  -12.597  -12.693  -12.788  -12.839  -12.890  -12.954  -13.036
 -10.036  -10.575  -10.779  -10.983  -11.187  -11.384  -11.580  -11.776  -11.972  -12.168  -12.364  -12.483  -12.581  -12.678  -12.774  -12.869  -12.921  -12.972  -13.036  -13.118
 -10.120  -10.661  -10.866  -11.071  -11.276  -11.474  -11.670  -11.867  -12.063  -12.260  -12.456  -12.576  -12.674  -12.772  -12.868  -12.964  -13.016  -13.067  -13.132  -13.215
 -10.218  -10.762  -10.968  -11.173  -11.379  -11.577  -11.775  -11.972  -12.169  -12.366  -12.563  -12.683  -12.782  -12.880  -12.977  -13.073  -13.125  -13.176  -13.242  -13.325
 -10.332  -10.878  -11.084  -11.290  -11.496  -11.695  -11.893  -12.091  -12.289  -12.486  -12.684  -12.804  -12.903  -13.002  -13.099  -13.196  -13.248  -13.300  -13.365  -13.448
 -10.460  -11.008  -11.215  -11.421  -11.628  -11.828  -12.026  -12.225  -12.423  -12.621  -12.819  -12.940  -13.039  -13.138  -13.236  -13.333  -13.385  -13.437  -13.503  -13.586
 -10.674  -11.224  -11.431  -11.638  -11.846  -12.046  -12.245  -12.444  -12.642  -12.841  -13.039  -13.160  -13.260  -13.359  -13.457  -13.555  -13.608  -13.659  -13.726  -13.809
 -11.185  -11.737  -11.944  -12.152  -12.360  -12.561  -12.760  -12.959  -13.158  -13.357  -13.556  -13.677  -13.777  -13.877  -13.975  -14.073  -14.126  -14.178  -14.245  -14.329
 -11.707  -12.260  -12.468  -12.676  -12.885  -13.086  -13.286  -13.485  -13.684  -13.884  -14.083  -14.204  -14.305  -14.405  -14.503  -14.602  -14.655  -14.707  -14.774  -14.858
 -12.252  -12.806  -13.015  -13.223  -13.432  -13.633  -13.833  -14.033  -14.233  -14.432  -14.631  -14.753  -14.854  -14.954  -15.053  -15.152  -15.205  -15.257  -15.324  -15.409
 -12.492  -13.047  -13.256  -13.465  -13.674  -13.876  -14.076  -14.276  -14.476  -14.676  -14.875  -14.997  -15.098  -15.198  -15.298  -15.397  -15.450  -15.503  -15.570  -15.654
 -12.748  -13.305  -13.514  -13.723  -13.932  -14.134  -14.335  -14.535  -14.735  -14.935  -15.134  -15.256  -15.358  -15.459  -15.558  -15.657  -15.711  -15.763  -15.831  -15.915
 -13.022  -13.579  -13.789  -13.998  -14.207  -14.409  -14.610  -14.810  -15.011  -15.211  -15.410  -15.532  -15.634  -15.735  -15.835  -15.934  -15.988  -16.040  -16.108  -16.193
 -13.313  -13.871  -14.080  -14.290  -14.499  -14.702  -14.902  -15.103  -15.303  -15.503  -15.703  -15.825  -15.927  -16.028  -16.128  -16.227  -16.281  -16.334  -16.401  -16.486
 -13.621  -14.180  -14.389  -14.599  -14.808  -15.011  -15.212  -15.412  -15.612  -15.812  -16.012  -16.134  -16.236  -16.338  -16.438  -16.537  -16.591  -16.644  -16.712  -16.797
 -13.948  -14.507  -14.716  -14.926  -15.135  -15.338  -15.539  -15.739  -15.939  -16.139  -16.339  -16.461  -16.563  -16.665  -16.765  -16.865  -16.919  -16.972  -17.039  -17.124
 -14.293  -14.852  -15.062  -15.271  -15.481  -15.683  -15.884  -16.084  -16.284  -16.484  -16.684  -16.806  -16.908  -17.009  -17.110  -17.209  -17.264  -17.317  -17.384  -17.470
 -14.627  -15.186  -15.396  -15.605  -15.814  -16.017  -16.217  -16.417  -16.617  -16.817  -17.016  -17.138  -17.241  -17.342  -17.443  -17.542  -17.597  -17.650  -17.718  -17.803
 -14.935  -15.494  -15.704  -15.913  -16.122  -16.324  -16.524  -16.724  -16.924  -17.124  -17.323  -17.445  -17.547  -17.649  -17.749  -17.849  -17.903  -17.956  -18.024  -18.109
 -15.021  -15.579  -15.789  -15.998  -16.206  -16.408  -16.608  -16.808  -17.008  -17.207  -17.406  -17.528  -17.630  -17.731  -17.832  -17.932  -17.986  -18.039  -18.107  -18.192
 -15.060  -15.619  -15.827  -16.036  -16.245  -16.446  -16.646  -16.845  -17.045  -17.243  -17.442  -17.564  -17.666  -17.768  -17.868  -17.968  -18.022  -18.076  -18.143  -18.229
 -15.121  -15.678  -15.887  -16.095  -16.303  -16.505  -16.704  -16.903  -17.102  -17.300  -17.499  -17.620  -17.722  -17.824  -17.925  -18.024  -18.078  -18.132  -18.200  -18.285
 -15.202  -15.759  -15.967  -16.175  -16.383  -16.584  -16.783  -16.982  -17.180  -17.378  -17.576  -17.697  -17.799  -17.901  -18.001  -18.101  -18.155  -18.209  -18.276  -18.361
 -15.306  -15.862  -16.070  -16.277  -16.484  -16.685  -16.883  -17.082  -17.279  -17.477  -17.674  -17.795  -17.898  -17.999  -18.099  -18.199  -18.253  -18.307  -18.374  -18.459
 -15.432  -15.987  -16.194  -16.401  -16.608  -16.808  -17.006  -17.204  -17.401  -17.598  -17.795  -17.916  -18.018  -18.119  -18.219  -18.319  -18.373  -18.426  -18.494  -18.579
 -15.582  -16.135  -16.342  -16.548  -16.754  -16.954  -17.151  -17.349  -17.545  -17.742  -17.938  -18.059  -18.161  -18.262  -18.362  -18.461  -18.515  -18.569  -18.636  -18.721
 -15.755  -16.307  -16.513  -16.719  -16.925  -17.123  -17.320  -17.517  -17.713  -17.909  -18.105  -18.225  -18.327  -18.428  -18.528  -18.627  -18.681  -18.734  -18.802  -18.886
 -15.954  -16.504  -16.710  -16.915  -17.120  -17.318  -17.514  -17.710  -17.906  -18.101  -18.296  -18.416  -18.517  -18.618  -18.718  -18.817  -18.871  -18.924  -18.992  -19.076
 -16.178  -16.727  -16.932  -17.136  -17.340  -17.537  -17.733  -17.928  -18.123  -18.318  -18.512  -18.631  -18.733  -18.833  -18.933  -19.032  -19.086  -19.139  -19.206  -19.291
 -16.241  -16.788  -16.992  -17.196  -17.399  -17.596  -17.791  -17.985  -18.179  -18.373  -18.567  -18.686  -18.787  -18.887  -18.987  -19.086  -19.140  -19.192  -19.260  -19.344
 -16.333  -16.878  -17.081  -17.283  -17.486  -17.682  -17.876  -18.070  -18.263  -18.456  -18.649  -18.767  -18.868  -18.969  -19.068  -19.166  -19.220  -19.273  -19.340  -19.424
 -16.452  -16.995  -17.198  -17.400  -17.601  -17.796  -17.990  -18.182  -18.375  -18.567  -18.759  -18.877  -18.978  -19.078  -19.177  -19.275  -19.329  -19.382  -19.449  -19.532
 -16.603  -17.143  -17.345  -17.546  -17.746  -17.941  -18.133  -18.325  -18.517  -18.708  -18.899  -19.017  -19.117  -19.217  -19.316  -19.414  -19.467  -19.520  -19.587  -19.670
 -16.784  -17.322  -17.523  -17.723  -17.923  -18.116  -18.307  -18.499  -18.689  -18.880  -19.070  -19.187  -19.287  -19.387  -19.485  -19.583  -19.636  -19.689  -19.755  -19.839
 -16.998  -17.534  -17.734  -17.933  -18.131  -18.324  -18.514  -18.705  -18.894  -19.084  -19.273  -19.389  -19.489  -19.589  -19.687  -19.784  -19.838  -19.890  -19.956  -20.039
 -17.247  -17.780  -17.979  -18.177  -18.374  -18.566  -18.755  -18.945  -19.133  -19.322  -19.510  -19.626  -19.726  -19.824  -19.922  -20.020  -20.073  -20.125  -20.191  -20.274
 -17.532  -18.062  -18.260  -18.457  -18.653  -18.844  -19.032  -19.220  -19.408  -19.595  -19.783  -19.898  -19.997  -20.096  -20.194  -20.290  -20.343  -20.395  -20.461  -20.544
 -17.854  -18.382  -18.579  -18.774  -18.970  -19.159  -19.347  -19.534  -19.720  -19.907  -20.093  -20.208  -20.307  -20.405  -20.502  -20.599  -20.651  -20.703  -20.769  -20.851
 -21.159  -21.684  -21.879  -22.074  -22.268  -22.456  -22.643  -22.829  -23.014  -23.199  -23.384  -23.499  -23.597  -23.695  -23.792  -23.888  -23.941  -23.992  -24.058  -24.140
 -22.823  -23.345  -23.539  -23.732  -23.926  -24.112  -24.298  -24.482  -24.667  -24.851  -25.035  -25.148  -25.247  -25.344  -25.441  -25.536  -25.589  -25.640  -25.706  -25.787
 -24.532  -25.051  -25.243  -25.436  -25.627  -25.813  -25.997  -26.181  -26.364  -26.547  -26.729  -26.842  -26.940  -27.037  -27.133  -27.229  -27.281  -27.332  -27.397  -27.478
 -26.288  -26.804  -26.995  -27.186  -27.376  -27.561  -27.744  -27.926  -28.108  -28.290  -28.471  -28.583  -28.681  -28.777  -28.873  -28.968  -29.020  -29.071  -29.136  -29.216
 -28.095  -28.607  -28.797  -28.986  -29.176  -29.359  -29.540  -29.721  -29.902  -30.083  -30.263  -30.374  -30.471  -30.567  -30.662  -30.757  -30.809  -30.860  -30.924  -31.004
 -28.292  -28.801  -28.990  -29.178  -29.365  -29.547  -29.727  -29.907  -30.087  -30.266  -30.444  -30.555  -30.652  -30.747  -30.842  -30.936  -30.988  -31.038  -31.103  -31.182
 -28.132  -28.637  -28.824  -29.010  -29.197  -29.377  -29.556  -29.734  -29.912  -30.090  -30.267  -30.377  -30.473  -30.568  -30.663  -30.756  -30.808  -30.858  -30.922  -31.001
 -28.033  -28.534  -28.719  -28.904  -29.089  -29.268  -29.446  -29.622  -29.799  -29.975  -30.151  -30.261  -30.356  -30.451  -30.544  -30.638  -30.689  -30.739  -30.802  -30.881
 -28.000  -28.497  -28.681  -28.865  -29.048  -29.225  -29.401  -29.577  -29.752  -29.927  -30.101  -30.209  -30.304  -30.398  -30.492  -30.584  -30.635  -30.685  -30.748  -30.827
 -28.474  -28.967  -29.149  -29.331  -29.513  -29.688  -29.863  -30.037  -30.210  -30.383  -30.556  -30.664  -30.758  -30.852  -30.944  -31.037  -31.087  -31.137  -31.200  -31.278
 -30.764  -31.253  -31.434  -31.614  -31.794  -31.968  -32.141  -32.313  -32.485  -32.656  -32.828  -32.934  -33.028  -33.121  -33.213  -33.305  -33.355  -33.404  -33.467  -33.544
 -35.079  -35.563  -35.742  -35.920  -36.098  -36.271  -36.442  -36.612  -36.783  -36.952  -37.122  -37.228  -37.321  -37.413  -37.505  -37.596  -37.646  -37.695  -37.757  -37.834
