1006.00
995.00
990.00
985.00
980.00
975.00
970.00
965.00
960.00
955.00
950.00
945.00
940.00
935.00
930.00
925.00
920.00
915.00
910.00
905.00
900.00
895.00
890.00
885.00
880.00
875.00
870.00
865.00
860.00
855.00
850.00
845.00
840.00
835.00
830.00
825.00
820.00
815.00
810.00
805.00
800.00
795.00
790.00
785.00
780.00
775.00
770.00
765.00
760.00
755.00
750.00
745.00
740.00
735.00
730.00
725.00
720.00
715.00
710.00
705.00
700.00
695.00
690.00
685.00
680.00
675.00
670.00
665.00
660.00
655.00
650.00
645.00
640.00
635.00
630.00
625.00
620.00
615.00
610.00
605.00
600.00
595.00
590.00
585.00
580.00
575.00
570.00
565.00
560.00
555.00
550.00
545.00
540.00
535.00
530.00
525.00
520.00
515.00
510.00
505.00
500.00
495.00
490.00
485.00
480.00
475.00
470.00
465.00
460.00
455.00
450.00
445.00
440.00
435.00
430.00
425.00
420.00
415.00
410.00
405.00
400.00
395.00
390.00
385.00
380.00
375.00
370.00
365.00
360.00
355.00
350.00
345.00
340.00
335.00
330.00
325.00
320.00
315.00
310.00
305.00
300.00
295.00
290.00
285.00
280.00
275.00
270.00
265.00
260.00
255.00
250.00
245.00
240.00
235.00
230.00
225.00
220.00
215.00
210.00
205.00
200.00
195.00
190.00
185.00
180.00
175.00
170.00
165.00
160.00
155.00
150.00
145.00
140.00
135.00
130.00
125.00
120.00
115.00
110.00
105.00
100.00
95.00
90.00
85.00
80.00
