   0.000   0.000   0.000   0.000   0.000   0.000   0.000   0.000   0.000   0.000   0.000   0.000   0.000   0.000   0.000   0.000   0.000   0.000   0.000   0.000
  -3.213   0.000   0.000   0.000   0.000   0.000   0.000   0.000   0.000   0.000   0.000   0.000   0.000   0.000   0.000   0.000   0.000   0.000   0.000   0.000
  -3.355  -0.191  -0.000   0.000   0.000   0.000   0.000   0.000   0.000   0.000   0.000   0.000   0.000   0.000   0.000   0.000   0.000   0.000   0.000   0.000
  -3.536  -0.571  -0.380   0.000   0.000   0.000   0.000   0.000   0.000   0.000   0.000   0.000   0.000   0.000   0.000   0.000   0.000   0.000   0.000   0.000
  -3.999  -1.233  -1.042  -0.663   0.000   0.000   0.000   0.000   0.000   0.000   0.000   0.000   0.000   0.000   0.000   0.000   0.000   0.000   0.000   0.000
  -4.000  -1.896  -1.706  -1.327  -0.665   0.000   0.000   0.000   0.000   0.000   0.000   0.000   0.000   0.000   0.000   0.000   0.000   0.000   0.000   0.000
  -4.000  -2.571  -2.381  -2.002  -1.342  -0.678   0.000   0.000   0.000   0.000   0.000   0.000   0.000   0.000   0.000   0.000   0.000   0.000   0.000   0.000
  -4.000  -3.250  -3.060  -2.682  -2.022  -1.359  -0.683  -0.000   0.000   0.000   0.000   0.000   0.000   0.000   0.000   0.000   0.000   0.000   0.000   0.000
  -4.000  -3.931  -3.741  -3.363  -2.705  -2.043  -1.367  -0.685   0.000   0.000   0.000   0.000   0.000   0.000   0.000   0.000   0.000   0.000   0.000   0.000
  -4.000  -4.000  -4.000  -4.000  -3.388  -2.727  -2.053  -1.372  -0.688  -0.000   0.000   0.000   0.000   0.000   0.000   0.000   0.000   0.000   0.000   0.000
  -4.000  -4.000  -4.000  -4.000  -3.518  -2.858  -2.184  -1.504  -0.821  -0.134  -0.000   0.000   0.000   0.000   0.000   0.000   0.000   0.000   0.000   0.000
  -4.000  -4.000  -4.000  -4.000  -3.636  -2.977  -2.304  -1.625  -0.943  -0.258  -0.124  -0.000   0.000   0.000   0.000   0.000   0.000   0.000   0.000   0.000
  -4.000  -4.000  -4.000  -4.000  -3.753  -3.095  -2.423  -1.745  -1.064  -0.380  -0.246  -0.122  -0.000   0.000   0.000   0.000   0.000   0.000   0.000   0.000
  -4.000  -4.000  -4.000  -4.000  -3.871  -3.214  -2.544  -1.867  -1.187  -0.503  -0.370  -0.246  -0.124  -0.000   0.000   0.000   0.000   0.000   0.000   0.000
  -4.000  -4.000  -4.000  -4.000  -3.992  -3.336  -2.666  -1.990  -1.311  -0.629  -0.495  -0.372  -0.250  -0.126   0.000   0.000   0.000   0.000   0.000   0.000
  -4.000  -4.000  -4.000  -4.000  -4.000  -3.459  -2.790  -2.115  -1.438  -0.756  -0.623  -0.500  -0.378  -0.254  -0.128  -0.000   0.000   0.000   0.000   0.000
  -4.000  -4.000  -4.000  -4.000  -4.000  -3.495  -2.827  -2.154  -1.477  -0.797  -0.663  -0.541  -0.419  -0.295  -0.170  -0.042   0.000   0.000   0.000   0.000
  -4.000  -4.000  -4.000  -4.000  -4.000  -3.531  -2.864  -2.192  -1.516  -0.837  -0.704  -0.581  -0.460  -0.336  -0.211  -0.083  -0.041   0.000   0.000   0.000
  -4.000  -4.000  -4.000  -4.000  -4.000  -3.560  -2.895  -2.223  -1.549  -0.870  -0.738  -0.615  -0.494  -0.371  -0.245  -0.118  -0.076  -0.035   0.000   0.000
  -4.000  -4.000  -4.000  -4.000  -4.000  -3.591  -2.927  -2.257  -1.583  -0.906  -0.773  -0.651  -0.530  -0.407  -0.282  -0.154  -0.113  -0.072  -0.037  -0.000
  -4.000  -3.962  -4.000  -4.000  -4.000  -3.624  -2.961  -2.292  -1.619  -0.943  -0.811  -0.689  -0.568  -0.445  -0.320  -0.193  -0.151  -0.110  -0.075  -0.039
  -4.000  -3.790  -4.000  -4.000  -4.000  -3.659  -2.997  -2.329  -1.657  -0.982  -0.850  -0.728  -0.608  -0.485  -0.360  -0.233  -0.192  -0.150  -0.116  -0.079
  -4.000  -3.620  -3.964  -4.000  -4.000  -3.696  -3.035  -2.367  -1.697  -1.023  -0.891  -0.770  -0.649  -0.527  -0.402  -0.275  -0.234  -0.193  -0.158  -0.122
  -4.000  -3.451  -3.797  -4.000  -4.000  -3.735  -3.074  -2.408  -1.739  -1.066  -0.934  -0.813  -0.693  -0.570  -0.446  -0.319  -0.278  -0.237  -0.202  -0.166
  -4.000  -3.285  -3.632  -3.893  -4.000  -3.775  -3.116  -2.451  -1.782  -1.111  -0.979  -0.858  -0.738  -0.616  -0.492  -0.365  -0.324  -0.283  -0.249  -0.212
  -4.000  -3.120  -3.468  -3.730  -3.860  -3.817  -3.159  -2.495  -1.828  -1.157  -1.026  -0.905  -0.785  -0.663  -0.539  -0.413  -0.372  -0.331  -0.297  -0.260
  -4.000  -2.958  -3.307  -3.570  -3.700  -3.831  -3.205  -2.542  -1.876  -1.206  -1.075  -0.954  -0.835  -0.713  -0.589  -0.463  -0.422  -0.381  -0.347  -0.310
  -3.905  -2.797  -3.147  -3.411  -3.542  -3.673  -3.252  -2.590  -1.925  -1.257  -1.126  -1.005  -0.886  -0.764  -0.641  -0.515  -0.474  -0.433  -0.399  -0.363
  -3.750  -2.638  -2.990  -3.255  -3.385  -3.518  -3.301  -2.641  -1.977  -1.309  -1.179  -1.058  -0.939  -0.818  -0.694  -0.569  -0.528  -0.487  -0.453  -0.417
  -3.597  -2.481  -2.834  -3.100  -3.231  -3.364  -3.469  -2.693  -2.030  -1.364  -1.234  -1.113  -0.994  -0.873  -0.750  -0.625  -0.584  -0.543  -0.509  -0.473
  -3.447  -2.327  -2.681  -2.947  -3.079  -3.212  -3.318  -2.748  -2.086  -1.421  -1.290  -1.171  -1.052  -0.931  -0.808  -0.683  -0.642  -0.601  -0.567  -0.531
  -3.332  -2.208  -2.563  -2.831  -2.963  -3.097  -3.203  -2.838  -2.177  -1.513  -1.383  -1.264  -1.145  -1.024  -0.901  -0.777  -0.736  -0.695  -0.661  -0.625
  -3.160  -2.031  -2.388  -2.657  -2.789  -2.924  -3.030  -2.871  -2.211  -1.548  -1.419  -1.299  -1.181  -1.060  -0.937  -0.813  -0.772  -0.732  -0.698  -0.662
  -2.989  -1.857  -2.215  -2.485  -2.618  -2.753  -2.859  -2.960  -2.247  -1.585  -1.456  -1.336  -1.218  -1.098  -0.975  -0.851  -0.810  -0.770  -0.736  -0.700
  -2.821  -1.685  -2.044  -2.315  -2.448  -2.584  -2.691  -2.792  -2.285  -1.624  -1.495  -1.376  -1.258  -1.138  -1.016  -0.891  -0.851  -0.810  -0.777  -0.741
  -2.656  -1.515  -1.876  -2.147  -2.281  -2.417  -2.524  -2.626  -2.325  -1.666  -1.536  -1.418  -1.300  -1.180  -1.058  -0.934  -0.893  -0.853  -0.819  -0.783
  -2.492  -1.347  -1.709  -1.982  -2.116  -2.253  -2.360  -2.462  -2.367  -1.709  -1.580  -1.461  -1.344  -1.224  -1.102  -0.978  -0.938  -0.898  -0.864  -0.828
  -2.331  -1.182  -1.545  -1.819  -1.954  -2.091  -2.199  -2.301  -2.405  -1.754  -1.626  -1.507  -1.390  -1.270  -1.149  -1.025  -0.985  -0.945  -0.911  -0.875
  -2.172  -1.018  -1.383  -1.658  -1.794  -1.931  -2.039  -2.142  -2.246  -1.802  -1.674  -1.555  -1.438  -1.319  -1.197  -1.074  -1.034  -0.994  -0.960  -0.925
  -2.016  -0.857  -1.224  -1.499  -1.636  -1.774  -1.882  -1.986  -2.090  -1.852  -1.724  -1.606  -1.489  -1.370  -1.248  -1.125  -1.085  -1.045  -1.012  -0.976
  -1.862  -0.699  -1.067  -1.343  -1.480  -1.619  -1.728  -1.832  -1.937  -2.043  -1.776  -1.658  -1.541  -1.423  -1.302  -1.179  -1.139  -1.099  -1.065  -1.030
  -1.710  -0.543  -0.912  -1.190  -1.327  -1.466  -1.576  -1.680  -1.786  -1.892  -1.831  -1.713  -1.596  -1.478  -1.357  -1.234  -1.194  -1.155  -1.121  -1.086
  -1.561  -0.389  -0.760  -1.039  -1.177  -1.316  -1.427  -1.531  -1.637  -1.744  -2.034  -1.770  -1.654  -1.535  -1.415  -1.292  -1.252  -1.213  -1.179  -1.144
  -1.415  -0.238  -0.610  -0.890  -1.029  -1.169  -1.280  -1.384  -1.491  -1.598  -1.890  -1.830  -1.713  -1.595  -1.475  -1.352  -1.313  -1.273  -1.240  -1.204
  -1.271  -0.089  -0.463  -0.744  -0.883  -1.024  -1.135  -1.241  -1.347  -1.455  -1.748  -2.023  -1.775  -1.657  -1.537  -1.415  -1.375  -1.336  -1.302  -1.267
  -1.116   0.071  -0.304  -0.587  -0.726  -0.868  -0.979  -1.085  -1.192  -1.301  -1.595  -1.871  -1.825  -1.708  -1.588  -1.466  -1.426  -1.387  -1.353  -1.318
  -0.954   0.238  -0.139  -0.422  -0.563  -0.705  -0.817  -0.923  -1.031  -1.139  -1.435  -1.712  -1.987  -1.751  -1.631  -1.510  -1.470  -1.431  -1.397  -1.362
  -0.795   0.403   0.024  -0.261  -0.402  -0.544  -0.657  -0.764  -0.872  -0.981  -1.278  -1.556  -1.832  -1.797  -1.677  -1.556  -1.516  -1.477  -1.444  -1.409
  -0.638   0.564   0.184  -0.102  -0.244  -0.387  -0.500  -0.607  -0.716  -0.825  -1.123  -1.403  -1.680  -1.959  -1.726  -1.605  -1.565  -1.526  -1.493  -1.458
  -0.485   0.723   0.341   0.054  -0.088  -0.232  -0.346  -0.453  -0.562  -0.672  -0.972  -1.253  -1.531  -1.811  -1.777  -1.656  -1.616  -1.577  -1.544  -1.509
  -0.334   0.879   0.496   0.207   0.064  -0.080  -0.194  -0.302  -0.412  -0.522  -0.823  -1.106  -1.385  -1.666  -1.950  -1.709  -1.670  -1.631  -1.598  -1.563
  -0.186   1.032   0.647   0.357   0.214   0.069  -0.046  -0.154  -0.264  -0.375  -0.678  -0.961  -1.242  -1.525  -1.809  -1.765  -1.726  -1.687  -1.654  -1.619
  -0.041   1.183   0.796   0.505   0.361   0.215   0.100  -0.009  -0.120  -0.231  -0.535  -0.820  -1.102  -1.386  -1.672  -1.961  -1.785  -1.746  -1.713  -1.678
   0.101   1.330   0.941   0.649   0.504   0.358   0.242   0.133   0.021  -0.091  -0.396  -0.682  -0.965  -1.250  -1.538  -1.828  -1.948  -1.807  -1.775  -1.740
   0.239   1.474   1.084   0.790   0.645   0.498   0.382   0.271   0.160   0.047  -0.259  -0.547  -0.831  -1.118  -1.407  -1.698  -1.819  -1.937  -1.839  -1.804
   0.407   1.648   1.256   0.960   0.814   0.667   0.550   0.439   0.327   0.214  -0.094  -0.383  -0.668  -0.956  -1.247  -1.539  -1.660  -1.779  -1.889  -1.839
   0.580   1.826   1.432   1.136   0.989   0.841   0.723   0.612   0.500   0.386   0.077  -0.214  -0.501  -0.790  -1.082  -1.376  -1.498  -1.617  -1.727  -1.836
   0.575   1.828   1.432   1.134   0.986   0.837   0.719   0.608   0.495   0.380   0.070  -0.222  -0.511  -0.801  -1.094  -1.390  -1.512  -1.632  -1.742  -1.852
   0.451   1.710   1.312   1.012   0.864   0.715   0.596   0.484   0.370   0.256  -0.057  -0.350  -0.640  -0.932  -1.226  -1.523  -1.646  -1.767  -1.878  -1.988
   0.324   1.588   1.189   0.888   0.739   0.588   0.469   0.357   0.242   0.127  -0.187  -0.481  -0.773  -1.066  -1.362  -1.660  -1.784  -1.905  -2.016  -2.128
   0.193   1.464   1.062   0.760   0.610   0.459   0.339   0.226   0.111  -0.005  -0.320  -0.616  -0.909  -1.204  -1.501  -1.801  -1.925  -2.047  -2.159  -2.270
  -0.150   1.127   0.724   0.420   0.269   0.117  -0.003  -0.117  -0.232  -0.348  -0.665  -0.963  -1.257  -1.554  -1.852  -2.154  -2.278  -2.401  -2.513  -2.625
  -0.541   0.742   0.336   0.031  -0.120  -0.273  -0.394  -0.508  -0.624  -0.741  -1.060  -1.359  -1.654  -1.952  -2.253  -2.555  -2.681  -2.804  -2.917  -3.030
  -1.118   0.172  -0.236  -0.543  -0.694  -0.848  -0.969  -1.084  -1.201  -1.318  -1.639  -1.939  -2.236  -2.536  -2.838  -3.142  -3.268  -3.392  -3.505  -3.619
  -1.698  -0.402  -0.811  -1.120  -1.272  -1.427  -1.549  -1.664  -1.781  -1.900  -2.221  -2.523  -2.822  -3.123  -3.426  -3.732  -3.859  -3.983  -4.000  -4.000
  -2.282  -0.979  -1.391  -1.701  -1.854  -2.009  -2.132  -2.248  -2.366  -2.484  -2.808  -3.111  -3.412  -3.714  -4.000  -4.000  -4.000  -4.000  -4.000  -4.000
  -2.901  -1.591  -2.005  -2.317  -2.471  -2.627  -2.750  -2.867  -2.985  -3.104  -3.430  -3.735  -4.000  -4.000  -4.000  -4.000  -4.000  -4.000  -4.000  -4.000
  -3.524  -2.207  -2.623  -2.937  -3.092  -3.248  -3.372  -3.490  -3.609  -3.729  -4.000  -4.000  -4.000  -4.000  -4.000  -4.000  -4.000  -4.000  -4.000  -4.000
  -3.906  -2.582  -3.000  -3.315  -3.471  -3.629  -3.753  -3.871  -3.991  -4.000  -4.000  -4.000  -4.000  -4.000  -4.000  -4.000  -4.000  -4.000  -4.000  -4.000
  -3.924  -2.594  -3.014  -3.331  -3.487  -3.646  -3.771  -3.889  -4.000  -4.000  -4.000  -4.000  -4.000  -4.000  -4.000  -4.000  -4.000  -4.000  -4.000  -4.000
  -3.947  -2.609  -3.032  -3.350  -3.507  -3.667  -3.793  -3.912  -4.000  -4.000  -4.000  -4.000  -4.000  -4.000  -4.000  -4.000  -4.000  -4.000  -4.000  -4.000
  -3.974  -2.629  -3.054  -3.374  -3.532  -3.692  -3.819  -3.939  -4.000  -4.000  -4.000  -4.000  -4.000  -4.000  -4.000  -4.000  -4.000  -4.000  -4.000  -4.000
  -4.000  -2.652  -3.080  -3.402  -3.561  -3.722  -3.849  -3.970  -4.000  -4.000  -4.000  -4.000  -4.000  -4.000  -4.000  -4.000  -4.000  -4.000  -4.000  -4.000
  -4.000  -2.681  -3.110  -3.434  -3.594  -3.756  -3.884  -4.000  -4.000  -4.000  -4.000  -4.000  -4.000  -4.000  -4.000  -4.000  -4.000  -4.000  -4.000  -4.000
  -4.000  -2.713  -3.145  -3.471  -3.632  -3.795  -3.923  -4.000  -4.000  -4.000  -4.000  -4.000  -4.000  -4.000  -4.000  -4.000  -4.000  -4.000  -4.000  -4.000
  -4.000  -2.751  -3.185  -3.513  -3.674  -3.838  -3.967  -4.000  -4.000  -4.000  -4.000  -4.000  -4.000  -4.000  -4.000  -4.000  -4.000  -4.000  -4.000  -4.000
  -4.000  -2.780  -3.217  -3.546  -3.709  -3.873  -4.000  -4.000  -4.000  -4.000  -4.000  -4.000  -4.000  -4.000  -4.000  -4.000  -4.000  -4.000  -4.000  -4.000
  -4.000  -2.678  -3.118  -3.449  -3.612  -3.778  -3.909  -4.000  -4.000  -4.000  -4.000  -4.000  -4.000  -4.000  -4.000  -4.000  -4.000  -4.000  -4.000  -4.000
  -3.980  -2.582  -3.024  -3.357  -3.521  -3.688  -3.819  -3.944  -4.000  -4.000  -4.000  -4.000  -4.000  -4.000  -4.000  -4.000  -4.000  -4.000  -4.000  -4.000
  -3.897  -2.490  -2.934  -3.269  -3.435  -3.602  -3.735  -3.860  -3.987  -4.000  -4.000  -4.000  -4.000  -4.000  -4.000  -4.000  -4.000  -4.000  -4.000  -4.000
  -3.818  -2.403  -2.850  -3.187  -3.354  -3.522  -3.655  -3.781  -3.909  -4.000  -4.000  -4.000  -4.000  -4.000  -4.000  -4.000  -4.000  -4.000  -4.000  -4.000
  -3.745  -2.321  -2.771  -3.110  -3.277  -3.447  -3.581  -3.708  -3.836  -3.966  -4.000  -4.000  -4.000  -4.000  -4.000  -4.000  -4.000  -4.000  -4.000  -4.000
  -3.677  -2.245  -2.697  -3.038  -3.207  -3.377  -3.512  -3.640  -3.769  -3.899  -4.000  -4.000  -4.000  -4.000  -4.000  -4.000  -4.000  -4.000  -4.000  -4.000
  -3.605  -2.164  -2.620  -2.962  -3.132  -3.303  -3.439  -3.567  -3.698  -3.829  -4.000  -4.000  -4.000  -4.000  -4.000  -4.000  -4.000  -4.000  -4.000  -4.000
  -3.501  -2.052  -2.509  -2.854  -3.025  -3.197  -3.334  -3.463  -3.594  -3.726  -4.000  -4.000  -4.000  -4.000  -4.000  -4.000  -4.000  -4.000  -4.000  -4.000
  -3.402  -1.944  -2.405  -2.752  -2.923  -3.097  -3.234  -3.364  -3.496  -3.629  -3.990  -4.000  -4.000  -4.000  -4.000  -4.000  -4.000  -4.000  -4.000  -4.000
  -3.309  -1.843  -2.306  -2.655  -2.828  -3.002  -3.140  -3.271  -3.404  -3.537  -3.901  -4.000  -4.000  -4.000  -4.000  -4.000  -4.000  -4.000  -4.000  -4.000
  -3.222  -1.747  -2.213  -2.564  -2.738  -2.914  -3.052  -3.184  -3.317  -3.452  -3.818  -4.000  -4.000  -4.000  -4.000  -4.000  -4.000  -4.000  -4.000  -4.000
  -3.142  -1.657  -2.126  -2.480  -2.654  -2.831  -2.971  -3.103  -3.237  -3.372  -3.741  -4.000  -4.000  -4.000  -4.000  -4.000  -4.000  -4.000  -4.000  -4.000
  -3.067  -1.573  -2.045  -2.401  -2.577  -2.755  -2.895  -3.028  -3.163  -3.299  -3.670  -4.000  -4.000  -4.000  -4.000  -4.000  -4.000  -4.000  -4.000  -4.000
  -2.999  -1.496  -1.971  -2.329  -2.506  -2.684  -2.826  -2.960  -3.096  -3.232  -3.605  -3.955  -4.000  -4.000  -4.000  -4.000  -4.000  -4.000  -4.000  -4.000
  -2.930  -1.418  -1.896  -2.256  -2.434  -2.614  -2.756  -2.891  -3.028  -3.165  -3.540  -3.892  -4.000  -4.000  -4.000  -4.000  -4.000  -4.000  -4.000  -4.000
  -2.842  -1.320  -1.801  -2.164  -2.343  -2.524  -2.667  -2.803  -2.940  -3.079  -3.456  -3.810  -4.000  -4.000  -4.000  -4.000  -4.000  -4.000  -4.000  -4.000
  -2.761  -1.229  -1.713  -2.078  -2.258  -2.440  -2.584  -2.721  -2.859  -2.998  -3.378  -3.734  -4.000  -4.000  -4.000  -4.000  -4.000  -4.000  -4.000  -4.000
  -2.686  -1.145  -1.632  -1.999  -2.180  -2.364  -2.508  -2.646  -2.785  -2.925  -3.307  -3.665  -4.000  -4.000  -4.000  -4.000  -4.000  -4.000  -4.000  -4.000
  -2.618  -1.068  -1.558  -1.927  -2.109  -2.294  -2.440  -2.578  -2.718  -2.859  -3.243  -3.603  -3.959  -4.000  -4.000  -4.000  -4.000  -4.000  -4.000  -4.000
  -2.558  -0.997  -1.491  -1.862  -2.046  -2.231  -2.378  -2.517  -2.658  -2.800  -3.186  -3.549  -3.907  -4.000  -4.000  -4.000  -4.000  -4.000  -4.000  -4.000
  -2.504  -0.934  -1.431  -1.805  -1.989  -2.176  -2.324  -2.464  -2.605  -2.748  -3.137  -3.502  -3.862  -4.000  -4.000  -4.000  -4.000  -4.000  -4.000  -4.000
  -2.459  -0.879  -1.379  -1.755  -1.940  -2.129  -2.277  -2.418  -2.560  -2.704  -3.095  -3.462  -3.824  -4.000  -4.000  -4.000  -4.000  -4.000  -4.000  -4.000
  -2.421  -0.831  -1.334  -1.712  -1.899  -2.088  -2.238  -2.379  -2.523  -2.667  -3.061  -3.430  -3.794  -4.000  -4.000  -4.000  -4.000  -4.000  -4.000  -4.000
  -2.390  -0.791  -1.297  -1.678  -1.866  -2.056  -2.206  -2.349  -2.493  -2.639  -3.034  -3.406  -3.772  -4.000  -4.000  -4.000  -4.000  -4.000  -4.000  -4.000
  -2.252  -0.642  -1.152  -1.535  -1.724  -1.916  -2.067  -2.210  -2.355  -2.502  -2.900  -3.273  -3.642  -4.000  -4.000  -4.000  -4.000  -4.000  -4.000  -4.000
  -2.122  -0.502  -1.015  -1.400  -1.591  -1.783  -1.936  -2.080  -2.226  -2.373  -2.774  -3.149  -3.520  -3.893  -4.000  -4.000  -4.000  -4.000  -4.000  -4.000
  -2.000  -0.370  -0.886  -1.274  -1.466  -1.660  -1.813  -1.958  -2.105  -2.253  -2.655  -3.033  -3.406  -3.781  -4.000  -4.000  -4.000  -4.000  -4.000  -4.000
  -1.911  -0.271  -0.790  -1.180  -1.373  -1.568  -1.722  -1.868  -2.016  -2.165  -2.570  -2.950  -3.325  -3.702  -4.000  -4.000  -4.000  -4.000  -4.000  -4.000
  -1.916  -0.266  -0.788  -1.181  -1.375  -1.571  -1.726  -1.873  -2.021  -2.171  -2.579  -2.961  -3.338  -3.717  -4.000  -4.000  -4.000  -4.000  -4.000  -4.000
  -2.034  -0.375  -0.900  -1.295  -1.490  -1.688  -1.843  -1.991  -2.141  -2.291  -2.701  -3.085  -3.464  -3.846  -4.000  -4.000  -4.000  -4.000  -4.000  -4.000
  -2.162  -0.492  -1.021  -1.419  -1.615  -1.813  -1.970  -2.119  -2.269  -2.420  -2.833  -3.219  -3.600  -3.983  -4.000  -4.000  -4.000  -4.000  -4.000  -4.000
  -2.299  -0.619  -1.151  -1.551  -1.749  -1.948  -2.106  -2.255  -2.406  -2.559  -2.973  -3.362  -3.745  -4.000  -4.000  -4.000  -4.000  -4.000  -4.000  -4.000
  -2.445  -0.755  -1.291  -1.693  -1.892  -2.092  -2.251  -2.401  -2.553  -2.706  -3.123  -3.514  -3.899  -4.000  -4.000  -4.000  -4.000  -4.000  -4.000  -4.000
  -2.601  -0.901  -1.440  -1.844  -2.044  -2.246  -2.406  -2.557  -2.710  -2.864  -3.283  -3.675  -4.000  -4.000  -4.000  -4.000  -4.000  -4.000  -4.000  -4.000
  -2.766  -1.057  -1.599  -2.006  -2.207  -2.410  -2.570  -2.722  -2.876  -3.030  -3.452  -3.846  -4.000  -4.000  -4.000  -4.000  -4.000  -4.000  -4.000  -4.000
  -2.941  -1.223  -1.768  -2.177  -2.379  -2.583  -2.744  -2.897  -3.052  -3.207  -3.631  -4.000  -4.000  -4.000  -4.000  -4.000  -4.000  -4.000  -4.000  -4.000
  -3.127  -1.399  -1.947  -2.358  -2.561  -2.767  -2.929  -3.082  -3.238  -3.394  -3.820  -4.000  -4.000  -4.000  -4.000  -4.000  -4.000  -4.000  -4.000  -4.000
  -3.323  -1.585  -2.136  -2.550  -2.754  -2.961  -3.123  -3.278  -3.434  -3.591  -4.000  -4.000  -4.000  -4.000  -4.000  -4.000  -4.000  -4.000  -4.000  -4.000
  -3.529  -1.783  -2.336  -2.752  -2.957  -3.165  -3.329  -3.484  -3.641  -3.799  -4.000  -4.000  -4.000  -4.000  -4.000  -4.000  -4.000  -4.000  -4.000  -4.000
  -3.716  -1.961  -2.518  -2.936  -3.142  -3.350  -3.515  -3.671  -3.828  -3.987  -4.000  -4.000  -4.000  -4.000  -4.000  -4.000  -4.000  -4.000  -4.000  -4.000
  -3.894  -2.130  -2.690  -3.110  -3.317  -3.527  -3.692  -3.849  -4.000  -4.000  -4.000  -4.000  -4.000  -4.000  -4.000  -4.000  -4.000  -4.000  -4.000  -4.000
  -4.000  -2.311  -2.874  -3.296  -3.504  -3.715  -3.881  -4.000  -4.000  -4.000  -4.000  -4.000  -4.000  -4.000  -4.000  -4.000  -4.000  -4.000  -4.000  -4.000
  -4.000  -2.503  -3.069  -3.493  -3.702  -3.913  -4.000  -4.000  -4.000  -4.000  -4.000  -4.000  -4.000  -4.000  -4.000  -4.000  -4.000  -4.000  -4.000  -4.000
  -4.000  -2.707  -3.275  -3.701  -3.911  -4.000  -4.000  -4.000  -4.000  -4.000  -4.000  -4.000  -4.000  -4.000  -4.000  -4.000  -4.000  -4.000  -4.000  -4.000
  -4.000  -2.600  -3.171  -3.599  -3.810  -4.000  -4.000  -4.000  -4.000  -4.000  -4.000  -4.000  -4.000  -4.000  -4.000  -4.000  -4.000  -4.000  -4.000  -4.000
  -4.000  -3.050  -3.623  -4.000  -4.000  -4.000  -4.000  -4.000  -4.000  -4.000  -4.000  -4.000  -4.000  -4.000  -4.000  -4.000  -4.000  -4.000  -4.000  -4.000
  -4.000  -3.520  -4.000  -4.000  -4.000  -4.000  -4.000  -4.000  -4.000  -4.000  -4.000  -4.000  -4.000  -4.000  -4.000  -4.000  -4.000  -4.000  -4.000  -4.000
  -4.000  -4.000  -4.000  -4.000  -4.000  -4.000  -4.000  -4.000  -4.000  -4.000  -4.000  -4.000  -4.000  -4.000  -4.000  -4.000  -4.000  -4.000  -4.000  -4.000
  -4.000  -4.000  -4.000  -4.000  -4.000  -4.000  -4.000  -4.000  -4.000  -4.000  -4.000  -4.000  -4.000  -4.000  -4.000  -4.000  -4.000  -4.000  -4.000  -4.000
  -4.000  -4.000  -4.000  -4.000  -4.000  -4.000  -4.000  -4.000  -4.000  -4.000  -4.000  -4.000  -4.000  -4.000  -4.000  -4.000  -4.000  -4.000  -4.000  -4.000
  -4.000  -4.000  -4.000  -4.000  -4.000  -4.000  -4.000  -4.000  -4.000  -4.000  -4.000  -4.000  -4.000  -4.000  -4.000  -4.000  -4.000  -4.000  -4.000  -4.000
  -4.000  -4.000  -4.000  -4.000  -4.000  -4.000  -4.000  -4.000  -4.000  -4.000  -4.000  -4.000  -4.000  -4.000  -4.000  -4.000  -4.000  -4.000  -4.000  -4.000
  -4.000  -4.000  -4.000  -4.000  -4.000  -4.000  -4.000  -4.000  -4.000  -4.000  -4.000  -4.000  -4.000  -4.000  -4.000  -4.000  -4.000  -4.000  -4.000  -4.000
  -4.000  -4.000  -4.000  -4.000  -4.000  -4.000  -4.000  -4.000  -4.000  -4.000  -4.000  -4.000  -4.000  -4.000  -4.000  -4.000  -4.000  -4.000  -4.000  -4.000
  -4.000  -4.000  -4.000  -4.000  -4.000  -4.000  -4.000  -4.000  -4.000  -4.000  -4.000  -4.000  -4.000  -4.000  -4.000  -4.000  -4.000  -4.000  -4.000  -4.000
  -4.000  -4.000  -4.000  -4.000  -4.000  -4.000  -4.000  -4.000  -4.000  -4.000  -4.000  -4.000  -4.000  -4.000  -4.000  -4.000  -4.000  -4.000  -4.000  -4.000
  -4.000  -4.000  -4.000  -4.000  -4.000  -4.000  -4.000  -4.000  -4.000  -4.000  -4.000  -4.000  -4.000  -4.000  -4.000  -4.000  -4.000  -4.000  -4.000  -4.000
  -4.000  -4.000  -4.000  -4.000  -4.000  -4.000  -4.000  -4.000  -4.000  -4.000  -4.000  -4.000  -4.000  -4.000  -4.000  -4.000  -4.000  -4.000  -4.000  -4.000
  -4.000  -4.000  -4.000  -4.000  -4.000  -4.000  -4.000  -4.000  -4.000  -4.000  -4.000  -4.000  -4.000  -4.000  -4.000  -4.000  -4.000  -4.000  -4.000  -4.000
  -4.000  -4.000  -4.000  -4.000  -4.000  -4.000  -4.000  -4.000  -4.000  -4.000  -4.000  -4.000  -4.000  -4.000  -4.000  -4.000  -4.000  -4.000  -4.000  -4.000
  -4.000  -4.000  -4.000  -4.000  -4.000  -4.000  -4.000  -4.000  -4.000  -4.000  -4.000  -4.000  -4.000  -4.000  -4.000  -4.000  -4.000  -4.000  -4.000  -4.000
  -4.000  -4.000  -4.000  -4.000  -4.000  -4.000  -4.000  -4.000  -4.000  -4.000  -4.000  -4.000  -4.000  -4.000  -4.000  -4.000  -4.000  -4.000  -4.000  -4.000
  -4.000  -4.000  -4.000  -4.000  -4.000  -4.000  -4.000  -4.000  -4.000  -4.000  -4.000  -4.000  -4.000  -4.000  -4.000  -4.000  -4.000  -4.000  -4.000  -4.000
  -4.000  -4.000  -4.000  -4.000  -4.000  -4.000  -4.000  -4.000  -4.000  -4.000  -4.000  -4.000  -4.000  -4.000  -4.000  -4.000  -4.000  -4.000  -4.000  -4.000
  -4.000  -4.000  -4.000  -4.000  -4.000  -4.000  -4.000  -4.000  -4.000  -4.000  -4.000  -4.000  -4.000  -4.000  -4.000  -4.000  -4.000  -4.000  -4.000  -4.000
  -4.000  -4.000  -4.000  -4.000  -4.000  -4.000  -4.000  -4.000  -4.000  -4.000  -4.000  -4.000  -4.000  -4.000  -4.000  -4.000  -4.000  -4.000  -4.000  -4.000
  -4.000  -4.000  -4.000  -4.000  -4.000  -4.000  -4.000  -4.000  -4.000  -4.000  -4.000  -4.000  -4.000  -4.000  -4.000  -4.000  -4.000  -4.000  -4.000  -4.000
  -4.000  -4.000  -4.000  -4.000  -4.000  -4.000  -4.000  -4.000  -4.000  -4.000  -4.000  -4.000  -4.000  -4.000  -4.000  -4.000  -4.000  -4.000  -4.000  -4.000
  -4.000  -4.000  -4.000  -4.000  -4.000  -4.000  -4.000  -4.000  -4.000  -4.000  -4.000  -4.000  -4.000  -4.000  -4.000  -4.000  -4.000  -4.000  -4.000  -4.000
  -4.000  -4.000  -4.000  -4.000  -4.000  -4.000  -4.000  -4.000  -4.000  -4.000  -4.000  -4.000  -4.000  -4.000  -4.000  -4.000  -4.000  -4.000  -4.000  -4.000
  -4.000  -4.000  -4.000  -4.000  -4.000  -4.000  -4.000  -4.000  -4.000  -4.000  -4.000  -4.000  -4.000  -4.000  -4.000  -4.000  -4.000  -4.000  -4.000  -4.000
  -4.000  -4.000  -4.000  -4.000  -4.000  -4.000  -4.000  -4.000  -4.000  -4.000  -4.000  -4.000  -4.000  -4.000  -4.000  -4.000  -4.000  -4.000  -4.000  -4.000
  -4.000  -4.000  -4.000  -4.000  -4.000  -4.000  -4.000  -4.000  -4.000  -4.000  -4.000  -4.000  -4.000  -4.000  -4.000  -4.000  -4.000  -4.000  -4.000  -4.000
  -4.000  -4.000  -4.000  -4.000  -4.000  -4.000  -4.000  -4.000  -4.000  -4.000  -4.000  -4.000  -4.000  -4.000  -4.000  -4.000  -4.000  -4.000  -4.000  -4.000
  -4.000  -4.000  -4.000  -4.000  -4.000  -4.000  -4.000  -4.000  -4.000  -4.000  -4.000  -4.000  -4.000  -4.000  -4.000  -4.000  -4.000  -4.000  -4.000  -4.000
  -4.000  -4.000  -4.000  -4.000  -4.000  -4.000  -4.000  -4.000  -4.000  -4.000  -4.000  -4.000  -4.000  -4.000  -4.000  -4.000  -4.000  -4.000  -4.000  -4.000
  -4.000  -4.000  -4.000  -4.000  -4.000  -4.000  -4.000  -4.000  -4.000  -4.000  -4.000  -4.000  -4.000  -4.000  -4.000  -4.000  -4.000  -4.000  -4.000  -4.000
  -4.000  -4.000  -4.000  -4.000  -4.000  -4.000  -4.000  -4.000  -4.000  -4.000  -4.000  -4.000  -4.000  -4.000  -4.000  -4.000  -4.000  -4.000  -4.000  -4.000
  -4.000  -4.000  -4.000  -4.000  -4.000  -4.000  -4.000  -4.000  -4.000  -4.000  -4.000  -4.000  -4.000  -4.000  -4.000  -4.000  -4.000  -4.000  -4.000  -4.000
  -4.000  -4.000  -4.000  -4.000  -4.000  -4.000  -4.000  -4.000  -4.000  -4.000  -4.000  -4.000  -4.000  -4.000  -4.000  -4.000  -4.000  -4.000  -4.000  -4.000
  -4.000  -4.000  -4.000  -4.000  -4.000  -4.000  -4.000  -4.000  -4.000  -4.000  -4.000  -4.000  -4.000  -4.000  -4.000  -4.000  -4.000  -4.000  -4.000  -4.000
  -4.000  -4.000  -4.000  -4.000  -4.000  -4.000  -4.000  -4.000  -4.000  -4.000  -4.000  -4.000  -4.000  -4.000  -4.000  -4.000  -4.000  -4.000  -4.000  -4.000
  -4.000  -4.000  -4.000  -4.000  -4.000  -4.000  -4.000  -4.000  -4.000  -4.000  -4.000  -4.000  -4.000  -4.000  -4.000  -4.000  -4.000  -4.000  -4.000  -4.000
  -4.000  -4.000  -4.000  -4.000  -4.000  -4.000  -4.000  -4.000  -4.000  -4.000  -4.000  -4.000  -4.000  -4.000  -4.000  -4.000  -4.000  -4.000  -4.000  -4.000
  -4.000  -4.000  -4.000  -4.000  -4.000  -4.000  -4.000  -4.000  -4.000  -4.000  -4.000  -4.000  -4.000  -4.000  -4.000  -4.000  -4.000  -4.000  -4.000  -4.000
  -4.000  -4.000  -4.000  -4.000  -4.000  -4.000  -4.000  -4.000  -4.000  -4.000  -4.000  -4.000  -4.000  -4.000  -4.000  -4.000  -4.000  -4.000  -4.000  -4.000
  -4.000  -4.000  -4.000  -4.000  -4.000  -4.000  -4.000  -4.000  -4.000  -4.000  -4.000  -4.000  -4.000  -4.000  -4.000  -4.000  -4.000  -4.000  -4.000  -4.000
  -4.000  -4.000  -4.000  -4.000  -4.000  -4.000  -4.000  -4.000  -4.000  -4.000  -4.000  -4.000  -4.000  -4.000  -4.000  -4.000  -4.000  -4.000  -4.000  -4.000
  -4.000  -4.000  -4.000  -4.000  -4.000  -4.000  -4.000  -4.000  -4.000  -4.000  -4.000  -4.000  -4.000  -4.000  -4.000  -4.000  -4.000  -4.000  -4.000  -4.000
  -4.000  -4.000  -4.000  -4.000  -4.000  -4.000  -4.000  -4.000  -4.000  -4.000  -4.000  -4.000  -4.000  -4.000  -4.000  -4.000  -4.000  -4.000  -4.000  -4.000
  -4.000  -4.000  -4.000  -4.000  -4.000  -4.000  -4.000  -4.000  -4.000  -4.000  -4.000  -4.000  -4.000  -4.000  -4.000  -4.000  -4.000  -4.000  -4.000  -4.000
  -4.000  -4.000  -4.000  -4.000  -4.000  -4.000  -4.000  -4.000  -4.000  -4.000  -4.000  -4.000  -4.000  -4.000  -4.000  -4.000  -4.000  -4.000  -4.000  -4.000
  -4.000  -4.000  -4.000  -4.000  -4.000  -4.000  -4.000  -4.000  -4.000  -4.000  -4.000  -4.000  -4.000  -4.000  -4.000  -4.000  -4.000  -4.000  -4.000  -4.000
  -4.000  -4.000  -4.000  -4.000  -4.000  -4.000  -4.000  -4.000  -4.000  -4.000  -4.000  -4.000  -4.000  -4.000  -4.000  -4.000  -4.000  -4.000  -4.000  -4.000
  -4.000  -4.000  -4.000  -4.000  -4.000  -4.000  -4.000  -4.000  -4.000  -4.000  -4.000  -4.000  -4.000  -4.000  -4.000  -4.000  -4.000  -4.000  -4.000  -4.000
  -4.000  -4.000  -4.000  -4.000  -4.000  -4.000  -4.000  -4.000  -4.000  -4.000  -4.000  -4.000  -4.000  -4.000  -4.000  -4.000  -4.000  -4.000  -4.000  -4.000
  -4.000  -4.000  -4.000  -4.000  -4.000  -4.000  -4.000  -4.000  -4.000  -4.000  -4.000  -4.000  -4.000  -4.000  -4.000  -4.000  -4.000  -4.000  -4.000  -4.000
  -4.000  -4.000  -4.000  -4.000  -4.000  -4.000  -4.000  -4.000  -4.000  -4.000  -4.000  -4.000  -4.000  -4.000  -4.000  -4.000  -4.000  -4.000  -4.000  -4.000
  -4.000  -4.000  -4.000  -4.000  -4.000  -4.000  -4.000  -4.000  -4.000  -4.000  -4.000  -4.000  -4.000  -4.000  -4.000  -4.000  -4.000  -4.000  -4.000  -4.000
  -4.000  -4.000  -4.000  -4.000  -4.000  -4.000  -4.000  -4.000  -4.000  -4.000  -4.000  -4.000  -4.000  -4.000  -4.000  -4.000  -4.000  -4.000  -4.000  -4.000
  -4.000  -4.000  -4.000  -4.000  -4.000  -4.000  -4.000  -4.000  -4.000  -4.000  -4.000  -4.000  -4.000  -4.000  -4.000  -4.000  -4.000  -4.000  -4.000  -4.000
  -4.000  -4.000  -4.000  -4.000  -4.000  -4.000  -4.000  -4.000  -4.000  -4.000  -4.000  -4.000  -4.000  -4.000  -4.000  -4.000  -4.000  -4.000  -4.000  -4.000
  -4.000  -4.000  -4.000  -4.000  -4.000  -4.000  -4.000  -4.000  -4.000  -4.000  -4.000  -4.000  -4.000  -4.000  -4.000  -4.000  -4.000  -4.000  -4.000  -4.000
  -4.000  -4.000  -4.000  -4.000  -4.000  -4.000  -4.000  -4.000  -4.000  -4.000  -4.000  -4.000  -4.000  -4.000  -4.000  -4.000  -4.000  -4.000  -4.000  -4.000
  -4.000  -4.000  -4.000  -4.000  -4.000  -4.000  -4.000  -4.000  -4.000  -4.000  -4.000  -4.000  -4.000  -4.000  -4.000  -4.000  -4.000  -4.000  -4.000  -4.000
  -4.000  -4.000  -4.000  -4.000  -4.000  -4.000  -4.000  -4.000  -4.000  -4.000  -4.000  -4.000  -4.000  -4.000  -4.000  -4.000  -4.000  -4.000  -4.000  -4.000
  -4.000  -4.000  -4.000  -4.000  -4.000  -4.000  -4.000  -4.000  -4.000  -4.000  -4.000  -4.000  -4.000  -4.000  -4.000  -4.000  -4.000  -4.000  -4.000  -4.000
