   0.000   0.000   0.000   0.000   0.000   0.000   0.000   0.000   0.000   0.000   0.000   0.000   0.000   0.000   0.000   0.000   0.000   0.000   0.000   0.000
  -3.213   0.000   0.000   0.000   0.000   0.000   0.000   0.000   0.000   0.000   0.000   0.000   0.000   0.000   0.000   0.000   0.000   0.000   0.000   0.000
  -3.365  -0.191  -0.000   0.000   0.000   0.000   0.000   0.000   0.000   0.000   0.000   0.000   0.000   0.000   0.000   0.000   0.000   0.000   0.000   0.000
  -3.571  -0.571  -0.380   0.000   0.000   0.000   0.000   0.000   0.000   0.000   0.000   0.000   0.000   0.000   0.000   0.000   0.000   0.000   0.000   0.000
  -4.000  -1.233  -1.042  -0.663   0.000   0.000   0.000   0.000   0.000   0.000   0.000   0.000   0.000   0.000   0.000   0.000   0.000   0.000   0.000   0.000
  -4.000  -1.896  -1.706  -1.327  -0.665   0.000   0.000   0.000   0.000   0.000   0.000   0.000   0.000   0.000   0.000   0.000   0.000   0.000   0.000   0.000
  -4.000  -2.571  -2.381  -2.002  -1.342  -0.678   0.000   0.000   0.000   0.000   0.000   0.000   0.000   0.000   0.000   0.000   0.000   0.000   0.000   0.000
  -4.000  -3.250  -3.060  -2.682  -2.022  -1.359  -0.683  -0.000   0.000   0.000   0.000   0.000   0.000   0.000   0.000   0.000   0.000   0.000   0.000   0.000
  -4.000  -3.931  -3.741  -3.363  -2.705  -2.043  -1.367  -0.685   0.000   0.000   0.000   0.000   0.000   0.000   0.000   0.000   0.000   0.000   0.000   0.000
  -4.000  -4.000  -4.000  -4.000  -3.388  -2.727  -2.053  -1.372  -0.688  -0.000   0.000   0.000   0.000   0.000   0.000   0.000   0.000   0.000   0.000   0.000
  -4.000  -4.000  -4.000  -4.000  -3.518  -2.858  -2.184  -1.504  -0.821  -0.134  -0.000   0.000   0.000   0.000   0.000   0.000   0.000   0.000   0.000   0.000
  -4.000  -4.000  -4.000  -4.000  -3.636  -2.977  -2.304  -1.625  -0.943  -0.258  -0.124  -0.000   0.000   0.000   0.000   0.000   0.000   0.000   0.000   0.000
  -4.000  -4.000  -4.000  -4.000  -3.753  -3.095  -2.423  -1.745  -1.064  -0.380  -0.246  -0.122  -0.000   0.000   0.000   0.000   0.000   0.000   0.000   0.000
  -4.000  -4.000  -4.000  -4.000  -3.871  -3.214  -2.544  -1.867  -1.187  -0.503  -0.370  -0.246  -0.124  -0.000   0.000   0.000   0.000   0.000   0.000   0.000
  -4.000  -4.000  -4.000  -4.000  -3.992  -3.336  -2.666  -1.990  -1.311  -0.629  -0.495  -0.372  -0.250  -0.126   0.000   0.000   0.000   0.000   0.000   0.000
  -4.000  -4.000  -4.000  -4.000  -4.000  -3.459  -2.790  -2.115  -1.438  -0.756  -0.623  -0.500  -0.378  -0.254  -0.128  -0.000   0.000   0.000   0.000   0.000
  -4.000  -4.000  -4.000  -4.000  -4.000  -3.495  -2.827  -2.154  -1.477  -0.797  -0.663  -0.541  -0.419  -0.295  -0.170  -0.042   0.000   0.000   0.000   0.000
  -4.000  -4.000  -4.000  -4.000  -4.000  -3.531  -2.864  -2.192  -1.516  -0.837  -0.704  -0.581  -0.460  -0.336  -0.211  -0.083  -0.041   0.000   0.000   0.000
  -4.000  -4.000  -4.000  -4.000  -4.000  -3.560  -2.895  -2.223  -1.549  -0.870  -0.738  -0.615  -0.494  -0.371  -0.245  -0.118  -0.076  -0.035   0.000   0.000
  -4.000  -4.000  -4.000  -4.000  -4.000  -3.591  -2.927  -2.257  -1.583  -0.906  -0.773  -0.651  -0.530  -0.407  -0.282  -0.154  -0.113  -0.072  -0.037  -0.000
  -4.000  -4.000  -4.000  -4.000  -4.000  -3.624  -2.961  -2.292  -1.619  -0.943  -0.811  -0.689  -0.568  -0.445  -0.320  -0.193  -0.151  -0.110  -0.075  -0.039
  -4.000  -4.000  -4.000  -4.000  -4.000  -3.659  -2.997  -2.329  -1.657  -0.982  -0.850  -0.728  -0.608  -0.485  -0.360  -0.233  -0.192  -0.150  -0.116  -0.079
  -4.000  -3.872  -4.000  -4.000  -4.000  -3.696  -3.035  -2.367  -1.697  -1.023  -0.891  -0.770  -0.649  -0.527  -0.402  -0.275  -0.234  -0.193  -0.158  -0.122
  -4.000  -3.730  -4.000  -4.000  -4.000  -3.735  -3.074  -2.408  -1.739  -1.066  -0.934  -0.813  -0.693  -0.570  -0.446  -0.319  -0.278  -0.237  -0.202  -0.166
  -4.000  -3.589  -3.869  -4.000  -4.000  -3.775  -3.116  -2.451  -1.782  -1.111  -0.979  -0.858  -0.738  -0.616  -0.492  -0.365  -0.324  -0.283  -0.249  -0.212
  -4.000  -3.450  -3.731  -3.914  -3.947  -3.817  -3.159  -2.495  -1.828  -1.157  -1.026  -0.905  -0.785  -0.663  -0.539  -0.413  -0.372  -0.331  -0.297  -0.260
  -4.000  -3.313  -3.594  -3.778  -3.813  -3.848  -3.205  -2.542  -1.876  -1.206  -1.075  -0.954  -0.835  -0.713  -0.589  -0.463  -0.422  -0.381  -0.347  -0.310
  -4.000  -3.177  -3.460  -3.645  -3.680  -3.716  -3.252  -2.590  -1.925  -1.257  -1.126  -1.005  -0.886  -0.764  -0.641  -0.515  -0.474  -0.433  -0.399  -0.363
  -4.000  -3.044  -3.328  -3.514  -3.549  -3.586  -3.301  -2.641  -1.977  -1.309  -1.179  -1.058  -0.939  -0.818  -0.694  -0.569  -0.528  -0.487  -0.453  -0.417
  -4.000  -2.912  -3.198  -3.384  -3.420  -3.457  -3.469  -2.693  -2.030  -1.364  -1.234  -1.113  -0.994  -0.873  -0.750  -0.625  -0.584  -0.543  -0.509  -0.473
  -4.000  -2.783  -3.069  -3.257  -3.293  -3.331  -3.343  -2.748  -2.086  -1.421  -1.290  -1.171  -1.052  -0.931  -0.808  -0.683  -0.642  -0.601  -0.567  -0.531
  -4.000  -2.690  -2.977  -3.166  -3.202  -3.241  -3.253  -2.838  -2.177  -1.513  -1.383  -1.264  -1.145  -1.024  -0.901  -0.777  -0.736  -0.695  -0.661  -0.625
  -3.903  -2.538  -2.827  -3.016  -3.054  -3.093  -3.106  -2.871  -2.211  -1.548  -1.419  -1.299  -1.181  -1.060  -0.937  -0.813  -0.772  -0.732  -0.698  -0.662
  -3.757  -2.389  -2.679  -2.869  -2.907  -2.947  -2.960  -2.968  -2.247  -1.585  -1.456  -1.336  -1.218  -1.098  -0.975  -0.851  -0.810  -0.770  -0.736  -0.700
  -3.612  -2.242  -2.533  -2.724  -2.763  -2.803  -2.817  -2.826  -2.285  -1.624  -1.495  -1.376  -1.258  -1.138  -1.016  -0.891  -0.851  -0.810  -0.777  -0.741
  -3.470  -2.097  -2.389  -2.581  -2.621  -2.662  -2.676  -2.685  -2.325  -1.666  -1.536  -1.418  -1.300  -1.180  -1.058  -0.934  -0.893  -0.853  -0.819  -0.783
  -3.330  -1.954  -2.247  -2.441  -2.481  -2.522  -2.537  -2.547  -2.367  -1.709  -1.580  -1.461  -1.344  -1.224  -1.102  -0.978  -0.938  -0.898  -0.864  -0.828
  -3.192  -1.813  -2.108  -2.302  -2.343  -2.385  -2.401  -2.411  -2.422  -1.754  -1.626  -1.507  -1.390  -1.270  -1.149  -1.025  -0.985  -0.945  -0.911  -0.875
  -3.056  -1.675  -1.970  -2.166  -2.207  -2.250  -2.266  -2.277  -2.288  -1.802  -1.674  -1.555  -1.438  -1.319  -1.197  -1.074  -1.034  -0.994  -0.960  -0.925
  -2.923  -1.538  -1.835  -2.032  -2.074  -2.117  -2.134  -2.145  -2.157  -1.852  -1.724  -1.606  -1.489  -1.370  -1.248  -1.125  -1.085  -1.045  -1.012  -0.976
  -2.792  -1.404  -1.703  -1.900  -1.943  -1.987  -2.004  -2.016  -2.029  -2.043  -1.776  -1.658  -1.541  -1.423  -1.302  -1.179  -1.139  -1.099  -1.065  -1.030
  -2.663  -1.273  -1.572  -1.771  -1.814  -1.859  -1.877  -1.889  -1.903  -1.917  -1.831  -1.713  -1.596  -1.478  -1.357  -1.234  -1.194  -1.155  -1.121  -1.086
  -2.537  -1.143  -1.444  -1.644  -1.688  -1.734  -1.752  -1.765  -1.779  -1.794  -2.033  -1.770  -1.654  -1.535  -1.415  -1.292  -1.252  -1.213  -1.179  -1.144
  -2.413  -1.016  -1.319  -1.520  -1.564  -1.610  -1.630  -1.643  -1.657  -1.673  -1.914  -1.830  -1.713  -1.595  -1.475  -1.352  -1.313  -1.273  -1.240  -1.204
  -2.292  -0.892  -1.196  -1.398  -1.443  -1.490  -1.510  -1.524  -1.539  -1.555  -1.797  -2.024  -1.775  -1.657  -1.537  -1.415  -1.375  -1.336  -1.302  -1.267
  -2.159  -0.756  -1.061  -1.264  -1.310  -1.358  -1.378  -1.393  -1.408  -1.425  -1.668  -1.896  -1.825  -1.708  -1.588  -1.466  -1.426  -1.387  -1.353  -1.318
  -2.019  -0.613  -0.919  -1.123  -1.170  -1.219  -1.240  -1.255  -1.271  -1.289  -1.533  -1.762  -1.989  -1.751  -1.631  -1.510  -1.470  -1.431  -1.397  -1.362
  -1.882  -0.472  -0.780  -0.986  -1.033  -1.082  -1.104  -1.120  -1.136  -1.155  -1.400  -1.630  -1.858  -1.797  -1.677  -1.556  -1.516  -1.477  -1.444  -1.409
  -1.747  -0.334  -0.644  -0.850  -0.899  -0.948  -0.971  -0.987  -1.005  -1.023  -1.270  -1.501  -1.730  -1.961  -1.726  -1.605  -1.565  -1.526  -1.493  -1.458
  -1.615  -0.199  -0.510  -0.718  -0.767  -0.817  -0.840  -0.857  -0.875  -0.895  -1.142  -1.375  -1.605  -1.837  -1.777  -1.656  -1.616  -1.577  -1.544  -1.509
  -1.486  -0.066  -0.379  -0.588  -0.638  -0.689  -0.713  -0.730  -0.749  -0.769  -1.018  -1.252  -1.483  -1.716  -1.951  -1.709  -1.670  -1.631  -1.598  -1.563
  -1.360   0.064  -0.250  -0.461  -0.511  -0.563  -0.588  -0.606  -0.625  -0.646  -0.896  -1.131  -1.363  -1.598  -1.834  -1.765  -1.726  -1.687  -1.654  -1.619
  -1.236   0.191  -0.125  -0.336  -0.388  -0.441  -0.466  -0.485  -0.505  -0.526  -0.777  -1.013  -1.247  -1.483  -1.720  -1.960  -1.785  -1.746  -1.713  -1.678
  -1.116   0.315  -0.002  -0.215  -0.267  -0.321  -0.347  -0.366  -0.387  -0.409  -0.662  -0.899  -1.134  -1.370  -1.609  -1.850  -1.950  -1.807  -1.775  -1.740
  -0.998   0.437   0.118  -0.096  -0.149  -0.204  -0.230  -0.251  -0.272  -0.295  -0.549  -0.787  -1.023  -1.261  -1.501  -1.743  -1.844  -1.943  -1.839  -1.804
  -0.851   0.587   0.267   0.052  -0.002  -0.058  -0.085  -0.106  -0.128  -0.151  -0.407  -0.646  -0.884  -1.123  -1.364  -1.607  -1.709  -1.808  -1.900  -1.839
  -0.699   0.743   0.421   0.205   0.150   0.094   0.066   0.044   0.021  -0.003  -0.259  -0.500  -0.739  -0.979  -1.222  -1.466  -1.569  -1.669  -1.761  -1.853
  -0.724   0.722   0.398   0.180   0.125   0.068   0.039   0.017  -0.007  -0.032  -0.290  -0.532  -0.772  -1.013  -1.257  -1.503  -1.606  -1.706  -1.799  -1.891
  -0.868   0.582   0.257   0.037  -0.019  -0.077  -0.107  -0.130  -0.154  -0.180  -0.439  -0.683  -0.924  -1.167  -1.412  -1.659  -1.762  -1.863  -1.956  -2.049
  -1.016   0.439   0.111  -0.109  -0.167  -0.226  -0.256  -0.280  -0.305  -0.331  -0.592  -0.837  -1.079  -1.323  -1.570  -1.818  -1.922  -2.024  -2.117  -2.210
  -1.166   0.292  -0.037  -0.259  -0.317  -0.377  -0.408  -0.433  -0.458  -0.486  -0.748  -0.994  -1.237  -1.483  -1.731  -1.981  -2.085  -2.187  -2.282  -2.375
  -1.528  -0.066  -0.397  -0.621  -0.680  -0.740  -0.772  -0.797  -0.824  -0.852  -1.115  -1.363  -1.608  -1.855  -2.104  -2.355  -2.460  -2.563  -2.658  -2.752
  -1.939  -0.473  -0.805  -1.031  -1.091  -1.152  -1.185  -1.211  -1.238  -1.267  -1.532  -1.781  -2.027  -2.275  -2.526  -2.779  -2.884  -2.988  -3.083  -3.178
  -2.535  -1.064  -1.399  -1.625  -1.686  -1.749  -1.782  -1.809  -1.837  -1.867  -2.133  -2.383  -2.631  -2.881  -3.133  -3.387  -3.493  -3.597  -3.693  -3.788
  -3.134  -1.659  -1.995  -2.223  -2.285  -2.349  -2.383  -2.410  -2.439  -2.470  -2.738  -2.989  -3.238  -3.490  -3.743  -3.998  -4.000  -4.000  -4.000  -4.000
  -3.736  -2.257  -2.595  -2.825  -2.888  -2.952  -2.987  -3.015  -3.045  -3.076  -3.346  -3.599  -3.849  -4.000  -4.000  -4.000  -4.000  -4.000  -4.000  -4.000
  -4.000  -2.889  -3.230  -3.461  -3.525  -3.590  -3.626  -3.655  -3.686  -3.718  -3.989  -4.000  -4.000  -4.000  -4.000  -4.000  -4.000  -4.000  -4.000  -4.000
  -4.000  -3.526  -3.868  -4.000  -4.000  -4.000  -4.000  -4.000  -4.000  -4.000  -4.000  -4.000  -4.000  -4.000  -4.000  -4.000  -4.000  -4.000  -4.000  -4.000
  -4.000  -3.921  -4.000  -4.000  -4.000  -4.000  -4.000  -4.000  -4.000  -4.000  -4.000  -4.000  -4.000  -4.000  -4.000  -4.000  -4.000  -4.000  -4.000  -4.000
  -4.000  -3.952  -4.000  -4.000  -4.000  -4.000  -4.000  -4.000  -4.000  -4.000  -4.000  -4.000  -4.000  -4.000  -4.000  -4.000  -4.000  -4.000  -4.000  -4.000
  -4.000  -3.987  -4.000  -4.000  -4.000  -4.000  -4.000  -4.000  -4.000  -4.000  -4.000  -4.000  -4.000  -4.000  -4.000  -4.000  -4.000  -4.000  -4.000  -4.000
  -4.000  -4.000  -4.000  -4.000  -4.000  -4.000  -4.000  -4.000  -4.000  -4.000  -4.000  -4.000  -4.000  -4.000  -4.000  -4.000  -4.000  -4.000  -4.000  -4.000
  -4.000  -4.000  -4.000  -4.000  -4.000  -4.000  -4.000  -4.000  -4.000  -4.000  -4.000  -4.000  -4.000  -4.000  -4.000  -4.000  -4.000  -4.000  -4.000  -4.000
  -4.000  -4.000  -4.000  -4.000  -4.000  -4.000  -4.000  -4.000  -4.000  -4.000  -4.000  -4.000  -4.000  -4.000  -4.000  -4.000  -4.000  -4.000  -4.000  -4.000
  -4.000  -4.000  -4.000  -4.000  -4.000  -4.000  -4.000  -4.000  -4.000  -4.000  -4.000  -4.000  -4.000  -4.000  -4.000  -4.000  -4.000  -4.000  -4.000  -4.000
  -4.000  -4.000  -4.000  -4.000  -4.000  -4.000  -4.000  -4.000  -4.000  -4.000  -4.000  -4.000  -4.000  -4.000  -4.000  -4.000  -4.000  -4.000  -4.000  -4.000
  -4.000  -4.000  -4.000  -4.000  -4.000  -4.000  -4.000  -4.000  -4.000  -4.000  -4.000  -4.000  -4.000  -4.000  -4.000  -4.000  -4.000  -4.000  -4.000  -4.000
  -4.000  -4.000  -4.000  -4.000  -4.000  -4.000  -4.000  -4.000  -4.000  -4.000  -4.000  -4.000  -4.000  -4.000  -4.000  -4.000  -4.000  -4.000  -4.000  -4.000
  -4.000  -4.000  -4.000  -4.000  -4.000  -4.000  -4.000  -4.000  -4.000  -4.000  -4.000  -4.000  -4.000  -4.000  -4.000  -4.000  -4.000  -4.000  -4.000  -4.000
  -4.000  -4.000  -4.000  -4.000  -4.000  -4.000  -4.000  -4.000  -4.000  -4.000  -4.000  -4.000  -4.000  -4.000  -4.000  -4.000  -4.000  -4.000  -4.000  -4.000
  -4.000  -3.960  -4.000  -4.000  -4.000  -4.000  -4.000  -4.000  -4.000  -4.000  -4.000  -4.000  -4.000  -4.000  -4.000  -4.000  -4.000  -4.000  -4.000  -4.000
  -4.000  -3.895  -4.000  -4.000  -4.000  -4.000  -4.000  -4.000  -4.000  -4.000  -4.000  -4.000  -4.000  -4.000  -4.000  -4.000  -4.000  -4.000  -4.000  -4.000
  -4.000  -3.834  -4.000  -4.000  -4.000  -4.000  -4.000  -4.000  -4.000  -4.000  -4.000  -4.000  -4.000  -4.000  -4.000  -4.000  -4.000  -4.000  -4.000  -4.000
  -4.000  -3.769  -4.000  -4.000  -4.000  -4.000  -4.000  -4.000  -4.000  -4.000  -4.000  -4.000  -4.000  -4.000  -4.000  -4.000  -4.000  -4.000  -4.000  -4.000
  -4.000  -3.671  -4.000  -4.000  -4.000  -4.000  -4.000  -4.000  -4.000  -4.000  -4.000  -4.000  -4.000  -4.000  -4.000  -4.000  -4.000  -4.000  -4.000  -4.000
  -4.000  -3.578  -3.961  -4.000  -4.000  -4.000  -4.000  -4.000  -4.000  -4.000  -4.000  -4.000  -4.000  -4.000  -4.000  -4.000  -4.000  -4.000  -4.000  -4.000
  -4.000  -3.490  -3.876  -4.000  -4.000  -4.000  -4.000  -4.000  -4.000  -4.000  -4.000  -4.000  -4.000  -4.000  -4.000  -4.000  -4.000  -4.000  -4.000  -4.000
  -4.000  -3.408  -3.796  -4.000  -4.000  -4.000  -4.000  -4.000  -4.000  -4.000  -4.000  -4.000  -4.000  -4.000  -4.000  -4.000  -4.000  -4.000  -4.000  -4.000
  -4.000  -3.331  -3.722  -3.995  -4.000  -4.000  -4.000  -4.000  -4.000  -4.000  -4.000  -4.000  -4.000  -4.000  -4.000  -4.000  -4.000  -4.000  -4.000  -4.000
  -4.000  -3.260  -3.654  -3.929  -4.000  -4.000  -4.000  -4.000  -4.000  -4.000  -4.000  -4.000  -4.000  -4.000  -4.000  -4.000  -4.000  -4.000  -4.000  -4.000
  -4.000  -3.194  -3.591  -3.868  -3.961  -4.000  -4.000  -4.000  -4.000  -4.000  -4.000  -4.000  -4.000  -4.000  -4.000  -4.000  -4.000  -4.000  -4.000  -4.000
  -4.000  -3.128  -3.528  -3.807  -3.901  -3.996  -4.000  -4.000  -4.000  -4.000  -4.000  -4.000  -4.000  -4.000  -4.000  -4.000  -4.000  -4.000  -4.000  -4.000
  -4.000  -3.041  -3.444  -3.725  -3.821  -3.918  -3.981  -4.000  -4.000  -4.000  -4.000  -4.000  -4.000  -4.000  -4.000  -4.000  -4.000  -4.000  -4.000  -4.000
  -4.000  -2.960  -3.366  -3.650  -3.747  -3.845  -3.909  -3.966  -4.000  -4.000  -4.000  -4.000  -4.000  -4.000  -4.000  -4.000  -4.000  -4.000  -4.000  -4.000
  -4.000  -2.886  -3.294  -3.581  -3.679  -3.779  -3.844  -3.902  -3.962  -4.000  -4.000  -4.000  -4.000  -4.000  -4.000  -4.000  -4.000  -4.000  -4.000  -4.000
  -4.000  -2.818  -3.229  -3.518  -3.617  -3.719  -3.786  -3.845  -3.906  -3.968  -4.000  -4.000  -4.000  -4.000  -4.000  -4.000  -4.000  -4.000  -4.000  -4.000
  -4.000  -2.756  -3.171  -3.462  -3.563  -3.666  -3.734  -3.794  -3.856  -3.920  -4.000  -4.000  -4.000  -4.000  -4.000  -4.000  -4.000  -4.000  -4.000  -4.000
  -4.000  -2.701  -3.119  -3.412  -3.515  -3.619  -3.689  -3.750  -3.814  -3.879  -4.000  -4.000  -4.000  -4.000  -4.000  -4.000  -4.000  -4.000  -4.000  -4.000
  -4.000  -2.653  -3.073  -3.369  -3.474  -3.580  -3.650  -3.713  -3.778  -3.844  -4.000  -4.000  -4.000  -4.000  -4.000  -4.000  -4.000  -4.000  -4.000  -4.000
  -4.000  -2.612  -3.035  -3.334  -3.440  -3.547  -3.619  -3.684  -3.749  -3.817  -4.000  -4.000  -4.000  -4.000  -4.000  -4.000  -4.000  -4.000  -4.000  -4.000
  -4.000  -2.578  -3.004  -3.305  -3.412  -3.522  -3.595  -3.661  -3.728  -3.797  -4.000  -4.000  -4.000  -4.000  -4.000  -4.000  -4.000  -4.000  -4.000  -4.000
  -4.000  -2.435  -2.864  -3.168  -3.277  -3.388  -3.462  -3.529  -3.598  -3.668  -4.000  -4.000  -4.000  -4.000  -4.000  -4.000  -4.000  -4.000  -4.000  -4.000
  -3.993  -2.299  -2.732  -3.038  -3.149  -3.261  -3.337  -3.406  -3.475  -3.547  -3.890  -4.000  -4.000  -4.000  -4.000  -4.000  -4.000  -4.000  -4.000  -4.000
  -3.872  -2.171  -2.607  -2.916  -3.028  -3.142  -3.220  -3.289  -3.361  -3.433  -3.778  -4.000  -4.000  -4.000  -4.000  -4.000  -4.000  -4.000  -4.000  -4.000
  -3.782  -2.075  -2.514  -2.825  -2.939  -3.055  -3.134  -3.205  -3.278  -3.352  -3.699  -4.000  -4.000  -4.000  -4.000  -4.000  -4.000  -4.000  -4.000  -4.000
  -3.786  -2.072  -2.515  -2.828  -2.944  -3.061  -3.142  -3.214  -3.288  -3.364  -3.714  -4.000  -4.000  -4.000  -4.000  -4.000  -4.000  -4.000  -4.000  -4.000
  -3.903  -2.183  -2.628  -2.945  -3.062  -3.181  -3.263  -3.337  -3.412  -3.489  -3.841  -4.000  -4.000  -4.000  -4.000  -4.000  -4.000  -4.000  -4.000  -4.000
  -4.000  -2.301  -2.750  -3.069  -3.188  -3.309  -3.392  -3.467  -3.544  -3.623  -3.977  -4.000  -4.000  -4.000  -4.000  -4.000  -4.000  -4.000  -4.000  -4.000
  -4.000  -2.428  -2.881  -3.202  -3.322  -3.445  -3.530  -3.606  -3.685  -3.765  -4.000  -4.000  -4.000  -4.000  -4.000  -4.000  -4.000  -4.000  -4.000  -4.000
  -4.000  -2.564  -3.019  -3.343  -3.466  -3.590  -3.676  -3.754  -3.834  -3.915  -4.000  -4.000  -4.000  -4.000  -4.000  -4.000  -4.000  -4.000  -4.000  -4.000
  -4.000  -2.709  -3.167  -3.494  -3.618  -3.744  -3.831  -3.911  -3.992  -4.000  -4.000  -4.000  -4.000  -4.000  -4.000  -4.000  -4.000  -4.000  -4.000  -4.000
  -4.000  -2.862  -3.324  -3.653  -3.779  -3.906  -3.995  -4.000  -4.000  -4.000  -4.000  -4.000  -4.000  -4.000  -4.000  -4.000  -4.000  -4.000  -4.000  -4.000
  -4.000  -3.024  -3.489  -3.821  -3.949  -4.000  -4.000  -4.000  -4.000  -4.000  -4.000  -4.000  -4.000  -4.000  -4.000  -4.000  -4.000  -4.000  -4.000  -4.000
  -4.000  -3.196  -3.665  -3.999  -4.000  -4.000  -4.000  -4.000  -4.000  -4.000  -4.000  -4.000  -4.000  -4.000  -4.000  -4.000  -4.000  -4.000  -4.000  -4.000
  -4.000  -3.378  -3.849  -4.000  -4.000  -4.000  -4.000  -4.000  -4.000  -4.000  -4.000  -4.000  -4.000  -4.000  -4.000  -4.000  -4.000  -4.000  -4.000  -4.000
  -4.000  -3.569  -4.000  -4.000  -4.000  -4.000  -4.000  -4.000  -4.000  -4.000  -4.000  -4.000  -4.000  -4.000  -4.000  -4.000  -4.000  -4.000  -4.000  -4.000
  -4.000  -3.740  -4.000  -4.000  -4.000  -4.000  -4.000  -4.000  -4.000  -4.000  -4.000  -4.000  -4.000  -4.000  -4.000  -4.000  -4.000  -4.000  -4.000  -4.000
  -4.000  -3.902  -4.000  -4.000  -4.000  -4.000  -4.000  -4.000  -4.000  -4.000  -4.000  -4.000  -4.000  -4.000  -4.000  -4.000  -4.000  -4.000  -4.000  -4.000
  -4.000  -4.000  -4.000  -4.000  -4.000  -4.000  -4.000  -4.000  -4.000  -4.000  -4.000  -4.000  -4.000  -4.000  -4.000  -4.000  -4.000  -4.000  -4.000  -4.000
  -4.000  -4.000  -4.000  -4.000  -4.000  -4.000  -4.000  -4.000  -4.000  -4.000  -4.000  -4.000  -4.000  -4.000  -4.000  -4.000  -4.000  -4.000  -4.000  -4.000
  -4.000  -4.000  -4.000  -4.000  -4.000  -4.000  -4.000  -4.000  -4.000  -4.000  -4.000  -4.000  -4.000  -4.000  -4.000  -4.000  -4.000  -4.000  -4.000  -4.000
  -4.000  -4.000  -4.000  -4.000  -4.000  -4.000  -4.000  -4.000  -4.000  -4.000  -4.000  -4.000  -4.000  -4.000  -4.000  -4.000  -4.000  -4.000  -4.000  -4.000
  -4.000  -4.000  -4.000  -4.000  -4.000  -4.000  -4.000  -4.000  -4.000  -4.000  -4.000  -4.000  -4.000  -4.000  -4.000  -4.000  -4.000  -4.000  -4.000  -4.000
  -4.000  -4.000  -4.000  -4.000  -4.000  -4.000  -4.000  -4.000  -4.000  -4.000  -4.000  -4.000  -4.000  -4.000  -4.000  -4.000  -4.000  -4.000  -4.000  -4.000
  -4.000  -4.000  -4.000  -4.000  -4.000  -4.000  -4.000  -4.000  -4.000  -4.000  -4.000  -4.000  -4.000  -4.000  -4.000  -4.000  -4.000  -4.000  -4.000  -4.000
  -4.000  -4.000  -4.000  -4.000  -4.000  -4.000  -4.000  -4.000  -4.000  -4.000  -4.000  -4.000  -4.000  -4.000  -4.000  -4.000  -4.000  -4.000  -4.000  -4.000
  -4.000  -4.000  -4.000  -4.000  -4.000  -4.000  -4.000  -4.000  -4.000  -4.000  -4.000  -4.000  -4.000  -4.000  -4.000  -4.000  -4.000  -4.000  -4.000  -4.000
  -4.000  -4.000  -4.000  -4.000  -4.000  -4.000  -4.000  -4.000  -4.000  -4.000  -4.000  -4.000  -4.000  -4.000  -4.000  -4.000  -4.000  -4.000  -4.000  -4.000
  -4.000  -4.000  -4.000  -4.000  -4.000  -4.000  -4.000  -4.000  -4.000  -4.000  -4.000  -4.000  -4.000  -4.000  -4.000  -4.000  -4.000  -4.000  -4.000  -4.000
  -4.000  -4.000  -4.000  -4.000  -4.000  -4.000  -4.000  -4.000  -4.000  -4.000  -4.000  -4.000  -4.000  -4.000  -4.000  -4.000  -4.000  -4.000  -4.000  -4.000
  -4.000  -4.000  -4.000  -4.000  -4.000  -4.000  -4.000  -4.000  -4.000  -4.000  -4.000  -4.000  -4.000  -4.000  -4.000  -4.000  -4.000  -4.000  -4.000  -4.000
  -4.000  -4.000  -4.000  -4.000  -4.000  -4.000  -4.000  -4.000  -4.000  -4.000  -4.000  -4.000  -4.000  -4.000  -4.000  -4.000  -4.000  -4.000  -4.000  -4.000
  -4.000  -4.000  -4.000  -4.000  -4.000  -4.000  -4.000  -4.000  -4.000  -4.000  -4.000  -4.000  -4.000  -4.000  -4.000  -4.000  -4.000  -4.000  -4.000  -4.000
  -4.000  -4.000  -4.000  -4.000  -4.000  -4.000  -4.000  -4.000  -4.000  -4.000  -4.000  -4.000  -4.000  -4.000  -4.000  -4.000  -4.000  -4.000  -4.000  -4.000
  -4.000  -4.000  -4.000  -4.000  -4.000  -4.000  -4.000  -4.000  -4.000  -4.000  -4.000  -4.000  -4.000  -4.000  -4.000  -4.000  -4.000  -4.000  -4.000  -4.000
  -4.000  -4.000  -4.000  -4.000  -4.000  -4.000  -4.000  -4.000  -4.000  -4.000  -4.000  -4.000  -4.000  -4.000  -4.000  -4.000  -4.000  -4.000  -4.000  -4.000
  -4.000  -4.000  -4.000  -4.000  -4.000  -4.000  -4.000  -4.000  -4.000  -4.000  -4.000  -4.000  -4.000  -4.000  -4.000  -4.000  -4.000  -4.000  -4.000  -4.000
  -4.000  -4.000  -4.000  -4.000  -4.000  -4.000  -4.000  -4.000  -4.000  -4.000  -4.000  -4.000  -4.000  -4.000  -4.000  -4.000  -4.000  -4.000  -4.000  -4.000
  -4.000  -4.000  -4.000  -4.000  -4.000  -4.000  -4.000  -4.000  -4.000  -4.000  -4.000  -4.000  -4.000  -4.000  -4.000  -4.000  -4.000  -4.000  -4.000  -4.000
  -4.000  -4.000  -4.000  -4.000  -4.000  -4.000  -4.000  -4.000  -4.000  -4.000  -4.000  -4.000  -4.000  -4.000  -4.000  -4.000  -4.000  -4.000  -4.000  -4.000
  -4.000  -4.000  -4.000  -4.000  -4.000  -4.000  -4.000  -4.000  -4.000  -4.000  -4.000  -4.000  -4.000  -4.000  -4.000  -4.000  -4.000  -4.000  -4.000  -4.000
  -4.000  -4.000  -4.000  -4.000  -4.000  -4.000  -4.000  -4.000  -4.000  -4.000  -4.000  -4.000  -4.000  -4.000  -4.000  -4.000  -4.000  -4.000  -4.000  -4.000
  -4.000  -4.000  -4.000  -4.000  -4.000  -4.000  -4.000  -4.000  -4.000  -4.000  -4.000  -4.000  -4.000  -4.000  -4.000  -4.000  -4.000  -4.000  -4.000  -4.000
  -4.000  -4.000  -4.000  -4.000  -4.000  -4.000  -4.000  -4.000  -4.000  -4.000  -4.000  -4.000  -4.000  -4.000  -4.000  -4.000  -4.000  -4.000  -4.000  -4.000
  -4.000  -4.000  -4.000  -4.000  -4.000  -4.000  -4.000  -4.000  -4.000  -4.000  -4.000  -4.000  -4.000  -4.000  -4.000  -4.000  -4.000  -4.000  -4.000  -4.000
  -4.000  -4.000  -4.000  -4.000  -4.000  -4.000  -4.000  -4.000  -4.000  -4.000  -4.000  -4.000  -4.000  -4.000  -4.000  -4.000  -4.000  -4.000  -4.000  -4.000
  -4.000  -4.000  -4.000  -4.000  -4.000  -4.000  -4.000  -4.000  -4.000  -4.000  -4.000  -4.000  -4.000  -4.000  -4.000  -4.000  -4.000  -4.000  -4.000  -4.000
  -4.000  -4.000  -4.000  -4.000  -4.000  -4.000  -4.000  -4.000  -4.000  -4.000  -4.000  -4.000  -4.000  -4.000  -4.000  -4.000  -4.000  -4.000  -4.000  -4.000
  -4.000  -4.000  -4.000  -4.000  -4.000  -4.000  -4.000  -4.000  -4.000  -4.000  -4.000  -4.000  -4.000  -4.000  -4.000  -4.000  -4.000  -4.000  -4.000  -4.000
  -4.000  -4.000  -4.000  -4.000  -4.000  -4.000  -4.000  -4.000  -4.000  -4.000  -4.000  -4.000  -4.000  -4.000  -4.000  -4.000  -4.000  -4.000  -4.000  -4.000
  -4.000  -4.000  -4.000  -4.000  -4.000  -4.000  -4.000  -4.000  -4.000  -4.000  -4.000  -4.000  -4.000  -4.000  -4.000  -4.000  -4.000  -4.000  -4.000  -4.000
  -4.000  -4.000  -4.000  -4.000  -4.000  -4.000  -4.000  -4.000  -4.000  -4.000  -4.000  -4.000  -4.000  -4.000  -4.000  -4.000  -4.000  -4.000  -4.000  -4.000
  -4.000  -4.000  -4.000  -4.000  -4.000  -4.000  -4.000  -4.000  -4.000  -4.000  -4.000  -4.000  -4.000  -4.000  -4.000  -4.000  -4.000  -4.000  -4.000  -4.000
  -4.000  -4.000  -4.000  -4.000  -4.000  -4.000  -4.000  -4.000  -4.000  -4.000  -4.000  -4.000  -4.000  -4.000  -4.000  -4.000  -4.000  -4.000  -4.000  -4.000
  -4.000  -4.000  -4.000  -4.000  -4.000  -4.000  -4.000  -4.000  -4.000  -4.000  -4.000  -4.000  -4.000  -4.000  -4.000  -4.000  -4.000  -4.000  -4.000  -4.000
  -4.000  -4.000  -4.000  -4.000  -4.000  -4.000  -4.000  -4.000  -4.000  -4.000  -4.000  -4.000  -4.000  -4.000  -4.000  -4.000  -4.000  -4.000  -4.000  -4.000
  -4.000  -4.000  -4.000  -4.000  -4.000  -4.000  -4.000  -4.000  -4.000  -4.000  -4.000  -4.000  -4.000  -4.000  -4.000  -4.000  -4.000  -4.000  -4.000  -4.000
  -4.000  -4.000  -4.000  -4.000  -4.000  -4.000  -4.000  -4.000  -4.000  -4.000  -4.000  -4.000  -4.000  -4.000  -4.000  -4.000  -4.000  -4.000  -4.000  -4.000
  -4.000  -4.000  -4.000  -4.000  -4.000  -4.000  -4.000  -4.000  -4.000  -4.000  -4.000  -4.000  -4.000  -4.000  -4.000  -4.000  -4.000  -4.000  -4.000  -4.000
  -4.000  -4.000  -4.000  -4.000  -4.000  -4.000  -4.000  -4.000  -4.000  -4.000  -4.000  -4.000  -4.000  -4.000  -4.000  -4.000  -4.000  -4.000  -4.000  -4.000
  -4.000  -4.000  -4.000  -4.000  -4.000  -4.000  -4.000  -4.000  -4.000  -4.000  -4.000  -4.000  -4.000  -4.000  -4.000  -4.000  -4.000  -4.000  -4.000  -4.000
  -4.000  -4.000  -4.000  -4.000  -4.000  -4.000  -4.000  -4.000  -4.000  -4.000  -4.000  -4.000  -4.000  -4.000  -4.000  -4.000  -4.000  -4.000  -4.000  -4.000
  -4.000  -4.000  -4.000  -4.000  -4.000  -4.000  -4.000  -4.000  -4.000  -4.000  -4.000  -4.000  -4.000  -4.000  -4.000  -4.000  -4.000  -4.000  -4.000  -4.000
  -4.000  -4.000  -4.000  -4.000  -4.000  -4.000  -4.000  -4.000  -4.000  -4.000  -4.000  -4.000  -4.000  -4.000  -4.000  -4.000  -4.000  -4.000  -4.000  -4.000
  -4.000  -4.000  -4.000  -4.000  -4.000  -4.000  -4.000  -4.000  -4.000  -4.000  -4.000  -4.000  -4.000  -4.000  -4.000  -4.000  -4.000  -4.000  -4.000  -4.000
  -4.000  -4.000  -4.000  -4.000  -4.000  -4.000  -4.000  -4.000  -4.000  -4.000  -4.000  -4.000  -4.000  -4.000  -4.000  -4.000  -4.000  -4.000  -4.000  -4.000
  -4.000  -4.000  -4.000  -4.000  -4.000  -4.000  -4.000  -4.000  -4.000  -4.000  -4.000  -4.000  -4.000  -4.000  -4.000  -4.000  -4.000  -4.000  -4.000  -4.000
  -4.000  -4.000  -4.000  -4.000  -4.000  -4.000  -4.000  -4.000  -4.000  -4.000  -4.000  -4.000  -4.000  -4.000  -4.000  -4.000  -4.000  -4.000  -4.000  -4.000
  -4.000  -4.000  -4.000  -4.000  -4.000  -4.000  -4.000  -4.000  -4.000  -4.000  -4.000  -4.000  -4.000  -4.000  -4.000  -4.000  -4.000  -4.000  -4.000  -4.000
  -4.000  -4.000  -4.000  -4.000  -4.000  -4.000  -4.000  -4.000  -4.000  -4.000  -4.000  -4.000  -4.000  -4.000  -4.000  -4.000  -4.000  -4.000  -4.000  -4.000
  -4.000  -4.000  -4.000  -4.000  -4.000  -4.000  -4.000  -4.000  -4.000  -4.000  -4.000  -4.000  -4.000  -4.000  -4.000  -4.000  -4.000  -4.000  -4.000  -4.000
  -4.000  -4.000  -4.000  -4.000  -4.000  -4.000  -4.000  -4.000  -4.000  -4.000  -4.000  -4.000  -4.000  -4.000  -4.000  -4.000  -4.000  -4.000  -4.000  -4.000
  -4.000  -4.000  -4.000  -4.000  -4.000  -4.000  -4.000  -4.000  -4.000  -4.000  -4.000  -4.000  -4.000  -4.000  -4.000  -4.000  -4.000  -4.000  -4.000  -4.000
  -4.000  -4.000  -4.000  -4.000  -4.000  -4.000  -4.000  -4.000  -4.000  -4.000  -4.000  -4.000  -4.000  -4.000  -4.000  -4.000  -4.000  -4.000  -4.000  -4.000
  -4.000  -4.000  -4.000  -4.000  -4.000  -4.000  -4.000  -4.000  -4.000  -4.000  -4.000  -4.000  -4.000  -4.000  -4.000  -4.000  -4.000  -4.000  -4.000  -4.000
  -4.000  -4.000  -4.000  -4.000  -4.000  -4.000  -4.000  -4.000  -4.000  -4.000  -4.000  -4.000  -4.000  -4.000  -4.000  -4.000  -4.000  -4.000  -4.000  -4.000
  -4.000  -4.000  -4.000  -4.000  -4.000  -4.000  -4.000  -4.000  -4.000  -4.000  -4.000  -4.000  -4.000  -4.000  -4.000  -4.000  -4.000  -4.000  -4.000  -4.000
  -4.000  -4.000  -4.000  -4.000  -4.000  -4.000  -4.000  -4.000  -4.000  -4.000  -4.000  -4.000  -4.000  -4.000  -4.000  -4.000  -4.000  -4.000  -4.000  -4.000
  -4.000  -4.000  -4.000  -4.000  -4.000  -4.000  -4.000  -4.000  -4.000  -4.000  -4.000  -4.000  -4.000  -4.000  -4.000  -4.000  -4.000  -4.000  -4.000  -4.000
  -4.000  -4.000  -4.000  -4.000  -4.000  -4.000  -4.000  -4.000  -4.000  -4.000  -4.000  -4.000  -4.000  -4.000  -4.000  -4.000  -4.000  -4.000  -4.000  -4.000
  -4.000  -4.000  -4.000  -4.000  -4.000  -4.000  -4.000  -4.000  -4.000  -4.000  -4.000  -4.000  -4.000  -4.000  -4.000  -4.000  -4.000  -4.000  -4.000  -4.000
  -4.000  -4.000  -4.000  -4.000  -4.000  -4.000  -4.000  -4.000  -4.000  -4.000  -4.000  -4.000  -4.000  -4.000  -4.000  -4.000  -4.000  -4.000  -4.000  -4.000
  -4.000  -4.000  -4.000  -4.000  -4.000  -4.000  -4.000  -4.000  -4.000  -4.000  -4.000  -4.000  -4.000  -4.000  -4.000  -4.000  -4.000  -4.000  -4.000  -4.000
  -4.000  -4.000  -4.000  -4.000  -4.000  -4.000  -4.000  -4.000  -4.000  -4.000  -4.000  -4.000  -4.000  -4.000  -4.000  -4.000  -4.000  -4.000  -4.000  -4.000
