   0.000   0.000   0.000   0.000   0.000   0.000   0.000   0.000   0.000   0.000   0.000   0.000   0.000   0.000   0.000   0.000   0.000   0.000   0.000   0.000
   0.000   0.000   0.000   0.000   0.000   0.000   0.000   0.000   0.000   0.000   0.000   0.000   0.000   0.000   0.000   0.000   0.000   0.000   0.000   0.000
   0.000   0.000   0.000   0.000   0.000   0.000   0.000   0.000   0.000   0.000   0.000   0.000   0.000   0.000   0.000   0.000   0.000   0.000   0.000   0.000
   0.000   0.000   0.000   0.000   0.000   0.000   0.000   0.000   0.000   0.000   0.000   0.000   0.000   0.000   0.000   0.000   0.000   0.000   0.000   0.000
   0.058   0.000   0.000   0.000   0.000   0.000   0.000   0.000   0.000   0.000   0.000   0.000   0.000   0.000   0.000   0.000   0.000   0.000   0.000   0.000
   0.547   0.000   0.000   0.000   0.000   0.000   0.000   0.000   0.000   0.000   0.000   0.000   0.000   0.000   0.000   0.000   0.000   0.000   0.000   0.000
   1.048   0.000   0.000   0.000   0.000   0.000   0.000   0.000   0.000   0.000   0.000   0.000   0.000   0.000   0.000   0.000   0.000   0.000   0.000   0.000
   1.552   0.000   0.000   0.000   0.000   0.000   0.000   0.000   0.000   0.000   0.000   0.000   0.000   0.000   0.000   0.000   0.000   0.000   0.000   0.000
   2.058   0.000   0.000   0.000   0.000   0.000   0.000   0.000   0.000   0.000   0.000   0.000   0.000   0.000   0.000   0.000   0.000   0.000   0.000   0.000
   2.565   0.612   0.423   0.046   0.000   0.000   0.000   0.000   0.000   0.000   0.000   0.000   0.000   0.000   0.000   0.000   0.000   0.000   0.000   0.000
   2.517   0.740   0.551   0.174   0.000   0.000   0.000   0.000   0.000   0.000   0.000   0.000   0.000   0.000   0.000   0.000   0.000   0.000   0.000   0.000
   2.458   0.856   0.667   0.292   0.000   0.000   0.000   0.000   0.000   0.000   0.000   0.000   0.000   0.000   0.000   0.000   0.000   0.000   0.000   0.000
   2.398   0.971   0.783   0.408   0.000   0.000   0.000   0.000   0.000   0.000   0.000   0.000   0.000   0.000   0.000   0.000   0.000   0.000   0.000   0.000
   2.340   1.017   0.900   0.525   0.000   0.000   0.000   0.000   0.000   0.000   0.000   0.000   0.000   0.000   0.000   0.000   0.000   0.000   0.000   0.000
   2.283   0.959   1.018   0.644   0.000   0.000   0.000   0.000   0.000   0.000   0.000   0.000   0.000   0.000   0.000   0.000   0.000   0.000   0.000   0.000
   2.227   0.901   1.172   0.766   0.114   0.000   0.000   0.000   0.000   0.000   0.000   0.000   0.000   0.000   0.000   0.000   0.000   0.000   0.000   0.000
   2.085   0.757   1.029   0.800   0.149   0.000   0.000   0.000   0.000   0.000   0.000   0.000   0.000   0.000   0.000   0.000   0.000   0.000   0.000   0.000
   1.942   0.612   0.885   0.834   0.184   0.000   0.000   0.000   0.000   0.000   0.000   0.000   0.000   0.000   0.000   0.000   0.000   0.000   0.000   0.000
   1.793   0.461   0.735   0.912   0.212   0.000   0.000   0.000   0.000   0.000   0.000   0.000   0.000   0.000   0.000   0.000   0.000   0.000   0.000   0.000
   1.645   0.311   0.586   0.764   0.242   0.000   0.000   0.000   0.000   0.000   0.000   0.000   0.000   0.000   0.000   0.000   0.000   0.000   0.000   0.000
   1.500   0.163   0.439   0.618   0.274   0.000   0.000   0.000   0.000   0.000   0.000   0.000   0.000   0.000   0.000   0.000   0.000   0.000   0.000   0.000
   1.355   0.017   0.294   0.473   0.308   0.000   0.000   0.000   0.000   0.000   0.000   0.000   0.000   0.000   0.000   0.000   0.000   0.000   0.000   0.000
   1.213   0.000   0.150   0.331   0.363   0.000   0.000   0.000   0.000   0.000   0.000   0.000   0.000   0.000   0.000   0.000   0.000   0.000   0.000   0.000
   1.073   0.000   0.008   0.190   0.222   0.000   0.000   0.000   0.000   0.000   0.000   0.000   0.000   0.000   0.000   0.000   0.000   0.000   0.000   0.000
   0.934   0.000   0.000   0.051   0.084   0.000   0.000   0.000   0.000   0.000   0.000   0.000   0.000   0.000   0.000   0.000   0.000   0.000   0.000   0.000
   0.797   0.000   0.000   0.000   0.000   0.000   0.000   0.000   0.000   0.000   0.000   0.000   0.000   0.000   0.000   0.000   0.000   0.000   0.000   0.000
   0.663   0.000   0.000   0.000   0.000   0.000   0.000   0.000   0.000   0.000   0.000   0.000   0.000   0.000   0.000   0.000   0.000   0.000   0.000   0.000
   0.530   0.000   0.000   0.000   0.000   0.000   0.000   0.000   0.000   0.000   0.000   0.000   0.000   0.000   0.000   0.000   0.000   0.000   0.000   0.000
   0.399   0.000   0.000   0.000   0.000   0.000   0.000   0.000   0.000   0.000   0.000   0.000   0.000   0.000   0.000   0.000   0.000   0.000   0.000   0.000
   0.270   0.000   0.000   0.000   0.000   0.000   0.000   0.000   0.000   0.000   0.000   0.000   0.000   0.000   0.000   0.000   0.000   0.000   0.000   0.000
   0.143   0.000   0.000   0.000   0.000   0.000   0.000   0.000   0.000   0.000   0.000   0.000   0.000   0.000   0.000   0.000   0.000   0.000   0.000   0.000
   0.052   0.000   0.000   0.000   0.000   0.000   0.000   0.000   0.000   0.000   0.000   0.000   0.000   0.000   0.000   0.000   0.000   0.000   0.000   0.000
   0.000   0.000   0.000   0.000   0.000   0.000   0.000   0.000   0.000   0.000   0.000   0.000   0.000   0.000   0.000   0.000   0.000   0.000   0.000   0.000
   0.000   0.000   0.000   0.000   0.000   0.000   0.000   0.000   0.000   0.000   0.000   0.000   0.000   0.000   0.000   0.000   0.000   0.000   0.000   0.000
   0.000   0.000   0.000   0.000   0.000   0.000   0.000   0.000   0.000   0.000   0.000   0.000   0.000   0.000   0.000   0.000   0.000   0.000   0.000   0.000
   0.000   0.000   0.000   0.000   0.000   0.000   0.000   0.000   0.000   0.000   0.000   0.000   0.000   0.000   0.000   0.000   0.000   0.000   0.000   0.000
   0.000   0.000   0.000   0.000   0.000   0.000   0.000   0.000   0.000   0.000   0.000   0.000   0.000   0.000   0.000   0.000   0.000   0.000   0.000   0.000
   0.000   0.000   0.000   0.000   0.000   0.000   0.000   0.000   0.000   0.000   0.000   0.000   0.000   0.000   0.000   0.000   0.000   0.000   0.000   0.000
   0.000   0.000   0.000   0.000   0.000   0.000   0.000   0.000   0.000   0.000   0.000   0.000   0.000   0.000   0.000   0.000   0.000   0.000   0.000   0.000
   0.000   0.000   0.000   0.000   0.000   0.000   0.000   0.000   0.000   0.000   0.000   0.000   0.000   0.000   0.000   0.000   0.000   0.000   0.000   0.000
   0.000   0.000   0.000   0.000   0.000   0.000   0.000   0.000   0.000   0.000   0.000   0.000   0.000   0.000   0.000   0.000   0.000   0.000   0.000   0.000
   0.000   0.000   0.000   0.000   0.000   0.000   0.000   0.000   0.000   0.000   0.000   0.000   0.000   0.000   0.000   0.000   0.000   0.000   0.000   0.000
   0.000   0.000   0.000   0.000   0.000   0.000   0.000   0.000   0.000   0.000   0.000   0.000   0.000   0.000   0.000   0.000   0.000   0.000   0.000   0.000
   0.000   0.000   0.000   0.000   0.000   0.000   0.000   0.000   0.000   0.000   0.000   0.000   0.000   0.000   0.000   0.000   0.000   0.000   0.000   0.000
   0.000   0.000   0.000   0.000   0.000   0.000   0.000   0.000   0.000   0.000   0.000   0.000   0.000   0.000   0.000   0.000   0.000   0.000   0.000   0.000
   0.000   0.000   0.000   0.000   0.000   0.000   0.000   0.000   0.000   0.000   0.000   0.000   0.000   0.000   0.000   0.000   0.000   0.000   0.000   0.000
   0.000   0.000   0.000   0.000   0.000   0.000   0.000   0.000   0.000   0.000   0.000   0.000   0.000   0.000   0.000   0.000   0.000   0.000   0.000   0.000
   0.000   0.000   0.000   0.000   0.000   0.000   0.000   0.000   0.000   0.000   0.000   0.000   0.000   0.000   0.000   0.000   0.000   0.000   0.000   0.000
   0.000   0.000   0.000   0.000   0.000   0.000   0.000   0.000   0.000   0.000   0.000   0.000   0.000   0.000   0.000   0.000   0.000   0.000   0.000   0.000
   0.000   0.000   0.000   0.000   0.000   0.000   0.000   0.000   0.000   0.000   0.000   0.000   0.000   0.000   0.000   0.000   0.000   0.000   0.000   0.000
   0.000   0.000   0.000   0.000   0.000   0.000   0.000   0.000   0.000   0.000   0.000   0.000   0.000   0.000   0.000   0.000   0.000   0.000   0.000   0.000
   0.000   0.000   0.000   0.000   0.000   0.000   0.000   0.000   0.000   0.000   0.000   0.000   0.000   0.000   0.000   0.000   0.000   0.000   0.000   0.000
   0.000   0.000   0.000   0.000   0.000   0.000   0.000   0.000   0.000   0.000   0.000   0.000   0.000   0.000   0.000   0.000   0.000   0.000   0.000   0.000
   0.000   0.000   0.000   0.000   0.000   0.000   0.000   0.000   0.000   0.000   0.000   0.000   0.000   0.000   0.000   0.000   0.000   0.000   0.000   0.000
   0.000   0.000   0.000   0.000   0.000   0.000   0.000   0.000   0.000   0.000   0.000   0.000   0.000   0.000   0.000   0.000   0.000   0.000   0.000   0.000
   0.000   0.000   0.000   0.000   0.000   0.000   0.000   0.000   0.000   0.000   0.000   0.000   0.000   0.000   0.000   0.000   0.000   0.000   0.000   0.000
   0.000   0.000   0.000   0.000   0.000   0.000   0.000   0.000   0.000   0.000   0.000   0.000   0.000   0.000   0.000   0.000   0.000   0.000   0.000   0.000
   0.000   0.000   0.000   0.000   0.000   0.000   0.000   0.000   0.000   0.000   0.000   0.000   0.000   0.000   0.000   0.000   0.000   0.000   0.000   0.000
   0.000   0.000   0.000   0.000   0.000   0.000   0.000   0.000   0.000   0.000   0.000   0.000   0.000   0.000   0.000   0.000   0.000   0.000   0.000   0.000
   0.000   0.000   0.000   0.000   0.000   0.000   0.000   0.000   0.000   0.000   0.000   0.000   0.000   0.000   0.000   0.000   0.000   0.000   0.000   0.000
   0.000   0.000   0.000   0.000   0.000   0.000   0.000   0.000   0.000   0.000   0.000   0.000   0.000   0.000   0.000   0.000   0.000   0.000   0.000   0.000
   0.000   0.000   0.000   0.000   0.000   0.000   0.000   0.000   0.000   0.000   0.000   0.000   0.000   0.000   0.000   0.000   0.000   0.000   0.000   0.000
   0.000   0.000   0.000   0.000   0.000   0.000   0.000   0.000   0.000   0.000   0.000   0.000   0.000   0.000   0.000   0.000   0.000   0.000   0.000   0.000
   0.000   0.000   0.000   0.000   0.000   0.000   0.000   0.000   0.000   0.000   0.000   0.000   0.000   0.000   0.000   0.000   0.000   0.000   0.000   0.000
   0.000   0.000   0.000   0.000   0.000   0.000   0.000   0.000   0.000   0.000   0.000   0.000   0.000   0.000   0.000   0.000   0.105   0.210   0.306   0.402
   0.000   0.000   0.000   0.000   0.000   0.000   0.000   0.000   0.000   0.000   0.000   0.000   0.000   0.102   0.357   0.614   0.721   0.826   0.923   1.019
   0.374   0.000   0.000   0.000   0.000   0.000   0.000   0.000   0.000   0.000   0.000   0.243   0.496   0.750   1.006   1.264   1.372   1.478   1.575   1.672
   1.015   0.000   0.000   0.101   0.166   0.232   0.269   0.299   0.331   0.363   0.636   0.892   1.145   1.401   1.659   1.919   2.027   2.134   2.232   2.329
   1.415   0.000   0.265   0.500   0.566   0.633   0.671   0.702   0.734   0.767   1.042   1.299   1.554   1.811   2.070   2.332   2.441   2.548   2.647   2.745
   1.450   0.000   0.298   0.535   0.602   0.670   0.708   0.740   0.773   0.808   1.084   1.343   1.599   1.858   2.118   2.382   2.491   2.599   2.698   2.797
   1.490   0.000   0.336   0.573   0.641   0.711   0.750   0.783   0.817   0.852   1.130   1.390   1.648   1.908   2.171   2.435   2.546   2.654   2.754   2.853
   1.534   0.026   0.377   0.616   0.685   0.756   0.796   0.830   0.864   0.901   1.180   1.442   1.701   1.963   2.227   2.493   2.604   2.713   2.814   2.913
   1.582   0.069   0.422   0.663   0.733   0.805   0.846   0.880   0.916   0.953   1.234   1.498   1.759   2.022   2.288   2.555   2.667   2.777   2.878   2.978
   1.634   0.116   0.471   0.714   0.785   0.858   0.900   0.935   0.972   1.010   1.292   1.558   1.821   2.085   2.353   2.622   2.735   2.845   2.946   3.047
   1.690   0.167   0.524   0.769   0.841   0.915   0.958   0.994   1.032   1.071   1.355   1.622   1.887   2.153   2.422   2.693   2.806   2.917   3.019   3.121
   1.751   0.223   0.582   0.828   0.902   0.977   1.021   1.058   1.097   1.137   1.423   1.691   1.957   2.225   2.496   2.769   2.882   2.994   3.097   3.199
   1.803   0.270   0.631   0.880   0.954   1.030   1.075   1.113   1.153   1.194   1.482   1.752   2.020   2.290   2.562   2.836   2.951   3.063   3.166   3.269
   1.724   0.186   0.549   0.800   0.875   0.953   0.999   1.038   1.078   1.120   1.410   1.682   1.951   2.223   2.497   2.773   2.888   3.001   3.105   3.208
   1.650   0.106   0.472   0.724   0.801   0.880   0.927   0.967   1.008   1.051   1.343   1.616   1.887   2.161   2.436   2.714   2.830   2.944   3.048   3.152
   1.581   0.031   0.399   0.653   0.731   0.811   0.859   0.900   0.943   0.987   1.280   1.556   1.828   2.104   2.381   2.660   2.777   2.891   2.997   3.101
   1.516   0.000   0.331   0.587   0.667   0.748   0.797   0.839   0.882   0.927   1.223   1.500   1.774   2.051   2.330   2.612   2.729   2.844   2.950   3.055
   1.456   0.000   0.268   0.526   0.607   0.689   0.739   0.782   0.827   0.873   1.170   1.449   1.725   2.004   2.285   2.568   2.686   2.802   2.908   3.014
   1.401   0.000   0.210   0.470   0.552   0.635   0.686   0.731   0.776   0.823   1.122   1.403   1.681   1.962   2.244   2.529   2.648   2.765   2.872   2.979
   1.341   0.000   0.147   0.409   0.492   0.577   0.629   0.674   0.721   0.769   1.070   1.353   1.633   1.915   2.200   2.487   2.606   2.723   2.831   2.939
   1.249   0.000   0.052   0.316   0.400   0.486   0.539   0.586   0.633   0.683   0.986   1.270   1.552   1.836   2.123   2.411   2.532   2.650   2.758   2.866
   1.162   0.000   0.000   0.227   0.313   0.400   0.455   0.502   0.551   0.601   0.907   1.193   1.477   1.763   2.051   2.342   2.463   2.581   2.691   2.799
   1.080   0.000   0.000   0.144   0.231   0.320   0.376   0.424   0.474   0.526   0.833   1.121   1.407   1.695   1.985   2.277   2.399   2.519   2.629   2.738
   1.004   0.000   0.000   0.067   0.155   0.245   0.302   0.352   0.403   0.455   0.765   1.055   1.342   1.632   1.924   2.219   2.341   2.462   2.572   2.682
   0.933   0.000   0.000   0.000   0.085   0.176   0.234   0.285   0.337   0.391   0.702   0.994   1.284   1.575   1.869   2.166   2.289   2.410   2.522   2.633
   0.868   0.000   0.000   0.000   0.020   0.112   0.172   0.224   0.277   0.332   0.645   0.940   1.231   1.525   1.820   2.119   2.243   2.365   2.477   2.589
   0.809   0.000   0.000   0.000   0.000   0.055   0.115   0.168   0.223   0.279   0.595   0.891   1.184   1.480   1.778   2.078   2.203   2.326   2.439   2.551
   0.749   0.000   0.000   0.000   0.000   0.000   0.058   0.112   0.168   0.225   0.543   0.841   1.137   1.434   1.734   2.037   2.163   2.286   2.399   2.512
   0.669   0.000   0.000   0.000   0.000   0.000   0.000   0.036   0.093   0.152   0.471   0.772   1.069   1.369   1.670   1.975   2.102   2.226   2.340   2.454
   0.594   0.000   0.000   0.000   0.000   0.000   0.000   0.000   0.024   0.084   0.406   0.708   1.008   1.309   1.613   1.920   2.047   2.172   2.287   2.402
   0.526   0.000   0.000   0.000   0.000   0.000   0.000   0.000   0.000   0.023   0.347   0.651   0.953   1.256   1.562   1.871   1.999   2.125   2.241   2.356
   0.465   0.000   0.000   0.000   0.000   0.000   0.000   0.000   0.000   0.000   0.294   0.601   0.904   1.210   1.518   1.828   1.958   2.084   2.201   2.317
   0.410   0.000   0.000   0.000   0.000   0.000   0.000   0.000   0.000   0.000   0.249   0.557   0.863   1.170   1.481   1.793   1.923   2.051   2.168   2.284
   0.362   0.000   0.000   0.000   0.000   0.000   0.000   0.000   0.000   0.000   0.210   0.520   0.828   1.138   1.450   1.764   1.895   2.024   2.141   2.259
   0.320   0.000   0.000   0.000   0.000   0.000   0.000   0.000   0.000   0.000   0.178   0.490   0.800   1.112   1.426   1.743   1.875   2.004   2.122   2.240
   0.285   0.000   0.000   0.000   0.000   0.000   0.000   0.000   0.000   0.000   0.153   0.468   0.779   1.093   1.410   1.728   1.861   1.991   2.110   2.229
   0.258   0.000   0.000   0.000   0.000   0.000   0.000   0.000   0.000   0.000   0.135   0.452   0.766   1.082   1.400   1.721   1.855   1.985   2.105   2.225
   0.122   0.000   0.000   0.000   0.000   0.000   0.000   0.000   0.000   0.000   0.008   0.328   0.644   0.962   1.282   1.605   1.740   1.871   1.992   2.112
   0.000   0.000   0.000   0.000   0.000   0.000   0.000   0.000   0.000   0.000   0.000   0.211   0.529   0.849   1.172   1.497   1.632   1.764   1.886   2.007
   0.000   0.000   0.000   0.000   0.000   0.000   0.000   0.000   0.000   0.000   0.000   0.102   0.422   0.745   1.069   1.396   1.532   1.665   1.788   1.910
   0.000   0.000   0.000   0.000   0.000   0.000   0.000   0.000   0.000   0.000   0.000   0.025   0.347   0.672   0.998   1.328   1.464   1.598   1.722   1.844
   0.000   0.000   0.000   0.000   0.000   0.000   0.000   0.000   0.000   0.000   0.000   0.042   0.366   0.693   1.022   1.353   1.490   1.625   1.749   1.872
   0.000   0.000   0.000   0.000   0.000   0.000   0.000   0.000   0.000   0.000   0.000   0.172   0.498   0.827   1.157   1.491   1.629   1.765   1.889   2.014
   0.029   0.000   0.000   0.000   0.000   0.000   0.000   0.000   0.000   0.000   0.000   0.310   0.638   0.969   1.302   1.637   1.776   1.913   2.038   2.163
   0.162   0.000   0.000   0.000   0.000   0.000   0.000   0.000   0.000   0.000   0.121   0.456   0.787   1.119   1.454   1.792   1.932   2.069   2.195   2.321
   0.304   0.000   0.000   0.000   0.000   0.000   0.000   0.000   0.000   0.000   0.274   0.611   0.944   1.279   1.616   1.955   2.096   2.234   2.361   2.487
   0.455   0.000   0.000   0.000   0.000   0.000   0.000   0.000   0.000   0.075   0.436   0.775   1.110   1.447   1.786   2.127   2.269   2.408   2.535   2.662
   0.615   0.000   0.000   0.000   0.000   0.000   0.000   0.076   0.159   0.243   0.607   0.948   1.285   1.624   1.965   2.308   2.451   2.590   2.718   2.846
   0.784   0.000   0.000   0.000   0.000   0.078   0.169   0.251   0.335   0.421   0.787   1.130   1.469   1.810   2.153   2.498   2.642   2.782   2.911   3.039
   0.962   0.000   0.000   0.000   0.128   0.259   0.351   0.435   0.521   0.608   0.976   1.321   1.662   2.005   2.350   2.697   2.841   2.982   3.112   3.241
   1.149   0.000   0.000   0.186   0.317   0.450   0.543   0.629   0.716   0.804   1.175   1.522   1.865   2.210   2.557   2.906   3.051   3.192   3.323   3.452
   1.346   0.000   0.043   0.383   0.515   0.650   0.745   0.832   0.920   1.010   1.383   1.732   2.077   2.424   2.773   3.124   3.270   3.412   3.543   3.673
   1.523   0.000   0.218   0.560   0.694   0.831   0.927   1.016   1.105   1.197   1.572   1.923   2.270   2.619   2.969   3.322   3.468   3.611   3.743   3.874
   1.691   0.000   0.383   0.728   0.863   1.001   1.100   1.189   1.281   1.374   1.751   2.104   2.453   2.803   3.156   3.510   3.657   3.801   3.933   4.065
   1.868   0.074   0.558   0.905   1.043   1.183   1.282   1.373   1.466   1.560   1.940   2.295   2.646   2.998   3.352   3.708   3.856   4.001   4.133   4.266
   2.056   0.257   0.744   1.093   1.233   1.374   1.475   1.568   1.662   1.758   2.139   2.496   2.849   3.203   3.559   3.917   4.065   4.210   4.344   4.476
   2.254   0.450   0.940   1.292   1.433   1.576   1.679   1.773   1.868   1.966   2.349   2.708   3.062   3.418   3.776   4.135   4.284   4.430   4.564   4.697
   2.140   0.332   0.824   1.179   1.322   1.467   1.571   1.666   1.763   1.862   2.247   2.608   2.964   3.321   3.681   4.042   4.191   4.338   4.472   4.606
   2.582   0.769   1.265   1.622   1.766   1.913   2.018   2.115   2.214   2.314   2.701   3.064   3.421   3.780   4.141   4.504   4.654   4.801   4.936   5.070
   3.043   1.226   1.724   2.083   2.230   2.378   2.485   2.583   2.683   2.784   3.174   3.538   3.897   4.258   4.620   4.984   5.135   5.282   5.418   5.553
   3.515   1.693   2.195   2.556   2.704   2.854   2.962   3.062   3.163   3.266   3.657   4.023   4.384   4.746   5.110   5.475   5.626   5.774   5.910   6.046
   3.998   2.173   2.677   3.041   3.190   3.342   3.452   3.553   3.655   3.760   4.152   4.520   4.882   5.245   5.611   5.977   6.129   6.278   6.414   6.550
   4.493   2.665   3.171   3.537   3.688   3.841   3.953   4.055   4.159   4.265   4.659   5.028   5.391   5.756   6.123   6.491   6.643   6.792   6.929   7.065
   4.999   3.168   3.677   4.045   4.198   4.352   4.465   4.569   4.674   4.781   5.177   5.548   5.913   6.279   6.647   7.016   7.169   7.318   7.455   7.592
   5.518   3.684   4.196   4.566   4.720   4.876   4.990   5.095   5.202   5.310   5.708   6.080   6.446   6.813   7.182   7.552   7.706   7.855   7.993   8.130
   5.690   3.854   4.368   4.740   4.896   5.053   5.169   5.275   5.383   5.493   5.892   6.265   6.632   7.001   7.371   7.742   7.896   8.046   8.184   8.321
   5.635   3.798   4.314   4.688   4.845   5.004   5.121   5.228   5.338   5.449   5.849   6.223   6.592   6.962   7.332   7.705   7.859   8.009   8.148   8.285
   5.593   3.754   4.273   4.648   4.807   4.967   5.086   5.195   5.305   5.417   5.819   6.194   6.564   6.935   7.306   7.680   7.834   7.985   8.123   8.261
   5.564   3.724   4.244   4.622   4.782   4.944   5.063   5.173   5.285   5.399   5.802   6.178   6.548   6.920   7.293   7.667   7.821   7.973   8.111   8.249
   5.548   3.707   4.229   4.609   4.770   4.933   5.054   5.165   5.278   5.393   5.797   6.174   6.546   6.918   7.292   7.666   7.821   7.973   8.112   8.250
   5.545   3.704   4.228   4.609   4.771   4.936   5.058   5.171   5.285   5.401   5.806   6.184   6.556   6.929   7.303   7.679   7.834   7.986   8.125   8.263
   5.555   3.714   4.240   4.622   4.786   4.952   5.075   5.189   5.305   5.422   5.828   6.207   6.579   6.953   7.328   7.704   7.859   8.011   8.151   8.289
   5.509   3.668   4.196   4.579   4.745   4.912   5.036   5.151   5.268   5.386   5.793   6.172   6.546   6.920   7.295   7.672   7.827   7.979   8.119   8.257
   5.458   3.619   4.148   4.533   4.699   4.868   4.993   5.109   5.227   5.346   5.754   6.134   6.508   6.883   7.258   7.635   7.791   7.943   8.083   8.221
   5.422   3.584   4.115   4.500   4.668   4.838   4.964   5.082   5.200   5.321   5.729   6.109   6.484   6.859   7.235   7.612   7.768   7.920   8.060   8.199
   5.400   3.565   4.096   4.483   4.652   4.822   4.950   5.068   5.188   5.310   5.718   6.099   6.474   6.850   7.226   7.603   7.759   7.911   8.051   8.190
   5.393   3.560   4.092   4.480   4.650   4.822   4.951   5.070   5.191   5.313   5.722   6.103   6.478   6.854   7.231   7.608   7.764   7.916   8.056   8.195
   5.234   3.404   3.937   4.326   4.497   4.670   4.799   4.920   5.042   5.165   5.574   5.956   6.331   6.707   7.083   7.461   7.617   7.769   7.909   8.048
   5.090   3.264   3.797   4.187   4.359   4.533   4.664   4.785   4.908   5.032   5.442   5.823   6.198   6.575   6.951   7.328   7.484   7.636   7.776   7.915
   5.319   3.496   4.031   4.421   4.594   4.769   4.901   5.023   5.147   5.272   5.681   6.063   6.438   6.814   7.191   7.568   7.723   7.876   8.015   8.154
   5.800   3.982   4.516   4.907   5.081   5.257   5.390   5.513   5.637   5.764   6.173   6.555   6.930   7.306   7.682   8.059   8.214   8.366   8.506   8.644
   6.289   4.476   5.011   5.402   5.577   5.754   5.887   6.011   6.137   6.264   6.673   7.055   7.430   7.805   8.181   8.558   8.713   8.865   9.005   9.143
   6.795   4.987   5.522   5.914   6.090   6.267   6.402   6.527   6.653   6.781   7.190   7.571   7.946   8.321   8.697   9.073   9.228   9.380   9.519   9.657
   7.318   5.516   6.051   6.443   6.620   6.798   6.933   7.059   7.186   7.315   7.723   8.104   8.479   8.854   9.229   9.605   9.760   9.911  10.050  10.188
   7.858   6.063   6.598   6.990   7.167   7.346   7.482   7.608   7.736   7.866   8.274   8.655   9.029   9.403   9.778  10.153  10.308  10.459  10.598  10.735
   8.416   6.627   7.162   7.554   7.732   7.911   8.048   8.175   8.304   8.434   8.842   9.222   9.596   9.969  10.344  10.718  10.873  11.024  11.162  11.300
   8.992   7.210   7.744   8.137   8.315   8.495   8.633   8.761   8.890   9.021   9.429   9.808  10.181  10.554  10.927  11.301  11.455  11.606  11.744  11.882
   9.605   7.831   8.364   8.756   8.936   9.116   9.255   9.383   9.513   9.645  10.052  10.430  10.802  11.175  11.548  11.921  12.075  12.225  12.363  12.500
  10.236   8.471   9.004   9.396   9.575   9.757   9.896  10.025  10.156  10.288  10.694  11.072  11.443  11.815  12.187  12.559  12.712  12.862  13.000  13.136
  10.888   9.131   9.663  10.054  10.235  10.417  10.556  10.686  10.818  10.951  11.356  11.733  12.103  12.474  12.845  13.216  13.369  13.519  13.656  13.792
  11.443   9.695  10.226  10.617  10.798  10.980  11.120  11.251  11.383  11.517  11.921  12.297  12.666  13.036  13.406  13.777  13.929  14.078  14.215  14.351
  11.872  10.133  10.664  11.054  11.235  11.418  11.559  11.690  11.823  11.957  12.360  12.735  13.104  13.473  13.842  14.211  14.363  14.512  14.648  14.784
  12.147  10.418  10.947  11.337  11.519  11.702  11.843  11.975  12.108  12.243  12.645  13.019  13.386  13.754  14.122  14.490  14.642  14.790  14.926  15.061
  12.444  10.725  11.253  11.642  11.824  12.008  12.150  12.282  12.416  12.551  12.952  13.325  13.691  14.058  14.424  14.791  14.943  15.090  15.226  15.360
  12.764  11.056  11.582  11.971  12.153  12.337  12.479  12.612  12.747  12.882  13.282  13.654  14.019  14.384  14.750  15.115  15.266  15.413  15.548  15.682
  13.108  11.411  11.935  12.323  12.506  12.690  12.833  12.966  13.101  13.237  13.636  14.006  14.370  14.734  15.098  15.463  15.613  15.759  15.894  16.028
  14.478  12.792  13.315  13.702  13.885  14.070  14.213  14.347  14.482  14.619  15.016  15.385  15.747  16.110  16.473  16.836  16.986  17.132  17.266  17.399
  17.074  15.400  15.922  16.307  16.491  16.676  16.819  16.954  17.090  17.227  17.622  17.990  18.351  18.712  19.073  19.435  19.584  19.729  19.863  19.995
  19.697  18.036  18.555  18.940  19.123  19.308  19.453  19.588  19.724  19.861  20.255  20.621  20.981  21.341  21.701  22.061  22.209  22.354  22.487  22.619
  22.348  20.699  21.216  21.600  21.784  21.969  22.114  22.249  22.386  22.524  22.916  23.281  23.639  23.997  24.355  24.714  24.862  25.006  25.138  25.269
  23.276  21.640  22.155  22.538  22.722  22.907  23.052  23.188  23.325  23.463  23.853  24.217  24.573  24.930  25.287  25.644  25.791  25.934  26.066  26.196
  24.234  22.611  23.124  23.506  23.690  23.875  24.021  24.157  24.294  24.433  24.822  25.183  25.538  25.893  26.248  26.603  26.750  26.892  27.023  27.154
  25.224  23.615  24.126  24.506  24.690  24.876  25.021  25.158  25.296  25.435  25.822  26.181  26.535  26.888  27.241  27.595  27.740  27.882  28.013  28.142
  26.240  24.645  25.153  25.532  25.716  25.902  26.048  26.185  26.323  26.463  26.847  27.205  27.557  27.909  28.260  28.612  28.757  28.898  29.028  29.156
  27.261  25.680  26.186  26.563  26.747  26.933  27.080  27.217  27.355  27.495  27.878  28.234  28.584  28.933  29.283  29.633  29.777  29.918  30.047  30.175
  28.318  26.753  27.256  27.631  27.816  28.002  28.148  28.286  28.425  28.565  28.946  29.300  29.648  29.996  30.343  30.691  30.834  30.974  31.102  31.230
  29.406  27.855  28.356  28.730  28.914  29.100  29.247  29.385  29.525  29.665  30.044  30.396  30.742  31.087  31.433  31.779  31.921  32.060  32.188  32.314
  30.168  28.633  29.131  29.503  29.688  29.874  30.021  30.159  30.299  30.440  30.816  31.166  31.510  31.854  32.197  32.541  32.683  32.821  32.948  33.073
  30.107  28.589  29.083  29.454  29.639  29.825  29.972  30.111  30.251  30.392  30.766  31.114  31.455  31.797  32.138  32.480  32.621  32.758  32.884  33.009
  29.927  28.424  28.916  29.285  29.469  29.655  29.803  29.942  30.082  30.224  30.595  30.941  31.280  31.620  31.959  32.299  32.438  32.575  32.700  32.824
  29.795  28.310  28.798  29.165  29.350  29.536  29.684  29.823  29.963  30.105  30.474  30.818  31.155  31.492  31.829  32.166  32.305  32.440  32.565  32.688
  30.654  29.186  29.671  30.036  30.221  30.407  30.555  30.694  30.835  30.977  31.343  31.685  32.019  32.354  32.689  33.024  33.161  33.296  33.419  33.542
  32.194  30.744  31.226  31.589  31.773  31.959  32.107  32.247  32.388  32.530  32.894  33.233  33.565  33.897  34.230  34.562  34.699  34.832  34.955  35.076
  33.768  32.337  32.815  33.176  33.360  33.545  33.694  33.834  33.975  34.118  34.479  34.815  35.145  35.474  35.804  36.134  36.270  36.402  36.523  36.644
  35.407  33.995  34.470  34.828  35.012  35.197  35.346  35.486  35.628  35.770  36.128  36.462  36.789  37.116  37.443  37.770  37.905  38.036  38.157  38.276
  37.109  35.717  36.188  36.543  36.727  36.912  37.061  37.202  37.343  37.486  37.841  38.172  38.496  38.821  39.145  39.470  39.603  39.733  39.852  39.971
  38.858  37.487  37.953  38.307  38.490  38.675  38.824  38.965  39.107  39.250  39.602  39.929  40.251  40.573  40.894  41.216  41.348  41.477  41.595  41.713
  39.607  38.257  38.719  39.070  39.253  39.438  39.587  39.728  39.870  40.013  40.362  40.686  41.005  41.323  41.642  41.960  42.091  42.219  42.336  42.453
  40.430  39.102  39.560  39.908  40.091  40.275  40.424  40.565  40.707  40.850  41.196  41.517  41.833  42.148  42.463  42.779  42.908  43.035  43.151  43.266
  44.315  43.009  43.463  43.808  43.991  44.174  44.323  44.465  44.607  44.750  45.092  45.410  45.722  46.034  46.346  46.658  46.786  46.912  47.026  47.140
